

================================================================
== Vitis HLS Report for 'dense_latency_ap_ufixed_8_1_4_0_0_ap_fixed_16_4_5_3_0_config11_s'
================================================================
* Date:           Fri Jul 21 02:48:14 2023

* Version:        2021.1 (Build 3247384 on Thu Jun 10 19:36:07 MDT 2021)
* Project:        myproject_prj
* Solution:       solution1 (Vivado IP Flow Target)
* Product family: zynq
* Target device:  xc7z007s-clg225-2


================================================================
== Performance Estimates
================================================================
+ Timing: 
    * Summary: 
    +--------+---------+----------+------------+
    |  Clock |  Target | Estimated| Uncertainty|
    +--------+---------+----------+------------+
    |ap_clk  |  5.00 ns|  4.333 ns|     0.62 ns|
    +--------+---------+----------+------------+

+ Latency: 
    * Summary: 
    +---------+---------+----------+----------+-----+-----+---------+
    |  Latency (cycles) |  Latency (absolute) |  Interval | Pipeline|
    |   min   |   max   |    min   |    max   | min | max |   Type  |
    +---------+---------+----------+----------+-----+-----+---------+
    |       25|       25|  0.125 us|  0.125 us|   26|   26|      yes|
    +---------+---------+----------+----------+-----+-----+---------+

    + Detail: 
        * Instance: 
        N/A

        * Loop: 
        N/A



================================================================
== Utilization Estimates
================================================================
* Summary: 
+-----------------+---------+----+-------+-------+-----+
|       Name      | BRAM_18K| DSP|   FF  |  LUT  | URAM|
+-----------------+---------+----+-------+-------+-----+
|DSP              |        -|   -|      -|      -|    -|
|Expression       |        -|   -|      0|   6991|    -|
|FIFO             |        -|   -|      -|      -|    -|
|Instance         |        -|   4|      0|      0|    -|
|Memory           |        -|   -|      -|      -|    -|
|Multiplexer      |        -|   -|      -|    735|    -|
|Register         |        -|   -|   5386|      -|    -|
+-----------------+---------+----+-------+-------+-----+
|Total            |        0|   4|   5386|   7726|    0|
+-----------------+---------+----+-------+-------+-----+
|Available        |      100|  66|  28800|  14400|    0|
+-----------------+---------+----+-------+-------+-----+
|Utilization (%)  |        0|   6|     18|     53|    0|
+-----------------+---------+----+-------+-------+-----+

+ Detail: 
    * Instance: 
    +------------------------+-------------------+---------+----+---+----+-----+
    |        Instance        |       Module      | BRAM_18K| DSP| FF| LUT| URAM|
    +------------------------+-------------------+---------+----+---+----+-----+
    |mul_8ns_7s_14_1_1_U272  |mul_8ns_7s_14_1_1  |        0|   1|  0|   0|    0|
    |mul_8ns_7s_14_1_1_U274  |mul_8ns_7s_14_1_1  |        0|   1|  0|   0|    0|
    |mul_8ns_7s_15_1_1_U271  |mul_8ns_7s_15_1_1  |        0|   1|  0|   0|    0|
    |mul_8ns_7s_15_1_1_U273  |mul_8ns_7s_15_1_1  |        0|   1|  0|   0|    0|
    +------------------------+-------------------+---------+----+---+----+-----+
    |Total                   |                   |        0|   4|  0|   0|    0|
    +------------------------+-------------------+---------+----+---+----+-----+

    * DSP: 
    N/A

    * Memory: 
    N/A

    * FIFO: 
    N/A

    * Expression: 
    +----------------------------+----------+----+---+----+------------+------------+
    |        Variable Name       | Operation| DSP| FF| LUT| Bitwidth P0| Bitwidth P1|
    +----------------------------+----------+----+---+----+------------+------------+
    |add_ln712_2735_fu_1524_p2   |         +|   0|  0|  14|          14|          14|
    |add_ln712_2736_fu_8479_p2   |         +|   0|  0|  16|          15|          15|
    |add_ln712_2737_fu_8485_p2   |         +|   0|  0|  16|          15|          15|
    |add_ln712_2738_fu_2322_p2   |         +|   0|  0|  14|          14|          14|
    |add_ln712_2739_fu_3325_p2   |         +|   0|  0|  15|          15|          15|
    |add_ln712_2740_fu_3331_p2   |         +|   0|  0|  14|          14|          14|
    |add_ln712_2741_fu_9492_p2   |         +|   0|  0|  15|          15|          15|
    |add_ln712_2742_fu_9696_p2   |         +|   0|  0|  16|          16|          16|
    |add_ln712_2743_fu_9702_p2   |         +|   0|  0|  16|          16|          16|
    |add_ln712_2744_fu_5683_p2   |         +|   0|  0|  16|          14|          14|
    |add_ln712_2745_fu_5689_p2   |         +|   0|  0|  16|          14|          14|
    |add_ln712_2746_fu_5695_p2   |         +|   0|  0|  13|          13|          13|
    |add_ln712_2747_fu_7797_p2   |         +|   0|  0|  14|          14|          14|
    |add_ln712_2748_fu_8497_p2   |         +|   0|  0|  15|          15|          15|
    |add_ln712_2749_fu_5701_p2   |         +|   0|  0|  13|          13|          13|
    |add_ln712_2750_fu_10013_p2  |         +|   0|  0|  14|          14|          14|
    |add_ln712_2751_fu_7803_p2   |         +|   0|  0|  14|          14|          14|
    |add_ln712_2752_fu_10122_p2  |         +|   0|  0|  15|          15|          15|
    |add_ln712_2753_fu_10219_p2  |         +|   0|  0|  16|          16|          16|
    |add_ln712_2754_fu_10225_p2  |         +|   0|  0|  16|          16|          16|
    |add_ln712_2755_fu_10319_p2  |         +|   0|  0|  16|          16|          16|
    |add_ln712_2756_fu_7809_p2   |         +|   0|  0|  14|          14|          14|
    |add_ln712_2757_fu_7819_p2   |         +|   0|  0|  15|          15|          15|
    |add_ln712_2758_fu_7825_p2   |         +|   0|  0|  15|          15|          15|
    |add_ln712_2759_fu_10237_p2  |         +|   0|  0|  16|          16|          16|
    |add_ln712_2760_fu_10243_p2  |         +|   0|  0|  16|          16|          16|
    |add_ln712_2761_fu_8996_p2   |         +|   0|  0|  16|          15|          15|
    |add_ln712_2762_fu_9002_p2   |         +|   0|  0|  16|          15|          15|
    |add_ln712_2763_fu_1591_p2   |         +|   0|  0|  13|          13|          13|
    |add_ln712_2764_fu_5710_p2   |         +|   0|  0|  15|          15|          15|
    |add_ln712_2765_fu_9294_p2   |         +|   0|  0|  16|          16|          16|
    |add_ln712_2766_fu_10292_p2  |         +|   0|  0|  16|          16|          16|
    |add_ln712_2767_fu_4281_p2   |         +|   0|  0|  15|          15|          15|
    |add_ln712_2768_fu_5716_p2   |         +|   0|  0|  16|          15|          15|
    |add_ln712_2769_fu_3337_p2   |         +|   0|  0|  12|          12|          12|
    |add_ln712_2770_fu_4290_p2   |         +|   0|  0|  13|          13|          13|
    |add_ln712_2771_fu_5724_p2   |         +|   0|  0|  16|          15|          15|
    |add_ln712_2772_fu_8503_p2   |         +|   0|  0|  16|          15|          15|
    |add_ln712_2773_fu_8509_p2   |         +|   0|  0|  16|          15|          15|
    |add_ln712_2774_fu_8515_p2   |         +|   0|  0|  15|          15|           8|
    |add_ln712_2775_fu_8525_p2   |         +|   0|  0|  16|          16|          16|
    |add_ln712_2776_fu_9014_p2   |         +|   0|  0|  16|          16|          16|
    |add_ln712_2777_fu_9019_p2   |         +|   0|  0|  16|          16|          16|
    |add_ln712_2778_fu_10296_p2  |         +|   0|  0|  16|          16|          16|
    |add_ln712_2779_fu_10323_p2  |         +|   0|  0|  16|          16|          16|
    |add_ln712_2780_fu_7831_p2   |         +|   0|  0|  13|          13|          13|
    |add_ln712_2781_fu_8534_p2   |         +|   0|  0|  14|          14|          14|
    |add_ln712_2782_fu_9025_p2   |         +|   0|  0|  14|          14|          14|
    |add_ln712_2783_fu_9035_p2   |         +|   0|  0|  15|          15|          15|
    |add_ln712_2784_fu_9714_p2   |         +|   0|  0|  16|          16|          16|
    |add_ln712_2785_fu_9041_p2   |         +|   0|  0|  14|          14|          14|
    |add_ln712_2786_fu_9303_p2   |         +|   0|  0|  15|          15|          15|
    |add_ln712_2787_fu_3343_p2   |         +|   0|  0|  14|          14|          14|
    |add_ln712_2788_fu_9504_p2   |         +|   0|  0|  15|          15|          15|
    |add_ln712_2789_fu_9514_p2   |         +|   0|  0|  16|          16|          16|
    |add_ln712_2790_fu_9720_p2   |         +|   0|  0|  16|          16|          16|
    |add_ln712_2791_fu_5730_p2   |         +|   0|  0|  14|          14|          14|
    |add_ln712_2792_fu_9728_p2   |         +|   0|  0|  16|          15|          15|
    |add_ln712_2793_fu_3349_p2   |         +|   0|  0|  13|          13|          13|
    |add_ln712_2794_fu_5739_p2   |         +|   0|  0|  14|          14|          14|
    |add_ln712_2795_fu_9737_p2   |         +|   0|  0|  16|          15|          15|
    |add_ln712_2796_fu_9873_p2   |         +|   0|  0|  16|          14|          14|
    |add_ln712_2797_fu_9879_p2   |         +|   0|  0|  16|          14|          14|
    |add_ln712_2798_fu_9885_p2   |         +|   0|  0|  14|          14|          14|
    |add_ln712_2799_fu_4296_p2   |         +|   0|  0|  14|          14|          14|
    |add_ln712_2800_fu_9898_p2   |         +|   0|  0|  15|          15|          15|
    |add_ln712_2801_fu_10028_p2  |         +|   0|  0|  16|          16|          16|
    |add_ln712_2802_fu_10034_p2  |         +|   0|  0|  16|          16|          16|
    |add_ln712_2803_fu_10301_p2  |         +|   0|  0|  16|          16|          16|
    |add_ln712_2804_fu_8540_p2   |         +|   0|  0|  14|          14|          14|
    |add_ln712_2805_fu_10131_p2  |         +|   0|  0|  15|          15|          15|
    |add_ln712_2806_fu_9047_p2   |         +|   0|  0|  16|          15|          15|
    |add_ln712_2807_fu_9053_p2   |         +|   0|  0|  16|          15|          15|
    |add_ln712_2808_fu_10144_p2  |         +|   0|  0|  16|          16|          16|
    |add_ln712_2809_fu_3355_p2   |         +|   0|  0|  12|          12|          12|
    |add_ln712_2810_fu_4305_p2   |         +|   0|  0|  16|          15|          15|
    |add_ln712_2811_fu_2328_p2   |         +|   0|  0|  13|          13|          13|
    |add_ln712_2812_fu_2334_p2   |         +|   0|  0|  13|          13|          13|
    |add_ln712_2813_fu_3367_p2   |         +|   0|  0|  14|          14|          14|
    |add_ln712_2814_fu_4314_p2   |         +|   0|  0|  16|          15|          15|
    |add_ln712_2815_fu_10252_p2  |         +|   0|  0|  16|          16|          16|
    |add_ln712_2816_fu_7837_p2   |         +|   0|  0|  15|          15|          15|
    |add_ln712_2817_fu_8549_p2   |         +|   0|  0|  16|          16|          16|
    |add_ln712_2818_fu_5745_p2   |         +|   0|  0|  12|          12|          12|
    |add_ln712_2819_fu_7846_p2   |         +|   0|  0|  13|          13|          13|
    |add_ln712_2820_fu_9062_p2   |         +|   0|  0|  16|          16|          16|
    |add_ln712_2821_fu_7852_p2   |         +|   0|  0|  16|          15|          15|
    |add_ln712_2822_fu_7858_p2   |         +|   0|  0|  16|          15|          15|
    |add_ln712_2823_fu_7864_p2   |         +|   0|  0|  16|          15|          15|
    |add_ln712_2824_fu_5751_p2   |         +|   0|  0|   9|           9|           8|
    |add_ln712_2825_fu_7873_p2   |         +|   0|  0|  16|          15|          15|
    |add_ln712_2826_fu_8561_p2   |         +|   0|  0|  16|          16|          16|
    |add_ln712_2827_fu_9067_p2   |         +|   0|  0|  16|          16|          16|
    |add_ln712_2828_fu_10257_p2  |         +|   0|  0|  16|          16|          16|
    |add_ln712_2829_fu_10305_p2  |         +|   0|  0|  16|          16|          16|
    |add_ln712_2830_fu_8567_p2   |         +|   0|  0|  16|          14|          14|
    |add_ln712_2831_fu_8573_p2   |         +|   0|  0|  16|          14|          14|
    |add_ln712_2832_fu_8579_p2   |         +|   0|  0|  16|          15|          15|
    |add_ln712_2833_fu_8585_p2   |         +|   0|  0|  16|          15|          15|
    |add_ln712_2834_fu_9526_p2   |         +|   0|  0|  16|          16|          16|
    |add_ln712_2835_fu_4320_p2   |         +|   0|  0|  13|          13|          13|
    |add_ln712_2836_fu_8594_p2   |         +|   0|  0|  14|          14|          14|
    |add_ln712_2837_fu_3373_p2   |         +|   0|  0|  13|          13|          13|
    |add_ln712_2838_fu_9315_p2   |         +|   0|  0|  14|          14|          14|
    |add_ln712_2839_fu_9325_p2   |         +|   0|  0|  15|          15|          15|
    |add_ln712_2840_fu_9535_p2   |         +|   0|  0|  16|          16|          16|
    |add_ln712_2841_fu_9743_p2   |         +|   0|  0|  16|          14|          14|
    |add_ln712_2842_fu_9749_p2   |         +|   0|  0|  16|          14|          14|
    |add_ln712_2843_fu_9755_p2   |         +|   0|  0|  14|          14|          14|
    |add_ln712_2844_fu_9765_p2   |         +|   0|  0|  15|          15|          15|
    |add_ln712_2845_fu_9910_p2   |         +|   0|  0|  16|          16|          16|
    |add_ln712_2846_fu_4326_p2   |         +|   0|  0|  14|          14|          14|
    |add_ln712_2847_fu_7882_p2   |         +|   0|  0|  16|          15|          15|
    |add_ln712_2848_fu_5757_p2   |         +|   0|  0|  16|          13|          13|
    |add_ln712_2849_fu_5763_p2   |         +|   0|  0|  16|          13|          13|
    |add_ln712_2850_fu_7891_p2   |         +|   0|  0|  16|          15|          15|
    |add_ln712_2851_fu_9919_p2   |         +|   0|  0|  16|          16|          16|
    |add_ln712_2852_fu_10040_p2  |         +|   0|  0|  16|          16|          16|
    |add_ln712_2853_fu_5769_p2   |         +|   0|  0|  13|          13|          13|
    |add_ln712_2854_fu_7900_p2   |         +|   0|  0|  14|          14|          14|
    |add_ln712_2855_fu_7906_p2   |         +|   0|  0|  16|          16|          16|
    |add_ln712_2856_fu_8603_p2   |         +|   0|  0|  16|          16|          16|
    |add_ln712_2857_fu_8608_p2   |         +|   0|  0|  16|          16|          16|
    |add_ln712_2858_fu_4332_p2   |         +|   0|  0|  16|          15|          15|
    |add_ln712_2859_fu_4338_p2   |         +|   0|  0|  16|          15|          15|
    |add_ln712_2860_fu_4344_p2   |         +|   0|  0|  15|          15|          15|
    |add_ln712_2861_fu_9547_p2   |         +|   0|  0|  16|          16|          16|
    |add_ln712_2862_fu_9553_p2   |         +|   0|  0|  16|          16|          16|
    |add_ln712_2863_fu_9771_p2   |         +|   0|  0|  16|          16|          16|
    |add_ln712_2864_fu_8614_p2   |         +|   0|  0|  16|          15|          15|
    |add_ln712_2865_fu_8620_p2   |         +|   0|  0|  16|          15|          15|
    |add_ln712_2866_fu_7912_p2   |         +|   0|  0|  16|          15|          15|
    |add_ln712_2867_fu_7918_p2   |         +|   0|  0|  16|          15|          15|
    |add_ln712_2868_fu_9078_p2   |         +|   0|  0|  16|          16|          16|
    |add_ln712_2869_fu_7924_p2   |         +|   0|  0|  15|          15|          15|
    |add_ln712_2870_fu_8629_p2   |         +|   0|  0|  16|          16|          16|
    |add_ln712_2871_fu_5775_p2   |         +|   0|  0|  12|          12|          12|
    |add_ln712_2872_fu_7942_p2   |         +|   0|  0|  13|          13|          13|
    |add_ln712_2873_fu_8638_p2   |         +|   0|  0|  16|          16|          16|
    |add_ln712_2874_fu_9084_p2   |         +|   0|  0|  16|          16|          16|
    |add_ln712_2875_fu_9775_p2   |         +|   0|  0|  16|          16|          16|
    |add_ln712_2876_fu_10044_p2  |         +|   0|  0|  16|          16|          16|
    |add_ln712_2877_fu_8644_p2   |         +|   0|  0|  14|          14|          14|
    |add_ln712_2878_fu_8654_p2   |         +|   0|  0|  15|          15|          15|
    |add_ln712_2879_fu_9089_p2   |         +|   0|  0|  16|          14|          14|
    |add_ln712_2880_fu_9095_p2   |         +|   0|  0|  16|          14|          14|
    |add_ln712_2881_fu_9337_p2   |         +|   0|  0|  16|          16|          16|
    |add_ln712_2882_fu_1530_p2   |         +|   0|  0|  14|          14|          14|
    |add_ln712_2883_fu_7951_p2   |         +|   0|  0|  16|          15|          15|
    |add_ln712_2884_fu_4350_p2   |         +|   0|  0|  12|          12|          12|
    |add_ln712_2885_fu_5783_p2   |         +|   0|  0|  16|          14|          14|
    |add_ln712_2886_fu_5789_p2   |         +|   0|  0|  16|          14|          14|
    |add_ln712_2887_fu_7960_p2   |         +|   0|  0|  16|          15|          15|
    |add_ln712_2888_fu_9346_p2   |         +|   0|  0|  16|          16|          16|
    |add_ln712_2889_fu_4356_p2   |         +|   0|  0|  16|          13|          13|
    |add_ln712_2890_fu_4362_p2   |         +|   0|  0|  16|          13|          13|
    |add_ln712_2891_fu_2340_p2   |         +|   0|  0|  14|          14|          14|
    |add_ln712_2892_fu_7966_p2   |         +|   0|  0|  13|          13|          13|
    |add_ln712_2893_fu_8669_p2   |         +|   0|  0|  16|          15|          15|
    |add_ln712_2894_fu_8675_p2   |         +|   0|  0|  16|          15|          15|
    |add_ln712_2895_fu_10049_p2  |         +|   0|  0|  14|          14|          14|
    |add_ln712_2896_fu_10059_p2  |         +|   0|  0|  15|          15|          15|
    |add_ln712_2897_fu_7972_p2   |         +|   0|  0|  13|          13|          13|
    |add_ln712_2898_fu_10068_p2  |         +|   0|  0|  16|          14|          14|
    |add_ln712_2899_fu_10074_p2  |         +|   0|  0|  16|          14|          14|
    |add_ln712_2900_fu_10159_p2  |         +|   0|  0|  16|          16|          16|
    |add_ln712_2901_fu_10165_p2  |         +|   0|  0|  16|          16|          16|
    |add_ln712_2902_fu_10262_p2  |         +|   0|  0|  16|          16|          16|
    |add_ln712_2903_fu_7978_p2   |         +|   0|  0|  10|          10|          10|
    |add_ln712_2904_fu_7988_p2   |         +|   0|  0|  11|          11|          11|
    |add_ln712_2905_fu_7994_p2   |         +|   0|  0|  14|          14|          14|
    |add_ln712_2906_fu_8000_p2   |         +|   0|  0|  14|          14|          14|
    |add_ln712_2907_fu_8690_p2   |         +|   0|  0|  16|          15|          15|
    |add_ln712_2908_fu_8696_p2   |         +|   0|  0|  16|          15|          15|
    |add_ln712_2909_fu_8006_p2   |         +|   0|  0|  12|          12|          12|
    |add_ln712_2910_fu_8015_p2   |         +|   0|  0|  13|          13|          13|
    |add_ln712_2911_fu_8021_p2   |         +|   0|  0|  13|          13|          13|
    |add_ln712_2912_fu_2346_p2   |         +|   0|  0|  15|          15|          15|
    |add_ln712_2913_fu_8708_p2   |         +|   0|  0|  16|          15|          15|
    |add_ln712_2914_fu_8713_p2   |         +|   0|  0|  16|          15|          15|
    |add_ln712_2915_fu_9107_p2   |         +|   0|  0|  16|          16|          16|
    |add_ln712_2916_fu_3379_p2   |         +|   0|  0|  15|          15|          15|
    |add_ln712_2917_fu_4368_p2   |         +|   0|  0|  16|          15|          15|
    |add_ln712_2918_fu_2352_p2   |         +|   0|  0|  11|          11|          11|
    |add_ln712_2919_fu_3388_p2   |         +|   0|  0|  16|          13|          13|
    |add_ln712_2920_fu_3394_p2   |         +|   0|  0|  16|          13|          13|
    |add_ln712_2921_fu_4376_p2   |         +|   0|  0|  16|          15|          15|
    |add_ln712_2922_fu_3400_p2   |         +|   0|  0|  15|          15|          15|
    |add_ln712_2923_fu_4382_p2   |         +|   0|  0|  16|          15|          15|
    |add_ln712_2924_fu_3406_p2   |         +|   0|  0|  16|          12|          12|
    |add_ln712_2925_fu_2358_p2   |         +|   0|  0|   9|           9|           7|
    |add_ln712_2926_fu_3415_p2   |         +|   0|  0|  16|          12|          12|
    |add_ln712_2927_fu_4390_p2   |         +|   0|  0|  16|          15|          15|
    |add_ln712_2928_fu_5801_p2   |         +|   0|  0|  16|          16|          16|
    |add_ln712_2929_fu_9113_p2   |         +|   0|  0|  16|          16|          16|
    |add_ln712_2930_fu_10266_p2  |         +|   0|  0|  16|          16|          16|
    |add_ln712_2931_fu_8027_p2   |         +|   0|  0|  12|          12|          12|
    |add_ln712_2932_fu_8722_p2   |         +|   0|  0|  13|          13|          13|
    |add_ln712_2933_fu_8727_p2   |         +|   0|  0|  14|          14|          14|
    |add_ln712_2934_fu_9121_p2   |         +|   0|  0|  16|          14|          14|
    |add_ln712_2935_fu_9126_p2   |         +|   0|  0|  16|          14|          14|
    |add_ln712_2936_fu_9352_p2   |         +|   0|  0|  14|          14|          14|
    |add_ln712_2937_fu_9362_p2   |         +|   0|  0|  15|          15|          15|
    |add_ln712_2938_fu_9559_p2   |         +|   0|  0|  14|          14|          14|
    |add_ln712_2939_fu_9368_p2   |         +|   0|  0|  13|          13|          13|
    |add_ln712_2940_fu_9572_p2   |         +|   0|  0|  15|          15|          15|
    |add_ln712_2941_fu_9789_p2   |         +|   0|  0|  16|          16|          16|
    |add_ln712_2942_fu_9795_p2   |         +|   0|  0|  16|          16|          16|
    |add_ln712_2943_fu_4396_p2   |         +|   0|  0|  12|          12|          12|
    |add_ln712_2944_fu_4406_p2   |         +|   0|  0|  13|          13|          13|
    |add_ln712_2945_fu_4412_p2   |         +|   0|  0|  14|          14|          14|
    |add_ln712_2946_fu_4418_p2   |         +|   0|  0|  13|          13|          13|
    |add_ln712_2947_fu_5816_p2   |         +|   0|  0|  16|          15|          15|
    |add_ln712_2948_fu_5822_p2   |         +|   0|  0|  16|          15|          15|
    |add_ln712_2949_fu_5828_p2   |         +|   0|  0|  16|          14|          14|
    |add_ln712_2950_fu_5834_p2   |         +|   0|  0|  16|          14|          14|
    |add_ln712_2951_fu_10171_p2  |         +|   0|  0|  14|          14|          14|
    |add_ln712_2952_fu_10181_p2  |         +|   0|  0|  14|          14|          14|
    |add_ln712_2953_fu_10191_p2  |         +|   0|  0|  15|          15|          15|
    |add_ln712_2954_fu_10280_p2  |         +|   0|  0|  16|          16|          16|
    |add_ln712_2955_fu_10286_p2  |         +|   0|  0|  16|          16|          16|
    |add_ln712_2956_fu_10310_p2  |         +|   0|  0|  16|          16|          16|
    |add_ln712_2957_fu_8033_p2   |         +|   0|  0|  12|          12|          12|
    |add_ln712_2958_fu_8042_p2   |         +|   0|  0|  14|          14|          14|
    |add_ln712_2959_fu_2364_p2   |         +|   0|  0|  12|          12|          12|
    |add_ln712_2960_fu_9380_p2   |         +|   0|  0|  13|          13|          13|
    |add_ln712_2961_fu_9390_p2   |         +|   0|  0|  15|          15|          15|
    |add_ln712_2962_fu_3421_p2   |         +|   0|  0|  15|          15|          15|
    |add_ln712_2963_fu_4427_p2   |         +|   0|  0|  16|          16|          16|
    |add_ln712_2964_fu_2370_p2   |         +|   0|  0|  11|          11|          11|
    |add_ln712_2965_fu_3430_p2   |         +|   0|  0|  16|          15|          15|
    |add_ln712_2966_fu_3436_p2   |         +|   0|  0|  16|          15|          15|
    |add_ln712_2967_fu_4436_p2   |         +|   0|  0|  16|          16|          16|
    |add_ln712_2968_fu_9581_p2   |         +|   0|  0|  16|          16|          16|
    |add_ln712_2969_fu_8733_p2   |         +|   0|  0|  16|          15|          15|
    |add_ln712_2970_fu_8739_p2   |         +|   0|  0|  16|          15|          15|
    |add_ln712_2971_fu_4442_p2   |         +|   0|  0|  11|          11|          11|
    |add_ln712_2972_fu_8051_p2   |         +|   0|  0|  16|          15|          15|
    |add_ln712_2973_fu_8057_p2   |         +|   0|  0|  16|          15|          15|
    |add_ln712_2974_fu_9138_p2   |         +|   0|  0|  16|          16|          16|
    |add_ln712_2975_fu_8063_p2   |         +|   0|  0|  16|          15|          15|
    |add_ln712_2976_fu_8069_p2   |         +|   0|  0|  16|          15|          15|
    |add_ln712_2977_fu_8075_p2   |         +|   0|  0|  16|          15|          15|
    |add_ln712_2978_fu_5840_p2   |         +|   0|  0|   9|           9|           9|
    |add_ln712_2979_fu_8084_p2   |         +|   0|  0|  16|          15|          15|
    |add_ln712_2980_fu_8751_p2   |         +|   0|  0|  16|          16|          16|
    |add_ln712_2981_fu_9144_p2   |         +|   0|  0|  16|          16|          16|
    |add_ln712_2982_fu_9586_p2   |         +|   0|  0|  16|          16|          16|
    |add_ln712_2983_fu_10314_p2  |         +|   0|  0|  16|          16|          16|
    |add_ln712_2984_fu_8090_p2   |         +|   0|  0|  13|          13|          13|
    |add_ln712_2985_fu_9396_p2   |         +|   0|  0|  14|          14|          14|
    |add_ln712_2986_fu_9406_p2   |         +|   0|  0|  15|          15|          15|
    |add_ln712_2987_fu_9597_p2   |         +|   0|  0|  16|          16|          16|
    |add_ln712_2988_fu_3442_p2   |         +|   0|  0|  16|          14|          14|
    |add_ln712_2989_fu_3448_p2   |         +|   0|  0|  16|          14|          14|
    |add_ln712_2990_fu_3454_p2   |         +|   0|  0|  16|          14|          14|
    |add_ln712_2991_fu_3460_p2   |         +|   0|  0|  16|          14|          14|
    |add_ln712_2992_fu_4453_p2   |         +|   0|  0|  15|          15|          15|
    |add_ln712_2993_fu_9606_p2   |         +|   0|  0|  16|          16|          16|
    |add_ln712_2994_fu_9925_p2   |         +|   0|  0|  14|          14|          14|
    |add_ln712_2995_fu_9935_p2   |         +|   0|  0|  15|          15|          15|
    |add_ln712_2996_fu_9941_p2   |         +|   0|  0|  16|          14|          14|
    |add_ln712_2997_fu_9947_p2   |         +|   0|  0|  16|          14|          14|
    |add_ln712_2998_fu_10086_p2  |         +|   0|  0|  16|          16|          16|
    |add_ln712_2999_fu_8096_p2   |         +|   0|  0|  14|          14|          14|
    |add_ln712_3000_fu_8760_p2   |         +|   0|  0|  15|          15|          15|
    |add_ln712_3001_fu_8102_p2   |         +|   0|  0|  14|          14|          14|
    |add_ln712_3002_fu_8773_p2   |         +|   0|  0|  15|          15|          15|
    |add_ln712_3003_fu_8783_p2   |         +|   0|  0|  16|          16|          16|
    |add_ln712_3004_fu_10092_p2  |         +|   0|  0|  16|          16|          16|
    |add_ln712_3005_fu_10197_p2  |         +|   0|  0|  16|          16|          16|
    |add_ln712_3006_fu_8108_p2   |         +|   0|  0|  12|          12|          12|
    |add_ln712_3007_fu_8792_p2   |         +|   0|  0|  14|          14|          14|
    |add_ln712_3008_fu_8114_p2   |         +|   0|  0|  16|          13|          13|
    |add_ln712_3009_fu_8120_p2   |         +|   0|  0|  16|          13|          13|
    |add_ln712_3010_fu_8805_p2   |         +|   0|  0|  15|          15|          15|
    |add_ln712_3011_fu_3466_p2   |         +|   0|  0|  11|          11|          11|
    |add_ln712_3012_fu_3476_p2   |         +|   0|  0|  13|          13|          13|
    |add_ln712_3013_fu_3482_p2   |         +|   0|  0|  15|          15|          15|
    |add_ln712_3014_fu_4462_p2   |         +|   0|  0|  16|          15|          15|
    |add_ln712_3015_fu_4467_p2   |         +|   0|  0|  16|          15|          15|
    |add_ln712_3016_fu_9155_p2   |         +|   0|  0|  16|          16|          16|
    |add_ln712_3017_fu_4473_p2   |         +|   0|  0|  15|          15|          15|
    |add_ln712_3018_fu_4483_p2   |         +|   0|  0|  16|          16|          16|
    |add_ln712_3019_fu_5846_p2   |         +|   0|  0|  16|          13|          13|
    |add_ln712_3020_fu_5852_p2   |         +|   0|  0|  16|          13|          13|
    |add_ln712_3021_fu_8814_p2   |         +|   0|  0|  16|          16|          16|
    |add_ln712_3022_fu_5858_p2   |         +|   0|  0|  15|          15|          15|
    |add_ln712_3023_fu_8129_p2   |         +|   0|  0|  16|          16|          16|
    |add_ln712_3024_fu_5864_p2   |         +|   0|  0|  11|          11|           9|
    |add_ln712_3025_fu_5874_p2   |         +|   0|  0|  13|          13|          13|
    |add_ln712_3026_fu_8138_p2   |         +|   0|  0|  16|          16|          16|
    |add_ln712_3027_fu_8819_p2   |         +|   0|  0|  16|          16|          16|
    |add_ln712_3028_fu_9161_p2   |         +|   0|  0|  16|          16|          16|
    |add_ln712_3029_fu_10201_p2  |         +|   0|  0|  16|          16|          16|
    |add_ln712_fu_7788_p2        |         +|   0|  0|  13|          13|          13|
    |add_ln717_210_fu_6032_p2    |         +|   0|  0|  12|          12|          12|
    |add_ln717_211_fu_8269_p2    |         +|   0|  0|  13|          13|          13|
    |add_ln717_212_fu_4604_p2    |         +|   0|  0|  12|          12|          12|
    |add_ln717_213_fu_4736_p2    |         +|   0|  0|  13|          13|          13|
    |add_ln717_214_fu_6612_p2    |         +|   0|  0|  13|          13|          13|
    |add_ln717_215_fu_1566_p2    |         +|   0|  0|  13|          13|          13|
    |add_ln717_216_fu_1891_p2    |         +|   0|  0|  12|          12|          12|
    |add_ln717_217_fu_2563_p2    |         +|   0|  0|  12|          12|          12|
    |add_ln717_218_fu_3563_p2    |         +|   0|  0|  11|          11|          11|
    |add_ln717_219_fu_2016_p2    |         +|   0|  0|  12|          12|          12|
    |add_ln717_220_fu_2753_p2    |         +|   0|  0|  12|          12|          12|
    |add_ln717_221_fu_2111_p2    |         +|   0|  0|  13|          13|          13|
    |add_ln717_222_fu_3736_p2    |         +|   0|  0|  13|          13|          13|
    |add_ln717_223_fu_2904_p2    |         +|   0|  0|  13|          13|          13|
    |add_ln717_224_fu_3169_p2    |         +|   0|  0|  13|          13|          13|
    |add_ln717_225_fu_6683_p2    |         +|   0|  0|  13|          13|          13|
    |add_ln717_226_fu_6767_p2    |         +|   0|  0|  11|          11|          11|
    |add_ln717_227_fu_6966_p2    |         +|   0|  0|  13|          13|          13|
    |add_ln717_228_fu_3234_p2    |         +|   0|  0|  12|          12|          12|
    |add_ln717_229_fu_4134_p2    |         +|   0|  0|  12|          12|          12|
    |add_ln717_230_fu_7166_p2    |         +|   0|  0|  13|          13|          13|
    |add_ln717_231_fu_4869_p2    |         +|   0|  0|  13|          13|          13|
    |add_ln717_232_fu_5041_p2    |         +|   0|  0|  13|          13|          13|
    |add_ln717_233_fu_5121_p2    |         +|   0|  0|  13|          13|          13|
    |add_ln717_234_fu_5190_p2    |         +|   0|  0|  13|          13|          13|
    |add_ln717_235_fu_5562_p2    |         +|   0|  0|  12|          12|          12|
    |add_ln717_236_fu_5599_p2    |         +|   0|  0|  12|          12|          12|
    |add_ln717_fu_5986_p2        |         +|   0|  0|  13|          13|          13|
    |sub_ln1171_568_fu_5940_p2   |         -|   0|  0|  11|           1|          11|
    |sub_ln1171_569_fu_5950_p2   |         -|   0|  0|  12|          12|          12|
    |sub_ln1171_570_fu_4500_p2   |         -|   0|  0|  12|           1|          12|
    |sub_ln1171_571_fu_6070_p2   |         -|   0|  0|  13|          13|          13|
    |sub_ln1171_572_fu_6101_p2   |         -|   0|  0|  13|           1|          13|
    |sub_ln1171_573_fu_6111_p2   |         -|   0|  0|  14|          14|          14|
    |sub_ln1171_574_fu_6144_p2   |         -|   0|  0|  11|           1|          11|
    |sub_ln1171_575_fu_6154_p2   |         -|   0|  0|  12|          12|          12|
    |sub_ln1171_576_fu_6181_p2   |         -|   0|  0|  13|           1|          13|
    |sub_ln1171_577_fu_6191_p2   |         -|   0|  0|  14|          14|          14|
    |sub_ln1171_578_fu_6247_p2   |         -|   0|  0|  13|           1|          13|
    |sub_ln1171_579_fu_6269_p2   |         -|   0|  0|  14|          14|          14|
    |sub_ln1171_580_fu_6333_p2   |         -|   0|  0|  14|          14|          14|
    |sub_ln1171_581_fu_6410_p2   |         -|   0|  0|  13|          13|          13|
    |sub_ln1171_582_fu_6452_p2   |         -|   0|  0|  14|          14|          14|
    |sub_ln1171_583_fu_4509_p2   |         -|   0|  0|   9|           1|           9|
    |sub_ln1171_584_fu_6540_p2   |         -|   0|  0|  13|           1|          13|
    |sub_ln1171_585_fu_8199_p2   |         -|   0|  0|  13|           1|          13|
    |sub_ln1171_586_fu_8221_p2   |         -|   0|  0|  14|          14|          14|
    |sub_ln1171_587_fu_8295_p2   |         -|   0|  0|   9|           1|           9|
    |sub_ln1171_588_fu_4536_p2   |         -|   0|  0|  13|           1|          13|
    |sub_ln1171_589_fu_4557_p2   |         -|   0|  0|  14|          14|          14|
    |sub_ln1171_590_fu_8361_p2   |         -|   0|  0|   9|           1|           9|
    |sub_ln1171_591_fu_4634_p2   |         -|   0|  0|   9|           1|           9|
    |sub_ln1171_592_fu_4699_p2   |         -|   0|  0|  13|           1|          13|
    |sub_ln1171_593_fu_4720_p2   |         -|   0|  0|  14|          14|          14|
    |sub_ln1171_594_fu_8881_p2   |         -|   0|  0|  13|           1|          13|
    |sub_ln1171_595_fu_8902_p2   |         -|   0|  0|  14|          14|          14|
    |sub_ln1171_596_fu_2417_p2   |         -|   0|  0|  11|           1|          11|
    |sub_ln1171_597_fu_2427_p2   |         -|   0|  0|  12|          12|          12|
    |sub_ln1171_598_fu_1464_p2   |         -|   0|  0|  13|           1|          13|
    |sub_ln1171_599_fu_1474_p2   |         -|   0|  0|  14|          14|          14|
    |sub_ln1171_600_fu_8929_p2   |         -|   0|  0|  10|           1|          10|
    |sub_ln1171_601_fu_8972_p2   |         -|   0|  0|  14|          14|          14|
    |sub_ln1171_602_fu_1772_p2   |         -|   0|  0|  12|           1|          12|
    |sub_ln1171_603_fu_1849_p2   |         -|   0|  0|  13|          13|          13|
    |sub_ln1171_604_fu_1911_p2   |         -|   0|  0|  12|          12|          12|
    |sub_ln1171_605_fu_2469_p2   |         -|   0|  0|  11|           1|          11|
    |sub_ln1171_606_fu_1949_p2   |         -|   0|  0|  14|          14|          14|
    |sub_ln1171_607_fu_3519_p2   |         -|   0|  0|   9|           1|           9|
    |sub_ln1171_608_fu_9213_p2   |         -|   0|  0|  13|           1|          13|
    |sub_ln1171_609_fu_9234_p2   |         -|   0|  0|  14|          14|          14|
    |sub_ln1171_610_fu_2595_p2   |         -|   0|  0|  11|           1|          11|
    |sub_ln1171_611_fu_9265_p2   |         -|   0|  0|  12|           1|          12|
    |sub_ln1171_612_fu_1972_p2   |         -|   0|  0|   9|           1|           9|
    |sub_ln1171_613_fu_2662_p2   |         -|   0|  0|  11|           1|          11|
    |sub_ln1171_614_fu_2672_p2   |         -|   0|  0|  12|          12|          12|
    |sub_ln1171_615_fu_9438_p2   |         -|   0|  0|  10|           1|          10|
    |sub_ln1171_616_fu_2056_p2   |         -|   0|  0|  13|          13|          13|
    |sub_ln1171_617_fu_3608_p2   |         -|   0|  0|  13|          13|          13|
    |sub_ln1171_618_fu_3658_p2   |         -|   0|  0|  12|           1|          12|
    |sub_ln1171_619_fu_2143_p2   |         -|   0|  0|  12|           1|          12|
    |sub_ln1171_620_fu_2153_p2   |         -|   0|  0|  13|          13|          13|
    |sub_ln1171_621_fu_3696_p2   |         -|   0|  0|   9|           1|           9|
    |sub_ln1171_622_fu_3730_p2   |         -|   0|  0|  13|           1|          13|
    |sub_ln1171_623_fu_4771_p2   |         -|   0|  0|  14|          14|          14|
    |sub_ln1171_624_fu_9469_p2   |         -|   0|  0|  14|           1|          14|
    |sub_ln1171_625_fu_4791_p2   |         -|   0|  0|  14|          14|          14|
    |sub_ln1171_626_fu_2843_p2   |         -|   0|  0|  14|          14|          14|
    |sub_ln1171_627_fu_2957_p2   |         -|   0|  0|  11|           1|          11|
    |sub_ln1171_628_fu_2967_p2   |         -|   0|  0|  12|          12|          12|
    |sub_ln1171_629_fu_2996_p2   |         -|   0|  0|  13|           1|          13|
    |sub_ln1171_630_fu_3017_p2   |         -|   0|  0|  14|          14|          14|
    |sub_ln1171_631_fu_3036_p2   |         -|   0|  0|  14|          14|          14|
    |sub_ln1171_632_fu_2214_p2   |         -|   0|  0|  12|           1|          12|
    |sub_ln1171_633_fu_2224_p2   |         -|   0|  0|  13|          13|          13|
    |sub_ln1171_634_fu_2252_p2   |         -|   0|  0|  13|          13|          13|
    |sub_ln1171_635_fu_1658_p2   |         -|   0|  0|  12|           1|          12|
    |sub_ln1171_636_fu_1668_p2   |         -|   0|  0|  13|          13|          13|
    |sub_ln1171_637_fu_3831_p2   |         -|   0|  0|  13|           1|          13|
    |sub_ln1171_638_fu_3841_p2   |         -|   0|  0|  14|          14|          14|
    |sub_ln1171_639_fu_1701_p2   |         -|   0|  0|  12|           1|          12|
    |sub_ln1171_640_fu_1711_p2   |         -|   0|  0|  13|          13|          13|
    |sub_ln1171_641_fu_3857_p2   |         -|   0|  0|   9|           1|           9|
    |sub_ln1171_642_fu_3150_p2   |         -|   0|  0|  13|          13|          13|
    |sub_ln1171_643_fu_3943_p2   |         -|   0|  0|  13|           1|          13|
    |sub_ln1171_644_fu_9663_p2   |         -|   0|  0|  14|          14|          14|
    |sub_ln1171_645_fu_6655_p2   |         -|   0|  0|  13|           1|          13|
    |sub_ln1171_646_fu_6743_p2   |         -|   0|  0|  13|          13|          13|
    |sub_ln1171_647_fu_6783_p2   |         -|   0|  0|  12|           1|          12|
    |sub_ln1171_648_fu_6851_p2   |         -|   0|  0|  12|          12|          12|
    |sub_ln1171_649_fu_3974_p2   |         -|   0|  0|  10|           1|          10|
    |sub_ln1171_650_fu_6885_p2   |         -|   0|  0|  13|           1|          13|
    |sub_ln1171_651_fu_6895_p2   |         -|   0|  0|  14|          14|          14|
    |sub_ln1171_652_fu_6950_p2   |         -|   0|  0|  13|          13|          13|
    |sub_ln1171_653_fu_7010_p2   |         -|   0|  0|  13|          13|          13|
    |sub_ln1171_654_fu_4020_p2   |         -|   0|  0|  14|          14|          14|
    |sub_ln1171_655_fu_4040_p2   |         -|   0|  0|  12|           1|          12|
    |sub_ln1171_656_fu_4049_p2   |         -|   0|  0|  13|          13|          13|
    |sub_ln1171_657_fu_4065_p2   |         -|   0|  0|  12|          12|          12|
    |sub_ln1171_658_fu_4095_p2   |         -|   0|  0|  11|           1|          11|
    |sub_ln1171_659_fu_4105_p2   |         -|   0|  0|  12|          12|          12|
    |sub_ln1171_660_fu_4149_p2   |         -|   0|  0|  12|           1|          12|
    |sub_ln1171_661_fu_4159_p2   |         -|   0|  0|  13|          13|          13|
    |sub_ln1171_662_fu_7118_p2   |         -|   0|  0|  10|           1|          10|
    |sub_ln1171_663_fu_4190_p2   |         -|   0|  0|  13|           1|          13|
    |sub_ln1171_664_fu_4211_p2   |         -|   0|  0|  14|          14|          14|
    |sub_ln1171_665_fu_7186_p2   |         -|   0|  0|   9|           1|           9|
    |sub_ln1171_666_fu_7206_p2   |         -|   0|  0|  13|           1|          13|
    |sub_ln1171_667_fu_7216_p2   |         -|   0|  0|  14|          14|          14|
    |sub_ln1171_668_fu_7247_p2   |         -|   0|  0|  14|          14|          14|
    |sub_ln1171_669_fu_4889_p2   |         -|   0|  0|  13|          13|          13|
    |sub_ln1171_670_fu_4920_p2   |         -|   0|  0|  12|          12|          12|
    |sub_ln1171_671_fu_4940_p2   |         -|   0|  0|  12|           1|          12|
    |sub_ln1171_672_fu_4950_p2   |         -|   0|  0|  13|          13|          13|
    |sub_ln1171_673_fu_5009_p2   |         -|   0|  0|  13|          13|          13|
    |sub_ln1171_674_fu_5089_p2   |         -|   0|  0|  13|           1|          13|
    |sub_ln1171_675_fu_9857_p2   |         -|   0|  0|   9|           1|           9|
    |sub_ln1171_676_fu_3316_p2   |         -|   0|  0|  12|           1|          12|
    |sub_ln1171_677_fu_4261_p2   |         -|   0|  0|  13|          13|          13|
    |sub_ln1171_678_fu_5206_p2   |         -|   0|  0|  13|           1|          13|
    |sub_ln1171_679_fu_5220_p2   |         -|   0|  0|  14|          14|          14|
    |sub_ln1171_680_fu_7330_p2   |         -|   0|  0|  11|           1|          11|
    |sub_ln1171_681_fu_7362_p2   |         -|   0|  0|  14|          14|          14|
    |sub_ln1171_682_fu_7447_p2   |         -|   0|  0|  10|           1|          10|
    |sub_ln1171_683_fu_7481_p2   |         -|   0|  0|  13|          13|          13|
    |sub_ln1171_684_fu_7541_p2   |         -|   0|  0|   9|           1|           9|
    |sub_ln1171_685_fu_9994_p2   |         -|   0|  0|  10|           1|          10|
    |sub_ln1171_686_fu_7583_p2   |         -|   0|  0|  14|          14|          14|
    |sub_ln1171_687_fu_5295_p2   |         -|   0|  0|  12|           1|          12|
    |sub_ln1171_688_fu_5305_p2   |         -|   0|  0|  13|          13|          13|
    |sub_ln1171_689_fu_5363_p2   |         -|   0|  0|  13|          13|          13|
    |sub_ln1171_690_fu_5532_p2   |         -|   0|  0|  13|           1|          13|
    |sub_ln1171_691_fu_5546_p2   |         -|   0|  0|  14|          14|          14|
    |sub_ln1171_692_fu_7700_p2   |         -|   0|  0|  11|           1|          11|
    |sub_ln1171_693_fu_5645_p2   |         -|   0|  0|  11|           1|          11|
    |sub_ln1171_694_fu_7730_p2   |         -|   0|  0|  12|          12|          12|
    |sub_ln1171_695_fu_7761_p2   |         -|   0|  0|  12|           1|          12|
    |sub_ln1171_696_fu_5966_p2   |         -|   0|  0|  11|          11|          11|
    |sub_ln1171_697_fu_6227_p2   |         -|   0|  0|  13|          13|          13|
    |sub_ln1171_698_fu_6353_p2   |         -|   0|  0|  12|          12|          12|
    |sub_ln1171_699_fu_6494_p2   |         -|   0|  0|  13|          13|          13|
    |sub_ln1171_700_fu_8237_p2   |         -|   0|  0|  13|          13|          13|
    |sub_ln1171_701_fu_2076_p2   |         -|   0|  0|  11|          11|          11|
    |sub_ln1171_702_fu_3674_p2   |         -|   0|  0|  13|          13|          13|
    |sub_ln1171_703_fu_2867_p2   |         -|   0|  0|  12|          12|          12|
    |sub_ln1171_704_fu_2931_p2   |         -|   0|  0|  12|          12|          12|
    |sub_ln1171_705_fu_3786_p2   |         -|   0|  0|  13|          13|          13|
    |sub_ln1171_706_fu_3104_p2   |         -|   0|  0|  11|          11|          11|
    |sub_ln1171_707_fu_6711_p2   |         -|   0|  0|  12|          12|          12|
    |sub_ln1171_708_fu_7424_p2   |         -|   0|  0|  13|          13|          13|
    |sub_ln1171_709_fu_7632_p2   |         -|   0|  0|  14|          14|          14|
    |sub_ln1171_710_fu_5504_p2   |         -|   0|  0|  11|          11|          11|
    |sub_ln1171_fu_5912_p2       |         -|   0|  0|  13|          13|          13|
    |sub_ln717_275_fu_4588_p2    |         -|   0|  0|  12|          12|          12|
    |sub_ln717_276_fu_8345_p2    |         -|   0|  0|  11|          11|          11|
    |sub_ln717_277_fu_4675_p2    |         -|   0|  0|  13|          13|          13|
    |sub_ln717_278_fu_2390_p2    |         -|   0|  0|  12|          12|          12|
    |sub_ln717_279_fu_1803_p2    |         -|   0|  0|  11|          11|          11|
    |sub_ln717_280_fu_2504_p2    |         -|   0|  0|  13|          13|          13|
    |sub_ln717_281_fu_2520_p2    |         -|   0|  0|  13|          13|          13|
    |sub_ln717_282_fu_2615_p2    |         -|   0|  0|  12|          12|          12|
    |sub_ln717_283_fu_2712_p2    |         -|   0|  0|  12|          12|          12|
    |sub_ln717_284_fu_3624_p2    |         -|   0|  0|  13|          13|          13|
    |sub_ln717_285_fu_2816_p2    |         -|   0|  0|  14|          14|          14|
    |sub_ln717_286_fu_3056_p2    |         -|   0|  0|  13|          13|          13|
    |sub_ln717_287_fu_2280_p2    |         -|   0|  0|  13|          13|          13|
    |sub_ln717_288_fu_1739_p2    |         -|   0|  0|  12|          12|          12|
    |sub_ln717_289_fu_3193_p2    |         -|   0|  0|  13|          13|          13|
    |sub_ln717_290_fu_3916_p2    |         -|   0|  0|  13|          13|          13|
    |sub_ln717_291_fu_6813_p2    |         -|   0|  0|  11|          11|          11|
    |sub_ln717_292_fu_6911_p2    |         -|   0|  0|  13|          13|          13|
    |sub_ln717_293_fu_6982_p2    |         -|   0|  0|  13|          13|          13|
    |sub_ln717_294_fu_7040_p2    |         -|   0|  0|  13|          13|          13|
    |sub_ln717_295_fu_7086_p2    |         -|   0|  0|  13|          13|          13|
    |sub_ln717_296_fu_3280_p2    |         -|   0|  0|  11|          11|          11|
    |sub_ln717_297_fu_4993_p2    |         -|   0|  0|  13|          13|          13|
    |sub_ln717_298_fu_5137_p2    |         -|   0|  0|  11|          11|          11|
    |sub_ln717_299_fu_5236_p2    |         -|   0|  0|  11|          11|          11|
    |sub_ln717_300_fu_7400_p2    |         -|   0|  0|  13|          13|          13|
    |sub_ln717_301_fu_5268_p2    |         -|   0|  0|  13|          13|          13|
    |sub_ln717_302_fu_7525_p2    |         -|   0|  0|  12|          12|          12|
    |sub_ln717_303_fu_5391_p2    |         -|   0|  0|  13|          13|          13|
    |sub_ln717_304_fu_5411_p2    |         -|   0|  0|  11|          11|          11|
    |sub_ln717_305_fu_5476_p2    |         -|   0|  0|  14|          14|          14|
    |sub_ln717_306_fu_5667_p2    |         -|   0|  0|  13|          13|          13|
    |sub_ln717_fu_6309_p2        |         -|   0|  0|  14|          14|          14|
    |xor_ln712_fu_7933_p2        |       xor|   0|  0|   9|           8|           9|
    +----------------------------+----------+----+---+----+------------+------------+
    |Total                       |          |   0|  0|6991|        6168|        6839|
    +----------------------------+----------+----+---+----+------------+------------+

    * Multiplexer: 
    +---------------+-----+-----------+-----+-----------+
    |      Name     | LUT | Input Size| Bits| Total Bits|
    +---------------+-----+-----------+-----+-----------+
    |ap_NS_fsm      |  134|         27|    1|         27|
    |grp_fu_570_p0  |  113|         23|    8|        184|
    |grp_fu_570_p1  |   33|          8|    7|         56|
    |grp_fu_571_p0  |  113|         23|    8|        184|
    |grp_fu_571_p1  |   41|         10|    7|         70|
    |grp_fu_572_p0  |  113|         23|    8|        184|
    |grp_fu_572_p1  |   33|          8|    7|         56|
    |grp_fu_573_p0  |  118|         24|    8|        192|
    |grp_fu_573_p1  |   37|          9|    7|         63|
    +---------------+-----+-----------+-----+-----------+
    |Total          |  735|        155|   61|       1016|
    +---------------+-----+-----------+-----+-----------+

    * Register: 
    +----------------------------+----+----+-----+-----------+
    |            Name            | FF | LUT| Bits| Const Bits|
    +----------------------------+----+----+-----+-----------+
    |add_ln712_2735_reg_10610    |  14|   0|   14|          0|
    |add_ln712_2737_reg_11970    |  15|   0|   15|          0|
    |add_ln712_2738_reg_10855    |  12|   0|   14|          2|
    |add_ln712_2739_reg_11040    |  15|   0|   15|          0|
    |add_ln712_2740_reg_11045    |  14|   0|   14|          0|
    |add_ln712_2741_reg_12225    |  15|   0|   15|          0|
    |add_ln712_2743_reg_12265    |  16|   0|   16|          0|
    |add_ln712_2745_reg_11510    |  14|   0|   14|          0|
    |add_ln712_2746_reg_11515    |  13|   0|   13|          0|
    |add_ln712_2747_reg_11770    |  14|   0|   14|          0|
    |add_ln712_2748_reg_11975    |  15|   0|   15|          0|
    |add_ln712_2749_reg_11520    |  13|   0|   13|          0|
    |add_ln712_2750_reg_12335    |  14|   0|   14|          0|
    |add_ln712_2751_reg_11775    |  14|   0|   14|          0|
    |add_ln712_2752_reg_12365    |  15|   0|   15|          0|
    |add_ln712_2754_reg_12390    |  16|   0|   16|          0|
    |add_ln712_2757_reg_11780    |  15|   0|   15|          0|
    |add_ln712_2758_reg_11785    |  13|   0|   15|          2|
    |add_ln712_2760_reg_12395    |  16|   0|   16|          0|
    |add_ln712_2762_reg_12105    |  15|   0|   15|          0|
    |add_ln712_2763_reg_10642    |  13|   0|   13|          0|
    |add_ln712_2764_reg_11525    |  15|   0|   15|          0|
    |add_ln712_2765_reg_12170    |  16|   0|   16|          0|
    |add_ln712_2767_reg_11221    |  15|   0|   15|          0|
    |add_ln712_2769_reg_11050    |  12|   0|   12|          0|
    |add_ln712_2770_reg_11226    |  13|   0|   13|          0|
    |add_ln712_2771_reg_11530    |  15|   0|   15|          0|
    |add_ln712_2773_reg_11980    |  15|   0|   15|          0|
    |add_ln712_2775_reg_11985    |  16|   0|   16|          0|
    |add_ln712_2777_reg_12110    |  16|   0|   16|          0|
    |add_ln712_2778_reg_12415    |  16|   0|   16|          0|
    |add_ln712_2780_reg_11790    |  13|   0|   13|          0|
    |add_ln712_2781_reg_11990    |  14|   0|   14|          0|
    |add_ln712_2783_reg_12115    |  15|   0|   15|          0|
    |add_ln712_2785_reg_12120    |  14|   0|   14|          0|
    |add_ln712_2786_reg_12175    |  15|   0|   15|          0|
    |add_ln712_2787_reg_11055    |  14|   0|   14|          0|
    |add_ln712_2789_reg_12230    |  16|   0|   16|          0|
    |add_ln712_2790_reg_12270    |  16|   0|   16|          0|
    |add_ln712_2791_reg_11535    |  14|   0|   14|          0|
    |add_ln712_2793_reg_11060    |  13|   0|   13|          0|
    |add_ln712_2794_reg_11540    |  14|   0|   14|          0|
    |add_ln712_2795_reg_12275    |  15|   0|   15|          0|
    |add_ln712_2797_reg_12305    |  14|   0|   14|          0|
    |add_ln712_2799_reg_11231    |  14|   0|   14|          0|
    |add_ln712_2800_reg_12310    |  15|   0|   15|          0|
    |add_ln712_2802_reg_12340    |  16|   0|   16|          0|
    |add_ln712_2804_reg_11995    |  14|   0|   14|          0|
    |add_ln712_2807_reg_12125    |  15|   0|   15|          0|
    |add_ln712_2808_reg_12370    |  16|   0|   16|          0|
    |add_ln712_2809_reg_11065    |  12|   0|   12|          0|
    |add_ln712_2811_reg_10860    |  13|   0|   13|          0|
    |add_ln712_2812_reg_10865    |  13|   0|   13|          0|
    |add_ln712_2813_reg_11070    |  14|   0|   14|          0|
    |add_ln712_2814_reg_11236    |  15|   0|   15|          0|
    |add_ln712_2816_reg_11795    |  15|   0|   15|          0|
    |add_ln712_2817_reg_12000    |  16|   0|   16|          0|
    |add_ln712_2818_reg_11545    |  12|   0|   12|          0|
    |add_ln712_2819_reg_11800    |  13|   0|   13|          0|
    |add_ln712_2822_reg_11805    |  15|   0|   15|          0|
    |add_ln712_2824_reg_11550    |   9|   0|    9|          0|
    |add_ln712_2825_reg_11810    |  15|   0|   15|          0|
    |add_ln712_2826_reg_12005    |  16|   0|   16|          0|
    |add_ln712_2827_reg_12130    |  16|   0|   16|          0|
    |add_ln712_2828_reg_12400    |  16|   0|   16|          0|
    |add_ln712_2829_reg_12420    |  16|   0|   16|          0|
    |add_ln712_2831_reg_12010    |  14|   0|   14|          0|
    |add_ln712_2833_reg_12015    |  15|   0|   15|          0|
    |add_ln712_2835_reg_11241    |  13|   0|   13|          0|
    |add_ln712_2836_reg_12020    |  14|   0|   14|          0|
    |add_ln712_2837_reg_11075    |  13|   0|   13|          0|
    |add_ln712_2839_reg_12180    |  15|   0|   15|          0|
    |add_ln712_2840_reg_12235    |  16|   0|   16|          0|
    |add_ln712_2842_reg_12280    |  14|   0|   14|          0|
    |add_ln712_2844_reg_12285    |  15|   0|   15|          0|
    |add_ln712_2846_reg_11246    |  14|   0|   14|          0|
    |add_ln712_2849_reg_11555    |  13|   0|   13|          0|
    |add_ln712_2850_reg_11815    |  15|   0|   15|          0|
    |add_ln712_2851_reg_12315    |  16|   0|   16|          0|
    |add_ln712_2853_reg_11560    |  13|   0|   13|          0|
    |add_ln712_2854_reg_11820    |  14|   0|   14|          0|
    |add_ln712_2855_reg_11825    |  16|   0|   16|          0|
    |add_ln712_2857_reg_12025    |  16|   0|   16|          0|
    |add_ln712_2859_reg_11251    |  15|   0|   15|          0|
    |add_ln712_2860_reg_11256    |  14|   0|   15|          1|
    |add_ln712_2862_reg_12240    |  16|   0|   16|          0|
    |add_ln712_2865_reg_12030    |  15|   0|   15|          0|
    |add_ln712_2867_reg_11830    |  15|   0|   15|          0|
    |add_ln712_2869_reg_11835    |  15|   0|   15|          0|
    |add_ln712_2871_reg_11565    |  12|   0|   12|          0|
    |add_ln712_2872_reg_11840    |  13|   0|   13|          0|
    |add_ln712_2873_reg_12035    |  16|   0|   16|          0|
    |add_ln712_2874_reg_12135    |  16|   0|   16|          0|
    |add_ln712_2875_reg_12290    |  16|   0|   16|          0|
    |add_ln712_2876_reg_12345    |  16|   0|   16|          0|
    |add_ln712_2878_reg_12040    |  15|   0|   15|          0|
    |add_ln712_2880_reg_12140    |  14|   0|   14|          0|
    |add_ln712_2882_reg_10615    |  14|   0|   14|          0|
    |add_ln712_2884_reg_11261    |  12|   0|   12|          0|
    |add_ln712_2886_reg_11570    |  14|   0|   14|          0|
    |add_ln712_2887_reg_11845    |  15|   0|   15|          0|
    |add_ln712_2888_reg_12185    |  16|   0|   16|          0|
    |add_ln712_2890_reg_11266    |  13|   0|   13|          0|
    |add_ln712_2891_reg_10870    |  14|   0|   14|          0|
    |add_ln712_2892_reg_11850    |  13|   0|   13|          0|
    |add_ln712_2894_reg_12045    |  15|   0|   15|          0|
    |add_ln712_2896_reg_12350    |  15|   0|   15|          0|
    |add_ln712_2897_reg_11855    |  13|   0|   13|          0|
    |add_ln712_2899_reg_12355    |  14|   0|   14|          0|
    |add_ln712_2901_reg_12375    |  16|   0|   16|          0|
    |add_ln712_2904_reg_11860    |  11|   0|   11|          0|
    |add_ln712_2905_reg_11865    |  14|   0|   14|          0|
    |add_ln712_2906_reg_11870    |  14|   0|   14|          0|
    |add_ln712_2908_reg_12050    |  15|   0|   15|          0|
    |add_ln712_2910_reg_11875    |  13|   0|   13|          0|
    |add_ln712_2911_reg_11880    |  12|   0|   13|          1|
    |add_ln712_2912_reg_10875    |  15|   0|   15|          0|
    |add_ln712_2914_reg_12055    |  15|   0|   15|          0|
    |add_ln712_2916_reg_11080    |  15|   0|   15|          0|
    |add_ln712_2918_reg_10880    |  11|   0|   11|          0|
    |add_ln712_2920_reg_11085    |  13|   0|   13|          0|
    |add_ln712_2921_reg_11271    |  15|   0|   15|          0|
    |add_ln712_2922_reg_11090    |  15|   0|   15|          0|
    |add_ln712_2925_reg_10885    |   9|   0|    9|          0|
    |add_ln712_2926_reg_11095    |  12|   0|   12|          0|
    |add_ln712_2927_reg_11276    |  15|   0|   15|          0|
    |add_ln712_2928_reg_11575    |  16|   0|   16|          0|
    |add_ln712_2929_reg_12145    |  16|   0|   16|          0|
    |add_ln712_2930_reg_12405    |  16|   0|   16|          0|
    |add_ln712_2931_reg_11885    |  12|   0|   12|          0|
    |add_ln712_2932_reg_12060    |  13|   0|   13|          0|
    |add_ln712_2933_reg_12065    |  14|   0|   14|          0|
    |add_ln712_2935_reg_12150    |  14|   0|   14|          0|
    |add_ln712_2937_reg_12190    |  15|   0|   15|          0|
    |add_ln712_2939_reg_12195    |  12|   0|   13|          1|
    |add_ln712_2940_reg_12245    |  15|   0|   15|          0|
    |add_ln712_2942_reg_12295    |  16|   0|   16|          0|
    |add_ln712_2944_reg_11281    |  13|   0|   13|          0|
    |add_ln712_2945_reg_11286    |  14|   0|   14|          0|
    |add_ln712_2946_reg_11291    |  13|   0|   13|          0|
    |add_ln712_2948_reg_11580    |  15|   0|   15|          0|
    |add_ln712_2950_reg_11585    |  14|   0|   14|          0|
    |add_ln712_2953_reg_12380    |  15|   0|   15|          0|
    |add_ln712_2955_reg_12410    |  16|   0|   16|          0|
    |add_ln712_2958_reg_11890    |  14|   0|   14|          0|
    |add_ln712_2959_reg_10890    |  12|   0|   12|          0|
    |add_ln712_2961_reg_12200    |  15|   0|   15|          0|
    |add_ln712_2962_reg_11100    |  15|   0|   15|          0|
    |add_ln712_2964_reg_10895    |  11|   0|   11|          0|
    |add_ln712_2966_reg_11105    |  15|   0|   15|          0|
    |add_ln712_2967_reg_11296    |  16|   0|   16|          0|
    |add_ln712_2970_reg_12070    |  15|   0|   15|          0|
    |add_ln712_2971_reg_11301    |  11|   0|   11|          0|
    |add_ln712_2973_reg_11895    |  15|   0|   15|          0|
    |add_ln712_2976_reg_11900    |  15|   0|   15|          0|
    |add_ln712_2978_reg_11590    |   9|   0|    9|          0|
    |add_ln712_2979_reg_11905    |  15|   0|   15|          0|
    |add_ln712_2980_reg_12075    |  16|   0|   16|          0|
    |add_ln712_2981_reg_12155    |  16|   0|   16|          0|
    |add_ln712_2982_reg_12250    |  16|   0|   16|          0|
    |add_ln712_2983_reg_12425    |  16|   0|   16|          0|
    |add_ln712_2984_reg_11910    |  13|   0|   13|          0|
    |add_ln712_2986_reg_12205    |  15|   0|   15|          0|
    |add_ln712_2989_reg_11110    |  14|   0|   14|          0|
    |add_ln712_2991_reg_11115    |  14|   0|   14|          0|
    |add_ln712_2992_reg_11306    |  15|   0|   15|          0|
    |add_ln712_2993_reg_12255    |  16|   0|   16|          0|
    |add_ln712_2995_reg_12320    |  15|   0|   15|          0|
    |add_ln712_2997_reg_12325    |  14|   0|   14|          0|
    |add_ln712_2999_reg_11915    |  14|   0|   14|          0|
    |add_ln712_3001_reg_11920    |  14|   0|   14|          0|
    |add_ln712_3003_reg_12080    |  16|   0|   16|          0|
    |add_ln712_3004_reg_12360    |  16|   0|   16|          0|
    |add_ln712_3006_reg_11925    |  12|   0|   12|          0|
    |add_ln712_3009_reg_11930    |  13|   0|   13|          0|
    |add_ln712_3010_reg_12085    |  15|   0|   15|          0|
    |add_ln712_3012_reg_11120    |  13|   0|   13|          0|
    |add_ln712_3013_reg_11125    |  15|   0|   15|          0|
    |add_ln712_3015_reg_11311    |  15|   0|   15|          0|
    |add_ln712_3018_reg_11316    |  16|   0|   16|          0|
    |add_ln712_3020_reg_11595    |  13|   0|   13|          0|
    |add_ln712_3022_reg_11600    |  15|   0|   15|          0|
    |add_ln712_3025_reg_11605    |  11|   0|   13|          2|
    |add_ln712_3026_reg_11935    |  16|   0|   16|          0|
    |add_ln712_3027_reg_12090    |  16|   0|   16|          0|
    |add_ln712_3028_reg_12160    |  16|   0|   16|          0|
    |add_ln712_3029_reg_12385    |  16|   0|   16|          0|
    |add_ln712_reg_11765         |  13|   0|   13|          0|
    |ap_CS_fsm                   |  26|   0|   26|          0|
    |ap_port_reg_p_read          |   8|   0|    8|          0|
    |ap_port_reg_p_read1         |   8|   0|    8|          0|
    |ap_port_reg_p_read10        |   8|   0|    8|          0|
    |ap_port_reg_p_read11        |   8|   0|    8|          0|
    |ap_port_reg_p_read12        |   8|   0|    8|          0|
    |ap_port_reg_p_read13        |   8|   0|    8|          0|
    |ap_port_reg_p_read14        |   8|   0|    8|          0|
    |ap_port_reg_p_read15        |   8|   0|    8|          0|
    |ap_port_reg_p_read16        |   8|   0|    8|          0|
    |ap_port_reg_p_read17        |   8|   0|    8|          0|
    |ap_port_reg_p_read18        |   8|   0|    8|          0|
    |ap_port_reg_p_read2         |   8|   0|    8|          0|
    |ap_port_reg_p_read20        |   8|   0|    8|          0|
    |ap_port_reg_p_read21        |   8|   0|    8|          0|
    |ap_port_reg_p_read22        |   8|   0|    8|          0|
    |ap_port_reg_p_read23        |   8|   0|    8|          0|
    |ap_port_reg_p_read24        |   8|   0|    8|          0|
    |ap_port_reg_p_read25        |   8|   0|    8|          0|
    |ap_port_reg_p_read26        |   8|   0|    8|          0|
    |ap_port_reg_p_read29        |   8|   0|    8|          0|
    |ap_port_reg_p_read3         |   8|   0|    8|          0|
    |ap_port_reg_p_read30        |   8|   0|    8|          0|
    |ap_port_reg_p_read31        |   8|   0|    8|          0|
    |ap_port_reg_p_read33        |   8|   0|    8|          0|
    |ap_port_reg_p_read34        |   8|   0|    8|          0|
    |ap_port_reg_p_read35        |   8|   0|    8|          0|
    |ap_port_reg_p_read36        |   8|   0|    8|          0|
    |ap_port_reg_p_read37        |   8|   0|    8|          0|
    |ap_port_reg_p_read38        |   8|   0|    8|          0|
    |ap_port_reg_p_read39        |   8|   0|    8|          0|
    |ap_port_reg_p_read4         |   8|   0|    8|          0|
    |ap_port_reg_p_read40        |   8|   0|    8|          0|
    |ap_port_reg_p_read41        |   8|   0|    8|          0|
    |ap_port_reg_p_read42        |   8|   0|    8|          0|
    |ap_port_reg_p_read43        |   8|   0|    8|          0|
    |ap_port_reg_p_read44        |   8|   0|    8|          0|
    |ap_port_reg_p_read45        |   8|   0|    8|          0|
    |ap_port_reg_p_read46        |   8|   0|    8|          0|
    |ap_port_reg_p_read47        |   8|   0|    8|          0|
    |ap_port_reg_p_read48        |   8|   0|    8|          0|
    |ap_port_reg_p_read49        |   8|   0|    8|          0|
    |ap_port_reg_p_read5         |   8|   0|    8|          0|
    |ap_port_reg_p_read50        |   8|   0|    8|          0|
    |ap_port_reg_p_read51        |   8|   0|    8|          0|
    |ap_port_reg_p_read52        |   8|   0|    8|          0|
    |ap_port_reg_p_read53        |   8|   0|    8|          0|
    |ap_port_reg_p_read54        |   8|   0|    8|          0|
    |ap_port_reg_p_read6         |   8|   0|    8|          0|
    |ap_port_reg_p_read7         |   8|   0|    8|          0|
    |ap_port_reg_p_read8         |   8|   0|    8|          0|
    |ap_port_reg_p_read9         |   8|   0|    8|          0|
    |mult_V_105_reg_10670        |  11|   0|   11|          0|
    |mult_V_107_reg_10675        |  12|   0|   12|          0|
    |mult_V_108_reg_10963        |  11|   0|   11|          0|
    |mult_V_138_reg_10707        |  12|   0|   12|          0|
    |mult_V_159_reg_10820        |   8|   0|    9|          1|
    |mult_V_162_reg_10717        |  11|   0|   11|          0|
    |mult_V_163_reg_10973        |  11|   0|   13|          2|
    |mult_V_167_reg_10984        |  12|   0|   12|          0|
    |mult_V_177_reg_10403        |  12|   0|   12|          0|
    |mult_V_184_reg_10835        |  12|   0|   12|          0|
    |mult_V_198_reg_10745        |  12|   0|   12|          0|
    |mult_V_209_reg_11014        |  12|   0|   12|          0|
    |mult_V_212_reg_10448        |  11|   0|   11|          0|
    |mult_V_213_reg_10845        |  12|   0|   12|          0|
    |mult_V_217_reg_11675        |  12|   0|   12|          0|
    |mult_V_220_reg_11680        |  10|   0|   10|          0|
    |mult_V_222_reg_11695        |  10|   0|   10|          0|
    |mult_V_226_reg_11690        |   8|   0|   10|          2|
    |mult_V_232_reg_11705        |  12|   0|   12|          0|
    |mult_V_241_reg_11715        |  12|   0|   12|          0|
    |mult_V_242_reg_11720        |  12|   0|   12|          0|
    |mult_V_257_reg_11191        |   8|   0|   10|          2|
    |mult_V_266_reg_11201        |  11|   0|   11|          0|
    |mult_V_307_reg_11415        |  11|   0|   12|          1|
    |mult_V_30_reg_10518         |  12|   0|   12|          0|
    |mult_V_311_reg_11420        |  12|   0|   12|          0|
    |mult_V_316_reg_11425        |  12|   0|   12|          0|
    |mult_V_319_reg_11430        |  11|   0|   12|          1|
    |mult_V_322_reg_11440        |  10|   0|   10|          0|
    |mult_V_325_reg_11740        |   7|   0|    7|          0|
    |mult_V_334_reg_10468        |  12|   0|   12|          0|
    |mult_V_336_reg_11445        |  12|   0|   12|          0|
    |mult_V_338_reg_11750        |  11|   0|   11|          0|
    |mult_V_348_reg_11455        |   7|   0|    7|          0|
    |mult_V_352_reg_11465        |  12|   0|   12|          0|
    |mult_V_354_reg_11470        |  11|   0|   13|          2|
    |mult_V_358_reg_11485        |  11|   0|   11|          0|
    |mult_V_366_reg_11495        |  11|   0|   11|          0|
    |mult_V_382_reg_11505        |  12|   0|   12|          0|
    |mult_V_38_reg_11945         |  12|   0|   12|          0|
    |mult_V_47_reg_11380         |  11|   0|   11|          0|
    |mult_V_48_reg_11960         |  10|   0|   10|          0|
    |mult_V_56_reg_11385         |   7|   0|    7|          0|
    |mult_V_61_reg_10544         |  11|   0|   11|          0|
    |mult_V_65_reg_11400         |  12|   0|   12|          0|
    |mult_V_6_reg_10508          |  12|   0|   12|          0|
    |mult_V_72_reg_10943         |  11|   0|   11|          0|
    |mult_V_77_reg_10595         |  12|   0|   12|          0|
    |mult_V_82_reg_10600         |  11|   0|   11|          0|
    |mult_V_97_reg_10953         |  11|   0|   12|          1|
    |p_read_166_reg_11321        |   8|   0|    8|          0|
    |p_read_167_reg_11328        |   8|   0|    8|          0|
    |p_read_170_reg_10413        |   8|   0|    8|          0|
    |p_read_171_reg_11333        |   8|   0|    8|          0|
    |p_read_172_reg_10421        |   8|   0|    8|          0|
    |p_read_173_reg_11610        |   8|   0|    8|          0|
    |p_read_174_reg_10900        |   8|   0|    8|          0|
    |p_read_175_reg_11342        |   8|   0|    8|          0|
    |p_read_176_reg_11348        |   8|   0|    8|          0|
    |p_read_177_reg_11130        |   8|   0|    8|          0|
    |p_read_178_reg_11137        |   8|   0|    8|          0|
    |p_read_179_reg_10909        |   8|   0|    8|          0|
    |p_read_180_reg_10916        |   8|   0|    8|          0|
    |p_read_181_reg_10429        |   8|   0|    8|          0|
    |p_read_182_reg_10925        |   8|   0|    8|          0|
    |p_read_183_reg_11615        |   8|   0|    8|          0|
    |p_read_184_reg_10931        |   8|   0|    8|          0|
    |p_read_185_reg_10760        |   8|   0|    8|          0|
    |p_read_187_reg_10438        |   8|   0|    8|          0|
    |p_read_188_reg_10359        |   8|   0|    8|          0|
    |p_read_189_reg_10722        |   8|   0|    8|          0|
    |p_read_190_reg_10729        |   8|   0|    8|          0|
    |p_read_192_reg_10367        |   8|   0|    8|          0|
    |p_read_193_reg_10374        |   8|   0|    8|          0|
    |p_read_194_reg_10680        |   8|   0|    8|          0|
    |p_read_195_reg_10769        |   8|   0|    8|          0|
    |p_read_196_reg_10777        |   8|   0|    8|          0|
    |p_read_197_reg_10689        |   8|   0|    8|          0|
    |p_read_198_reg_10647        |   8|   0|    8|          0|
    |p_read_201_reg_10383        |   8|   0|    8|          0|
    |p_read_202_reg_10938        |   8|   0|    8|          0|
    |p_read_203_reg_10654        |   8|   0|    8|          0|
    |p_read_204_reg_10620        |   8|   0|    8|          0|
    |p_read_205_reg_10630        |   8|   0|    8|          0|
    |p_read_206_reg_10576        |   8|   0|    8|          0|
    |p_read_207_reg_10586        |   8|   0|    8|          0|
    |p_read_208_reg_10549        |   8|   0|    8|          0|
    |p_read_209_reg_10558        |   8|   0|    8|          0|
    |p_read_210_reg_10523        |   8|   0|    8|          0|
    |p_read_211_reg_11354        |   8|   0|    8|          0|
    |p_read_213_reg_10532        |   8|   0|    8|          0|
    |p_read_215_reg_10484        |   8|   0|    8|          0|
    |p_read_218_reg_10492        |   8|   0|    8|          0|
    |p_read_219_reg_10500        |   8|   0|    8|          0|
    |reg_1293                    |  11|   0|   11|          0|
    |reg_1297                    |  11|   0|   11|          0|
    |reg_1301                    |  11|   0|   11|          0|
    |reg_1305                    |  12|   0|   12|          0|
    |reg_1309                    |  13|   0|   13|          0|
    |reg_1313                    |  13|   0|   13|          0|
    |reg_1317                    |  12|   0|   12|          0|
    |reg_1321                    |  13|   0|   13|          0|
    |reg_1325                    |  13|   0|   13|          0|
    |reg_1329                    |  12|   0|   12|          0|
    |reg_1333                    |  12|   0|   12|          0|
    |reg_1337                    |  11|   0|   11|          0|
    |reg_1341                    |  13|   0|   13|          0|
    |reg_1345                    |  13|   0|   13|          0|
    |reg_1349                    |  13|   0|   13|          0|
    |reg_1353                    |  13|   0|   13|          0|
    |reg_1357                    |  12|   0|   12|          0|
    |sext_ln1171_378_reg_11630   |  13|   0|   13|          0|
    |shl_ln1171_101_reg_10800    |   8|   0|    9|          1|
    |shl_ln1171_127_reg_11171    |   8|   0|    9|          1|
    |shl_ln1171_142_reg_11755    |   8|   0|    9|          1|
    |sub_ln1171_570_reg_11360    |   9|   0|   12|          3|
    |sub_ln1171_622_reg_11156    |   9|   0|   13|          4|
    |sub_ln1171_676_reg_11035    |   9|   0|   12|          3|
    |sub_ln1171_693_reg_11500    |   9|   0|   11|          2|
    |trunc_ln42_64_reg_10539     |  12|   0|   12|          0|
    |trunc_ln42_69_reg_10458     |  11|   0|   11|          0|
    |trunc_ln42_71_reg_10479     |  12|   0|   12|          0|
    |trunc_ln42_s_reg_10513      |  12|   0|   12|          0|
    |trunc_ln717_1143_reg_11635  |  13|   0|   13|          0|
    |trunc_ln717_1144_reg_11640  |  11|   0|   11|          0|
    |trunc_ln717_1145_reg_11645  |  13|   0|   13|          0|
    |trunc_ln717_1147_reg_11650  |  12|   0|   13|          1|
    |trunc_ln717_1149_reg_11655  |  11|   0|   13|          2|
    |trunc_ln717_1152_reg_11660  |  14|   0|   14|          0|
    |trunc_ln717_1153_reg_11665  |  12|   0|   13|          1|
    |trunc_ln717_1156_reg_11365  |   8|   0|    8|          0|
    |trunc_ln717_1158_reg_11940  |  12|   0|   13|          1|
    |trunc_ln717_1160_reg_11950  |   9|   0|   12|          3|
    |trunc_ln717_1161_reg_11955  |   8|   0|    8|          0|
    |trunc_ln717_1162_reg_11370  |  13|   0|   13|          0|
    |trunc_ln717_1163_reg_11375  |  11|   0|   11|          0|
    |trunc_ln717_1169_reg_11965  |  14|   0|   14|          0|
    |trunc_ln717_1171_reg_11390  |   8|   0|    8|          0|
    |trunc_ln717_1174_reg_10566  |  13|   0|   13|          0|
    |trunc_ln717_1175_reg_11395  |  12|   0|   13|          1|
    |trunc_ln717_1176_reg_12095  |  12|   0|   13|          1|
    |trunc_ln717_1180_reg_10948  |  11|   0|   11|          0|
    |trunc_ln717_1181_reg_10571  |  13|   0|   13|          0|
    |trunc_ln717_1183_reg_12100  |   9|   0|    9|          0|
    |trunc_ln717_1191_reg_10785  |  12|   0|   12|          0|
    |trunc_ln717_1193_reg_10637  |  12|   0|   12|          0|
    |trunc_ln717_1194_reg_10790  |  11|   0|   11|          0|
    |trunc_ln717_1199_reg_10958  |  12|   0|   12|          0|
    |trunc_ln717_1203_reg_12165  |  13|   0|   13|          0|
    |trunc_ln717_1209_reg_10795  |   8|   0|    8|          0|
    |trunc_ln717_1210_reg_10968  |  11|   0|   11|          0|
    |trunc_ln717_1212_reg_12210  |   9|   0|    9|          0|
    |trunc_ln717_1213_reg_10805  |  11|   0|   12|          1|
    |trunc_ln717_1214_reg_10810  |  10|   0|   10|          0|
    |trunc_ln717_1217_reg_11146  |  12|   0|   12|          0|
    |trunc_ln717_1219_reg_11151  |   9|   0|   11|          2|
    |trunc_ln717_1223_reg_10815  |  12|   0|   12|          0|
    |trunc_ln717_1226_reg_12215  |   9|   0|   13|          4|
    |trunc_ln717_1227_reg_11405  |  13|   0|   13|          0|
    |trunc_ln717_1230_reg_10978  |  11|   0|   11|          0|
    |trunc_ln717_1231_reg_10989  |  11|   0|   11|          0|
    |trunc_ln717_1233_reg_11161  |  12|   0|   12|          0|
    |trunc_ln717_1234_reg_10994  |  11|   0|   11|          0|
    |trunc_ln717_1236_reg_10735  |  12|   0|   12|          0|
    |trunc_ln717_1237_reg_10999  |  12|   0|   13|          1|
    |trunc_ln717_1238_reg_11004  |  13|   0|   13|          0|
    |trunc_ln717_1240_reg_10825  |  12|   0|   12|          0|
    |trunc_ln717_1241_reg_10830  |  12|   0|   12|          0|
    |trunc_ln717_1244_reg_10740  |  12|   0|   12|          0|
    |trunc_ln717_1246_reg_11166  |  13|   0|   13|          0|
    |trunc_ln717_1247_reg_10750  |  12|   0|   12|          0|
    |trunc_ln717_1249_reg_10755  |  11|   0|   11|          0|
    |trunc_ln717_1250_reg_11009  |  12|   0|   12|          0|
    |trunc_ln717_1251_reg_10840  |  13|   0|   13|          0|
    |trunc_ln717_1256_reg_12260  |  11|   0|   13|          2|
    |trunc_ln717_1257_reg_11670  |   9|   0|   12|          3|
    |trunc_ln717_1260_reg_11685  |   9|   0|   11|          2|
    |trunc_ln717_1262_reg_10850  |  12|   0|   12|          0|
    |trunc_ln717_1266_reg_11176  |   9|   0|    9|          0|
    |trunc_ln717_1267_reg_11700  |  13|   0|   13|          0|
    |trunc_ln717_1269_reg_11710  |  12|   0|   12|          0|
    |trunc_ln717_1272_reg_11725  |  11|   0|   12|          1|
    |trunc_ln717_1274_reg_11181  |  12|   0|   12|          0|
    |trunc_ln717_1275_reg_11186  |  11|   0|   11|          0|
    |trunc_ln717_1277_reg_11196  |  11|   0|   11|          0|
    |trunc_ln717_1281_reg_11206  |  12|   0|   12|          0|
    |trunc_ln717_1282_reg_11730  |   9|   0|    9|          0|
    |trunc_ln717_1285_reg_11211  |  13|   0|   13|          0|
    |trunc_ln717_1287_reg_11735  |  13|   0|   13|          0|
    |trunc_ln717_1291_reg_11410  |  12|   0|   12|          0|
    |trunc_ln717_1298_reg_12300  |   8|   0|    8|          0|
    |trunc_ln717_1301_reg_11435  |  12|   0|   13|          1|
    |trunc_ln717_1306_reg_11745  |  12|   0|   13|          1|
    |trunc_ln717_1315_reg_12330  |   9|   0|    9|          0|
    |trunc_ln717_1317_reg_11450  |  12|   0|   12|          0|
    |trunc_ln717_1319_reg_11760  |  13|   0|   13|          0|
    |trunc_ln717_1321_reg_11460  |  11|   0|   12|          1|
    |trunc_ln717_1325_reg_11475  |  10|   0|   10|          0|
    |trunc_ln717_1326_reg_11480  |  12|   0|   13|          1|
    |trunc_ln717_s_reg_11625     |  11|   0|   11|          0|
    |trunc_ln_reg_11620          |  12|   0|   12|          0|
    |zext_ln1171_616_reg_10605   |   8|   0|   14|          6|
    |zext_ln1171_628_reg_10660   |   8|   0|   12|          4|
    |zext_ln1171_629_reg_10665   |   8|   0|   14|          6|
    |zext_ln1171_645_reg_10696   |   8|   0|   14|          6|
    |zext_ln1171_647_reg_10701   |   8|   0|   13|          5|
    |zext_ln1171_661_reg_10712   |   8|   0|   12|          4|
    |zext_ln1171_665_reg_12220   |   8|   0|   14|          6|
    |zext_ln1171_666_reg_10392   |   8|   0|   12|          4|
    |zext_ln1171_671_reg_10398   |   8|   0|   13|          5|
    |zext_ln1171_688_reg_10408   |   8|   0|   12|          4|
    |zext_ln1171_718_reg_11024   |   8|   0|   12|          4|
    |zext_ln1171_721_reg_10453   |   8|   0|   12|          4|
    |zext_ln1171_735_reg_11216   |   8|   0|   13|          5|
    |zext_ln1171_752_reg_10463   |   8|   0|   13|          5|
    |zext_ln1171_762_reg_10473   |   8|   0|   13|          5|
    |zext_ln1171_773_reg_11490   |   8|   0|   14|          6|
    |zext_ln717_847_reg_11019    |   8|   0|   13|          5|
    |zext_ln717_854_reg_11030    |   8|   0|   12|          4|
    +----------------------------+----+----+-----+-----------+
    |Total                       |5386|   0| 5540|        154|
    +----------------------------+----+----+-----+-----------+



================================================================
== Interface
================================================================
* Summary: 
+-------------+-----+-----+------------+-----------------------------------------------------------------------------+--------------+
|  RTL Ports  | Dir | Bits|  Protocol  |                                Source Object                                |    C Type    |
+-------------+-----+-----+------------+-----------------------------------------------------------------------------+--------------+
|ap_clk       |   in|    1|  ap_ctrl_hs|  dense_latency<ap_ufixed<8, 1, 4, 0, 0>, ap_fixed<16, 4, 5, 3, 0>, config11>|  return value|
|ap_rst       |   in|    1|  ap_ctrl_hs|  dense_latency<ap_ufixed<8, 1, 4, 0, 0>, ap_fixed<16, 4, 5, 3, 0>, config11>|  return value|
|ap_start     |   in|    1|  ap_ctrl_hs|  dense_latency<ap_ufixed<8, 1, 4, 0, 0>, ap_fixed<16, 4, 5, 3, 0>, config11>|  return value|
|ap_done      |  out|    1|  ap_ctrl_hs|  dense_latency<ap_ufixed<8, 1, 4, 0, 0>, ap_fixed<16, 4, 5, 3, 0>, config11>|  return value|
|ap_idle      |  out|    1|  ap_ctrl_hs|  dense_latency<ap_ufixed<8, 1, 4, 0, 0>, ap_fixed<16, 4, 5, 3, 0>, config11>|  return value|
|ap_ready     |  out|    1|  ap_ctrl_hs|  dense_latency<ap_ufixed<8, 1, 4, 0, 0>, ap_fixed<16, 4, 5, 3, 0>, config11>|  return value|
|ap_return_0  |  out|   16|  ap_ctrl_hs|  dense_latency<ap_ufixed<8, 1, 4, 0, 0>, ap_fixed<16, 4, 5, 3, 0>, config11>|  return value|
|ap_return_1  |  out|   16|  ap_ctrl_hs|  dense_latency<ap_ufixed<8, 1, 4, 0, 0>, ap_fixed<16, 4, 5, 3, 0>, config11>|  return value|
|ap_return_2  |  out|   16|  ap_ctrl_hs|  dense_latency<ap_ufixed<8, 1, 4, 0, 0>, ap_fixed<16, 4, 5, 3, 0>, config11>|  return value|
|ap_return_3  |  out|   16|  ap_ctrl_hs|  dense_latency<ap_ufixed<8, 1, 4, 0, 0>, ap_fixed<16, 4, 5, 3, 0>, config11>|  return value|
|ap_return_4  |  out|   16|  ap_ctrl_hs|  dense_latency<ap_ufixed<8, 1, 4, 0, 0>, ap_fixed<16, 4, 5, 3, 0>, config11>|  return value|
|ap_return_5  |  out|   16|  ap_ctrl_hs|  dense_latency<ap_ufixed<8, 1, 4, 0, 0>, ap_fixed<16, 4, 5, 3, 0>, config11>|  return value|
|p_read       |   in|    8|     ap_none|                                                                       p_read|        scalar|
|p_read1      |   in|    8|     ap_none|                                                                      p_read1|        scalar|
|p_read2      |   in|    8|     ap_none|                                                                      p_read2|        scalar|
|p_read3      |   in|    8|     ap_none|                                                                      p_read3|        scalar|
|p_read4      |   in|    8|     ap_none|                                                                      p_read4|        scalar|
|p_read5      |   in|    8|     ap_none|                                                                      p_read5|        scalar|
|p_read6      |   in|    8|     ap_none|                                                                      p_read6|        scalar|
|p_read7      |   in|    8|     ap_none|                                                                      p_read7|        scalar|
|p_read8      |   in|    8|     ap_none|                                                                      p_read8|        scalar|
|p_read9      |   in|    8|     ap_none|                                                                      p_read9|        scalar|
|p_read10     |   in|    8|     ap_none|                                                                     p_read10|        scalar|
|p_read11     |   in|    8|     ap_none|                                                                     p_read11|        scalar|
|p_read12     |   in|    8|     ap_none|                                                                     p_read12|        scalar|
|p_read13     |   in|    8|     ap_none|                                                                     p_read13|        scalar|
|p_read14     |   in|    8|     ap_none|                                                                     p_read14|        scalar|
|p_read15     |   in|    8|     ap_none|                                                                     p_read15|        scalar|
|p_read16     |   in|    8|     ap_none|                                                                     p_read16|        scalar|
|p_read17     |   in|    8|     ap_none|                                                                     p_read17|        scalar|
|p_read18     |   in|    8|     ap_none|                                                                     p_read18|        scalar|
|p_read19     |   in|    8|     ap_none|                                                                     p_read19|        scalar|
|p_read20     |   in|    8|     ap_none|                                                                     p_read20|        scalar|
|p_read21     |   in|    8|     ap_none|                                                                     p_read21|        scalar|
|p_read22     |   in|    8|     ap_none|                                                                     p_read22|        scalar|
|p_read23     |   in|    8|     ap_none|                                                                     p_read23|        scalar|
|p_read24     |   in|    8|     ap_none|                                                                     p_read24|        scalar|
|p_read25     |   in|    8|     ap_none|                                                                     p_read25|        scalar|
|p_read26     |   in|    8|     ap_none|                                                                     p_read26|        scalar|
|p_read27     |   in|    8|     ap_none|                                                                     p_read27|        scalar|
|p_read28     |   in|    8|     ap_none|                                                                     p_read28|        scalar|
|p_read29     |   in|    8|     ap_none|                                                                     p_read29|        scalar|
|p_read30     |   in|    8|     ap_none|                                                                     p_read30|        scalar|
|p_read31     |   in|    8|     ap_none|                                                                     p_read31|        scalar|
|p_read32     |   in|    8|     ap_none|                                                                     p_read32|        scalar|
|p_read33     |   in|    8|     ap_none|                                                                     p_read33|        scalar|
|p_read34     |   in|    8|     ap_none|                                                                     p_read34|        scalar|
|p_read35     |   in|    8|     ap_none|                                                                     p_read35|        scalar|
|p_read36     |   in|    8|     ap_none|                                                                     p_read36|        scalar|
|p_read37     |   in|    8|     ap_none|                                                                     p_read37|        scalar|
|p_read38     |   in|    8|     ap_none|                                                                     p_read38|        scalar|
|p_read39     |   in|    8|     ap_none|                                                                     p_read39|        scalar|
|p_read40     |   in|    8|     ap_none|                                                                     p_read40|        scalar|
|p_read41     |   in|    8|     ap_none|                                                                     p_read41|        scalar|
|p_read42     |   in|    8|     ap_none|                                                                     p_read42|        scalar|
|p_read43     |   in|    8|     ap_none|                                                                     p_read43|        scalar|
|p_read44     |   in|    8|     ap_none|                                                                     p_read44|        scalar|
|p_read45     |   in|    8|     ap_none|                                                                     p_read45|        scalar|
|p_read46     |   in|    8|     ap_none|                                                                     p_read46|        scalar|
|p_read47     |   in|    8|     ap_none|                                                                     p_read47|        scalar|
|p_read48     |   in|    8|     ap_none|                                                                     p_read48|        scalar|
|p_read49     |   in|    8|     ap_none|                                                                     p_read49|        scalar|
|p_read50     |   in|    8|     ap_none|                                                                     p_read50|        scalar|
|p_read51     |   in|    8|     ap_none|                                                                     p_read51|        scalar|
|p_read52     |   in|    8|     ap_none|                                                                     p_read52|        scalar|
|p_read53     |   in|    8|     ap_none|                                                                     p_read53|        scalar|
|p_read54     |   in|    8|     ap_none|                                                                     p_read54|        scalar|
+-------------+-----+-----+------------+-----------------------------------------------------------------------------+--------------+

