

================================================================
== Vitis HLS Report for 'dense_latency_ap_ufixed_8_0_4_0_0_ap_fixed_16_4_5_3_0_config11_s'
================================================================
* Date:           Mon Jul 17 12:26:09 2023

* Version:        2021.1 (Build 3247384 on Thu Jun 10 19:36:07 MDT 2021)
* Project:        myproject_prj
* Solution:       solution1 (Vivado IP Flow Target)
* Product family: zynq
* Target device:  xc7z007s-clg225-2


================================================================
== Performance Estimates
================================================================
+ Timing: 
    * Summary: 
    +--------+---------+----------+------------+
    |  Clock |  Target | Estimated| Uncertainty|
    +--------+---------+----------+------------+
    |ap_clk  |  3.33 ns|  3.186 ns|     0.42 ns|
    +--------+---------+----------+------------+

+ Latency: 
    * Summary: 
    +---------+---------+-----------+-----------+-----+-----+---------+
    |  Latency (cycles) |   Latency (absolute)  |  Interval | Pipeline|
    |   min   |   max   |    min    |    max    | min | max |   Type  |
    +---------+---------+-----------+-----------+-----+-----+---------+
    |        7|        7|  23.310 ns|  23.310 ns|    1|    1|      yes|
    +---------+---------+-----------+-----------+-----+-----+---------+

    + Detail: 
        * Instance: 
        N/A

        * Loop: 
        N/A



================================================================
== Utilization Estimates
================================================================
* Summary: 
+-----------------+---------+-----+-------+-------+-----+
|       Name      | BRAM_18K| DSP |   FF  |  LUT  | URAM|
+-----------------+---------+-----+-------+-------+-----+
|DSP              |        -|    -|      -|      -|    -|
|Expression       |        -|    -|      0|   2688|    -|
|FIFO             |        -|    -|      -|      -|    -|
|Instance         |        -|   85|      0|      0|    -|
|Memory           |        -|    -|      -|      -|    -|
|Multiplexer      |        -|    -|      -|     65|    -|
|Register         |        -|    -|   4855|    544|    -|
+-----------------+---------+-----+-------+-------+-----+
|Total            |        0|   85|   4855|   3297|    0|
+-----------------+---------+-----+-------+-------+-----+
|Available        |      100|   66|  28800|  14400|    0|
+-----------------+---------+-----+-------+-------+-----+
|Utilization (%)  |        0|  128|     16|     22|    0|
+-----------------+---------+-----+-------+-------+-----+

+ Detail: 
    * Instance: 
    +--------------------------+--------------------+---------+----+---+----+-----+
    |         Instance         |       Module       | BRAM_18K| DSP| FF| LUT| URAM|
    +--------------------------+--------------------+---------+----+---+----+-----+
    |mul_8ns_5ns_12_3_0_U960   |mul_8ns_5ns_12_3_0  |        0|   1|  0|   0|    0|
    |mul_8ns_5ns_12_3_0_U1010  |mul_8ns_5ns_12_3_0  |        0|   1|  0|   0|    0|
    |mul_8ns_6ns_13_3_0_U966   |mul_8ns_6ns_13_3_0  |        0|   1|  0|   0|    0|
    |mul_8ns_6ns_13_3_0_U971   |mul_8ns_6ns_13_3_0  |        0|   1|  0|   0|    0|
    |mul_8ns_6ns_13_3_0_U992   |mul_8ns_6ns_13_3_0  |        0|   1|  0|   0|    0|
    |mul_8ns_6ns_13_3_0_U998   |mul_8ns_6ns_13_3_0  |        0|   1|  0|   0|    0|
    |mul_8ns_6ns_13_3_0_U1026  |mul_8ns_6ns_13_3_0  |        0|   1|  0|   0|    0|
    |mul_8ns_6ns_13_3_0_U1036  |mul_8ns_6ns_13_3_0  |        0|   1|  0|   0|    0|
    |mul_8ns_6s_14_3_0_U967    |mul_8ns_6s_14_3_0   |        0|   1|  0|   0|    0|
    |mul_8ns_6s_14_3_0_U968    |mul_8ns_6s_14_3_0   |        0|   1|  0|   0|    0|
    |mul_8ns_6s_14_3_0_U978    |mul_8ns_6s_14_3_0   |        0|   1|  0|   0|    0|
    |mul_8ns_6s_14_3_0_U1003   |mul_8ns_6s_14_3_0   |        0|   1|  0|   0|    0|
    |mul_8ns_6s_14_3_0_U1011   |mul_8ns_6s_14_3_0   |        0|   1|  0|   0|    0|
    |mul_8ns_6s_14_3_0_U1020   |mul_8ns_6s_14_3_0   |        0|   1|  0|   0|    0|
    |mul_8ns_6s_14_3_0_U1028   |mul_8ns_6s_14_3_0   |        0|   1|  0|   0|    0|
    |mul_8ns_6s_14_3_0_U1032   |mul_8ns_6s_14_3_0   |        0|   1|  0|   0|    0|
    |mul_8ns_7ns_14_3_0_U965   |mul_8ns_7ns_14_3_0  |        0|   1|  0|   0|    0|
    |mul_8ns_7ns_14_3_0_U969   |mul_8ns_7ns_14_3_0  |        0|   1|  0|   0|    0|
    |mul_8ns_7ns_14_3_0_U984   |mul_8ns_7ns_14_3_0  |        0|   1|  0|   0|    0|
    |mul_8ns_7ns_14_3_0_U995   |mul_8ns_7ns_14_3_0  |        0|   1|  0|   0|    0|
    |mul_8ns_7ns_14_3_0_U996   |mul_8ns_7ns_14_3_0  |        0|   1|  0|   0|    0|
    |mul_8ns_7ns_14_3_0_U999   |mul_8ns_7ns_14_3_0  |        0|   1|  0|   0|    0|
    |mul_8ns_7ns_14_3_0_U1000  |mul_8ns_7ns_14_3_0  |        0|   1|  0|   0|    0|
    |mul_8ns_7ns_14_3_0_U1006  |mul_8ns_7ns_14_3_0  |        0|   1|  0|   0|    0|
    |mul_8ns_7ns_14_3_0_U1009  |mul_8ns_7ns_14_3_0  |        0|   1|  0|   0|    0|
    |mul_8ns_7ns_14_3_0_U1016  |mul_8ns_7ns_14_3_0  |        0|   1|  0|   0|    0|
    |mul_8ns_7ns_14_3_0_U1017  |mul_8ns_7ns_14_3_0  |        0|   1|  0|   0|    0|
    |mul_8ns_7ns_14_3_0_U1021  |mul_8ns_7ns_14_3_0  |        0|   1|  0|   0|    0|
    |mul_8ns_7ns_14_3_0_U1024  |mul_8ns_7ns_14_3_0  |        0|   1|  0|   0|    0|
    |mul_8ns_7ns_14_3_0_U1027  |mul_8ns_7ns_14_3_0  |        0|   1|  0|   0|    0|
    |mul_8ns_7ns_14_3_0_U1035  |mul_8ns_7ns_14_3_0  |        0|   1|  0|   0|    0|
    |mul_8ns_7ns_14_3_0_U1043  |mul_8ns_7ns_14_3_0  |        0|   1|  0|   0|    0|
    |mul_8ns_7s_15_3_0_U970    |mul_8ns_7s_15_3_0   |        0|   1|  0|   0|    0|
    |mul_8ns_7s_15_3_0_U977    |mul_8ns_7s_15_3_0   |        0|   1|  0|   0|    0|
    |mul_8ns_7s_15_3_0_U980    |mul_8ns_7s_15_3_0   |        0|   1|  0|   0|    0|
    |mul_8ns_7s_15_3_0_U982    |mul_8ns_7s_15_3_0   |        0|   1|  0|   0|    0|
    |mul_8ns_7s_15_3_0_U983    |mul_8ns_7s_15_3_0   |        0|   1|  0|   0|    0|
    |mul_8ns_7s_15_3_0_U985    |mul_8ns_7s_15_3_0   |        0|   1|  0|   0|    0|
    |mul_8ns_7s_15_3_0_U987    |mul_8ns_7s_15_3_0   |        0|   1|  0|   0|    0|
    |mul_8ns_7s_15_3_0_U1001   |mul_8ns_7s_15_3_0   |        0|   1|  0|   0|    0|
    |mul_8ns_7s_15_3_0_U1019   |mul_8ns_7s_15_3_0   |        0|   1|  0|   0|    0|
    |mul_8ns_7s_15_3_0_U1025   |mul_8ns_7s_15_3_0   |        0|   1|  0|   0|    0|
    |mul_8ns_7s_15_3_0_U1039   |mul_8ns_7s_15_3_0   |        0|   1|  0|   0|    0|
    |mul_8ns_7s_15_3_0_U1041   |mul_8ns_7s_15_3_0   |        0|   1|  0|   0|    0|
    |mul_8ns_8ns_15_3_0_U961   |mul_8ns_8ns_15_3_0  |        0|   1|  0|   0|    0|
    |mul_8ns_8ns_15_3_0_U962   |mul_8ns_8ns_15_3_0  |        0|   1|  0|   0|    0|
    |mul_8ns_8ns_15_3_0_U972   |mul_8ns_8ns_15_3_0  |        0|   1|  0|   0|    0|
    |mul_8ns_8ns_15_3_0_U973   |mul_8ns_8ns_15_3_0  |        0|   1|  0|   0|    0|
    |mul_8ns_8ns_15_3_0_U974   |mul_8ns_8ns_15_3_0  |        0|   1|  0|   0|    0|
    |mul_8ns_8ns_15_3_0_U979   |mul_8ns_8ns_15_3_0  |        0|   1|  0|   0|    0|
    |mul_8ns_8ns_15_3_0_U981   |mul_8ns_8ns_15_3_0  |        0|   1|  0|   0|    0|
    |mul_8ns_8ns_15_3_0_U986   |mul_8ns_8ns_15_3_0  |        0|   1|  0|   0|    0|
    |mul_8ns_8ns_15_3_0_U988   |mul_8ns_8ns_15_3_0  |        0|   1|  0|   0|    0|
    |mul_8ns_8ns_15_3_0_U989   |mul_8ns_8ns_15_3_0  |        0|   1|  0|   0|    0|
    |mul_8ns_8ns_15_3_0_U997   |mul_8ns_8ns_15_3_0  |        0|   1|  0|   0|    0|
    |mul_8ns_8ns_15_3_0_U1004  |mul_8ns_8ns_15_3_0  |        0|   1|  0|   0|    0|
    |mul_8ns_8ns_15_3_0_U1007  |mul_8ns_8ns_15_3_0  |        0|   1|  0|   0|    0|
    |mul_8ns_8ns_15_3_0_U1013  |mul_8ns_8ns_15_3_0  |        0|   1|  0|   0|    0|
    |mul_8ns_8ns_15_3_0_U1015  |mul_8ns_8ns_15_3_0  |        0|   1|  0|   0|    0|
    |mul_8ns_8ns_15_3_0_U1023  |mul_8ns_8ns_15_3_0  |        0|   1|  0|   0|    0|
    |mul_8ns_8ns_15_3_0_U1040  |mul_8ns_8ns_15_3_0  |        0|   1|  0|   0|    0|
    |mul_8ns_8ns_15_3_0_U1044  |mul_8ns_8ns_15_3_0  |        0|   1|  0|   0|    0|
    |mul_8ns_8s_16_3_0_U963    |mul_8ns_8s_16_3_0   |        0|   1|  0|   0|    0|
    |mul_8ns_8s_16_3_0_U964    |mul_8ns_8s_16_3_0   |        0|   1|  0|   0|    0|
    |mul_8ns_8s_16_3_0_U975    |mul_8ns_8s_16_3_0   |        0|   1|  0|   0|    0|
    |mul_8ns_8s_16_3_0_U976    |mul_8ns_8s_16_3_0   |        0|   1|  0|   0|    0|
    |mul_8ns_8s_16_3_0_U990    |mul_8ns_8s_16_3_0   |        0|   1|  0|   0|    0|
    |mul_8ns_8s_16_3_0_U991    |mul_8ns_8s_16_3_0   |        0|   1|  0|   0|    0|
    |mul_8ns_8s_16_3_0_U993    |mul_8ns_8s_16_3_0   |        0|   1|  0|   0|    0|
    |mul_8ns_8s_16_3_0_U994    |mul_8ns_8s_16_3_0   |        0|   1|  0|   0|    0|
    |mul_8ns_8s_16_3_0_U1002   |mul_8ns_8s_16_3_0   |        0|   1|  0|   0|    0|
    |mul_8ns_8s_16_3_0_U1005   |mul_8ns_8s_16_3_0   |        0|   1|  0|   0|    0|
    |mul_8ns_8s_16_3_0_U1008   |mul_8ns_8s_16_3_0   |        0|   1|  0|   0|    0|
    |mul_8ns_8s_16_3_0_U1012   |mul_8ns_8s_16_3_0   |        0|   1|  0|   0|    0|
    |mul_8ns_8s_16_3_0_U1014   |mul_8ns_8s_16_3_0   |        0|   1|  0|   0|    0|
    |mul_8ns_8s_16_3_0_U1018   |mul_8ns_8s_16_3_0   |        0|   1|  0|   0|    0|
    |mul_8ns_8s_16_3_0_U1022   |mul_8ns_8s_16_3_0   |        0|   1|  0|   0|    0|
    |mul_8ns_8s_16_3_0_U1029   |mul_8ns_8s_16_3_0   |        0|   1|  0|   0|    0|
    |mul_8ns_8s_16_3_0_U1030   |mul_8ns_8s_16_3_0   |        0|   1|  0|   0|    0|
    |mul_8ns_8s_16_3_0_U1031   |mul_8ns_8s_16_3_0   |        0|   1|  0|   0|    0|
    |mul_8ns_8s_16_3_0_U1033   |mul_8ns_8s_16_3_0   |        0|   1|  0|   0|    0|
    |mul_8ns_8s_16_3_0_U1034   |mul_8ns_8s_16_3_0   |        0|   1|  0|   0|    0|
    |mul_8ns_8s_16_3_0_U1037   |mul_8ns_8s_16_3_0   |        0|   1|  0|   0|    0|
    |mul_8ns_8s_16_3_0_U1038   |mul_8ns_8s_16_3_0   |        0|   1|  0|   0|    0|
    |mul_8ns_8s_16_3_0_U1042   |mul_8ns_8s_16_3_0   |        0|   1|  0|   0|    0|
    +--------------------------+--------------------+---------+----+---+----+-----+
    |Total                     |                    |        0|  85|  0|   0|    0|
    +--------------------------+--------------------+---------+----+---+----+-----+

    * DSP: 
    N/A

    * Memory: 
    N/A

    * FIFO: 
    N/A

    * Expression: 
    +----------------------------+----------+----+---+----+------------+------------+
    |        Variable Name       | Operation| DSP| FF| LUT| Bitwidth P0| Bitwidth P1|
    +----------------------------+----------+----+---+----+------------+------------+
    |add_ln1171_36_fu_39024_p2   |         +|   0|  0|  15|          15|          15|
    |add_ln1171_37_fu_39082_p2   |         +|   0|  0|  15|          15|          15|
    |add_ln1171_38_fu_39109_p2   |         +|   0|  0|  15|          15|          15|
    |add_ln1171_39_fu_40553_p2   |         +|   0|  0|  15|          15|          15|
    |add_ln1171_40_fu_38566_p2   |         +|   0|  0|  15|          15|          15|
    |add_ln1171_fu_38997_p2      |         +|   0|  0|  14|          14|          14|
    |add_ln712_1691_fu_41611_p2  |         +|   0|  0|  16|          14|          14|
    |add_ln712_1692_fu_41096_p2  |         +|   0|  0|  14|          14|          14|
    |add_ln712_1693_fu_41620_p2  |         +|   0|  0|  15|          15|          15|
    |add_ln712_1694_fu_42064_p2  |         +|   0|  0|  16|          16|          16|
    |add_ln712_1695_fu_41102_p2  |         +|   0|  0|  14|          14|          14|
    |add_ln712_1696_fu_41629_p2  |         +|   0|  0|  15|          15|          15|
    |add_ln712_1697_fu_41108_p2  |         +|   0|  0|  14|          14|          14|
    |add_ln712_1698_fu_41114_p2  |         +|   0|  0|  14|          14|          14|
    |add_ln712_1699_fu_41641_p2  |         +|   0|  0|  15|          15|          15|
    |add_ln712_1700_fu_42076_p2  |         +|   0|  0|  16|          16|          16|
    |add_ln712_1701_fu_42340_p2  |         +|   0|  0|  16|          16|          16|
    |add_ln712_1702_fu_41120_p2  |         +|   0|  0|  14|          14|          14|
    |add_ln712_1703_fu_41650_p2  |         +|   0|  0|  16|          15|          15|
    |add_ln712_1704_fu_41126_p2  |         +|   0|  0|  16|          13|          13|
    |add_ln712_1705_fu_41132_p2  |         +|   0|  0|  16|          13|          13|
    |add_ln712_1706_fu_41659_p2  |         +|   0|  0|  16|          15|          15|
    |add_ln712_1707_fu_41138_p2  |         +|   0|  0|  16|          11|          11|
    |add_ln712_1708_fu_41144_p2  |         +|   0|  0|  16|          11|          11|
    |add_ln712_1709_fu_41150_p2  |         +|   0|  0|  12|          12|          12|
    |add_ln712_1710_fu_41155_p2  |         +|   0|  0|  13|          13|           9|
    |add_ln712_1711_fu_41674_p2  |         +|   0|  0|  16|          14|          14|
    |add_ln712_1712_fu_41680_p2  |         +|   0|  0|  16|          14|          14|
    |add_ln712_1713_fu_42088_p2  |         +|   0|  0|  16|          16|          16|
    |add_ln712_1714_fu_42344_p2  |         +|   0|  0|  16|          16|          16|
    |add_ln712_1715_fu_42094_p2  |         +|   0|  0|  16|          14|          14|
    |add_ln712_1716_fu_42100_p2  |         +|   0|  0|  16|          14|          14|
    |add_ln712_1717_fu_41686_p2  |         +|   0|  0|  14|          14|          14|
    |add_ln712_1718_fu_41692_p2  |         +|   0|  0|  14|          14|          14|
    |add_ln712_1719_fu_42112_p2  |         +|   0|  0|  15|          15|          15|
    |add_ln712_1720_fu_42355_p2  |         +|   0|  0|  16|          16|          16|
    |add_ln712_1721_fu_41161_p2  |         +|   0|  0|  13|          13|          13|
    |add_ln712_1722_fu_41701_p2  |         +|   0|  0|  14|          14|          14|
    |add_ln712_1723_fu_41167_p2  |         +|   0|  0|  14|          14|          14|
    |add_ln712_1724_fu_41173_p2  |         +|   0|  0|  14|          14|          14|
    |add_ln712_1725_fu_41713_p2  |         +|   0|  0|  15|          15|          15|
    |add_ln712_1726_fu_42124_p2  |         +|   0|  0|  16|          16|          16|
    |add_ln712_1727_fu_42460_p2  |         +|   0|  0|  16|          16|          16|
    |add_ln712_1728_fu_41719_p2  |         +|   0|  0|  14|          14|          14|
    |add_ln712_1729_fu_42133_p2  |         +|   0|  0|  15|          15|          15|
    |add_ln712_1730_fu_41179_p2  |         +|   0|  0|  12|          12|          12|
    |add_ln712_1731_fu_41728_p2  |         +|   0|  0|  16|          13|          13|
    |add_ln712_1732_fu_41734_p2  |         +|   0|  0|  16|          13|          13|
    |add_ln712_1733_fu_42367_p2  |         +|   0|  0|  16|          16|          16|
    |add_ln712_1734_fu_41740_p2  |         +|   0|  0|  16|          14|          14|
    |add_ln712_1735_fu_41746_p2  |         +|   0|  0|  16|          14|          14|
    |add_ln712_1736_fu_41184_p2  |         +|   0|  0|  12|          12|          12|
    |add_ln712_1737_fu_41189_p2  |         +|   0|  0|  11|          11|          11|
    |add_ln712_1738_fu_41758_p2  |         +|   0|  0|  14|          14|          14|
    |add_ln712_1739_fu_42145_p2  |         +|   0|  0|  15|          15|          15|
    |add_ln712_1740_fu_42376_p2  |         +|   0|  0|  16|          16|          16|
    |add_ln712_1741_fu_42464_p2  |         +|   0|  0|  16|          16|          16|
    |add_ln712_1742_fu_41764_p2  |         +|   0|  0|  14|          14|          14|
    |add_ln712_1743_fu_42154_p2  |         +|   0|  0|  16|          15|          15|
    |add_ln712_1744_fu_41770_p2  |         +|   0|  0|  16|          13|          13|
    |add_ln712_1745_fu_41776_p2  |         +|   0|  0|  16|          13|          13|
    |add_ln712_1746_fu_42163_p2  |         +|   0|  0|  16|          15|          15|
    |add_ln712_1747_fu_42169_p2  |         +|   0|  0|  16|          14|          14|
    |add_ln712_1748_fu_42175_p2  |         +|   0|  0|  16|          14|          14|
    |add_ln712_1749_fu_41782_p2  |         +|   0|  0|  14|          14|          14|
    |add_ln712_1750_fu_41788_p2  |         +|   0|  0|  12|          12|          12|
    |add_ln712_1751_fu_42187_p2  |         +|   0|  0|  15|          15|          15|
    |add_ln712_1752_fu_42388_p2  |         +|   0|  0|  16|          16|          16|
    |add_ln712_1753_fu_42472_p2  |         +|   0|  0|  16|          16|          16|
    |add_ln712_1754_fu_41794_p2  |         +|   0|  0|  10|          10|          10|
    |add_ln712_1755_fu_41804_p2  |         +|   0|  0|  11|          11|          11|
    |add_ln712_1756_fu_41810_p2  |         +|   0|  0|  11|          11|          11|
    |add_ln712_1757_fu_41820_p2  |         +|   0|  0|  12|          12|          12|
    |add_ln712_1758_fu_42199_p2  |         +|   0|  0|  13|          13|          13|
    |add_ln712_1759_fu_41194_p2  |         +|   0|  0|  12|          12|          12|
    |add_ln712_1760_fu_41829_p2  |         +|   0|  0|  13|          13|          13|
    |add_ln712_1761_fu_41200_p2  |         +|   0|  0|  13|          13|          13|
    |add_ln712_1762_fu_41206_p2  |         +|   0|  0|  13|          13|           7|
    |add_ln712_1763_fu_41841_p2  |         +|   0|  0|  14|          14|          14|
    |add_ln712_1764_fu_42211_p2  |         +|   0|  0|  15|          15|          15|
    |add_ln712_1765_fu_42400_p2  |         +|   0|  0|  16|          16|          16|
    |add_ln712_1766_fu_42477_p2  |         +|   0|  0|  16|          16|          16|
    |add_ln712_1767_fu_41847_p2  |         +|   0|  0|  16|          13|          13|
    |add_ln712_1768_fu_41853_p2  |         +|   0|  0|  16|          13|          13|
    |add_ln712_1769_fu_41859_p2  |         +|   0|  0|  14|          14|          14|
    |add_ln712_1770_fu_41865_p2  |         +|   0|  0|  14|          14|          14|
    |add_ln712_1771_fu_42226_p2  |         +|   0|  0|  16|          15|          15|
    |add_ln712_1772_fu_42232_p2  |         +|   0|  0|  16|          15|          15|
    |add_ln712_1773_fu_41871_p2  |         +|   0|  0|  16|          14|          14|
    |add_ln712_1774_fu_41877_p2  |         +|   0|  0|  16|          14|          14|
    |add_ln712_1775_fu_41212_p2  |         +|   0|  0|  14|          14|          14|
    |add_ln712_1776_fu_41218_p2  |         +|   0|  0|  13|          13|          13|
    |add_ln712_1777_fu_41889_p2  |         +|   0|  0|  15|          15|          15|
    |add_ln712_1778_fu_42244_p2  |         +|   0|  0|  16|          16|          16|
    |add_ln712_1779_fu_42485_p2  |         +|   0|  0|  16|          16|          16|
    |add_ln712_1780_fu_41895_p2  |         +|   0|  0|  12|          12|          12|
    |add_ln712_1781_fu_42253_p2  |         +|   0|  0|  14|          14|          14|
    |add_ln712_1782_fu_41900_p2  |         +|   0|  0|  14|          14|          14|
    |add_ln712_1783_fu_41906_p2  |         +|   0|  0|  14|          14|          14|
    |add_ln712_1784_fu_42265_p2  |         +|   0|  0|  15|          15|          15|
    |add_ln712_1785_fu_42412_p2  |         +|   0|  0|  16|          16|          16|
    |add_ln712_1786_fu_41912_p2  |         +|   0|  0|  16|          13|          13|
    |add_ln712_1787_fu_41224_p2  |         +|   0|  0|  12|          12|          12|
    |add_ln712_1788_fu_41921_p2  |         +|   0|  0|  16|          13|          13|
    |add_ln712_1789_fu_41230_p2  |         +|   0|  0|  11|          11|          11|
    |add_ln712_1790_fu_41930_p2  |         +|   0|  0|  16|          12|          10|
    |add_ln712_1791_fu_41936_p2  |         +|   0|  0|  16|          12|          12|
    |add_ln712_1792_fu_42277_p2  |         +|   0|  0|  14|          14|          14|
    |add_ln712_1793_fu_42421_p2  |         +|   0|  0|  16|          16|          16|
    |add_ln712_1794_fu_42490_p2  |         +|   0|  0|  16|          16|          16|
    |add_ln712_1795_fu_41942_p2  |         +|   0|  0|  14|          14|          14|
    |add_ln712_1796_fu_42286_p2  |         +|   0|  0|  15|          15|          15|
    |add_ln712_1797_fu_42292_p2  |         +|   0|  0|  16|          14|          14|
    |add_ln712_1798_fu_41948_p2  |         +|   0|  0|  13|          13|          13|
    |add_ln712_1799_fu_42301_p2  |         +|   0|  0|  16|          14|          14|
    |add_ln712_1800_fu_42433_p2  |         +|   0|  0|  16|          16|          16|
    |add_ln712_1801_fu_41236_p2  |         +|   0|  0|  14|          14|          14|
    |add_ln712_1802_fu_41957_p2  |         +|   0|  0|  15|          15|          15|
    |add_ln712_1803_fu_41242_p2  |         +|   0|  0|  14|          14|          14|
    |add_ln712_1804_fu_39890_p2  |         +|   0|  0|  14|          14|          14|
    |add_ln712_1805_fu_41969_p2  |         +|   0|  0|  15|          15|          15|
    |add_ln712_1806_fu_42313_p2  |         +|   0|  0|  16|          16|          16|
    |add_ln712_1807_fu_42495_p2  |         +|   0|  0|  16|          16|          16|
    |add_ln712_1808_fu_41975_p2  |         +|   0|  0|  12|          12|          12|
    |add_ln712_1809_fu_42322_p2  |         +|   0|  0|  14|          14|          14|
    |add_ln712_1810_fu_41248_p2  |         +|   0|  0|  13|          13|          13|
    |add_ln712_1811_fu_41254_p2  |         +|   0|  0|  13|          13|          13|
    |add_ln712_1812_fu_41986_p2  |         +|   0|  0|  14|          14|          14|
    |add_ln712_1813_fu_42445_p2  |         +|   0|  0|  16|          16|          16|
    |add_ln712_1814_fu_41260_p2  |         +|   0|  0|  13|          13|          13|
    |add_ln712_1815_fu_41995_p2  |         +|   0|  0|  16|          14|          14|
    |add_ln712_1816_fu_42001_p2  |         +|   0|  0|  16|          14|          14|
    |add_ln712_1817_fu_41266_p2  |         +|   0|  0|  12|          12|          12|
    |add_ln712_1818_fu_41271_p2  |         +|   0|  0|  12|          12|           9|
    |add_ln712_1819_fu_42013_p2  |         +|   0|  0|  13|          13|          13|
    |add_ln712_1820_fu_42334_p2  |         +|   0|  0|  15|          15|          15|
    |add_ln712_1821_fu_42454_p2  |         +|   0|  0|  16|          16|          16|
    |add_ln712_1822_fu_42499_p2  |         +|   0|  0|  16|          16|          16|
    |add_ln712_fu_41605_p2       |         +|   0|  0|  16|          14|          14|
    |add_ln717_139_fu_40584_p2   |         +|   0|  0|  13|          13|          13|
    |add_ln717_140_fu_39760_p2   |         +|   0|  0|  11|          11|          11|
    |add_ln717_fu_40413_p2       |         +|   0|  0|  12|          12|          12|
    |sub_ln1171_458_fu_39910_p2  |         -|   0|  0|  13|           1|          13|
    |sub_ln1171_459_fu_41320_p2  |         -|   0|  0|  14|          14|          14|
    |sub_ln1171_460_fu_38931_p2  |         -|   0|  0|  15|           1|          15|
    |sub_ln1171_461_fu_40050_p2  |         -|   0|  0|  16|          16|          16|
    |sub_ln1171_462_fu_40077_p2  |         -|   0|  0|  13|          13|          13|
    |sub_ln1171_463_fu_40104_p2  |         -|   0|  0|  16|          16|          16|
    |sub_ln1171_464_fu_38672_p2  |         -|   0|  0|  16|          16|          16|
    |sub_ln1171_465_fu_40214_p2  |         -|   0|  0|  16|           1|          16|
    |sub_ln1171_466_fu_40367_p2  |         -|   0|  0|  16|          16|          16|
    |sub_ln1171_467_fu_40440_p2  |         -|   0|  0|  10|           1|          10|
    |sub_ln1171_468_fu_39176_p2  |         -|   0|  0|  15|           1|          15|
    |sub_ln1171_469_fu_40496_p2  |         -|   0|  0|  16|          16|          16|
    |sub_ln1171_470_fu_40515_p2  |         -|   0|  0|   9|           1|           9|
    |sub_ln1171_471_fu_40604_p2  |         -|   0|  0|  15|          15|          15|
    |sub_ln1171_472_fu_40702_p2  |         -|   0|  0|   9|           1|           9|
    |sub_ln1171_473_fu_39233_p2  |         -|   0|  0|  12|           1|          12|
    |sub_ln1171_474_fu_40721_p2  |         -|   0|  0|  13|          13|          13|
    |sub_ln1171_475_fu_40748_p2  |         -|   0|  0|  16|           1|          16|
    |sub_ln1171_476_fu_40832_p2  |         -|   0|  0|  16|          16|          16|
    |sub_ln1171_477_fu_40899_p2  |         -|   0|  0|  15|          15|          15|
    |sub_ln1171_478_fu_38784_p2  |         -|   0|  0|  15|           1|          15|
    |sub_ln1171_479_fu_39335_p2  |         -|   0|  0|  16|          16|          16|
    |sub_ln1171_480_fu_39382_p2  |         -|   0|  0|  16|           1|          16|
    |sub_ln1171_481_fu_39436_p2  |         -|   0|  0|  10|           1|          10|
    |sub_ln1171_482_fu_39463_p2  |         -|   0|  0|  16|           1|          16|
    |sub_ln1171_483_fu_39479_p2  |         -|   0|  0|  16|          16|          16|
    |sub_ln1171_484_fu_39605_p2  |         -|   0|  0|  15|          15|          15|
    |sub_ln1171_485_fu_38813_p2  |         -|   0|  0|  16|           1|          16|
    |sub_ln1171_486_fu_39721_p2  |         -|   0|  0|  15|          15|          15|
    |sub_ln1171_487_fu_38840_p2  |         -|   0|  0|  14|           1|          14|
    |sub_ln1171_488_fu_39744_p2  |         -|   0|  0|  15|          15|          15|
    |sub_ln1171_489_fu_41570_p2  |         -|   0|  0|  16|           1|          16|
    |sub_ln1171_490_fu_39874_p2  |         -|   0|  0|  13|           1|          13|
    |sub_ln1171_491_fu_41050_p2  |         -|   0|  0|  14|          14|          14|
    |sub_ln1171_492_fu_41080_p2  |         -|   0|  0|  10|           1|          10|
    |sub_ln1171_511_fu_39937_p2  |         -|   0|  0|  11|          11|          11|
    |sub_ln1171_512_fu_38864_p2  |         -|   0|  0|  15|          15|          15|
    |sub_ln1171_fu_41301_p2      |         -|   0|  0|  12|          12|          12|
    |sub_ln717_197_fu_40167_p2   |         -|   0|  0|  13|          13|          13|
    |sub_ln717_198_fu_38955_p2   |         -|   0|  0|  12|          12|          12|
    |sub_ln717_199_fu_40647_p2   |         -|   0|  0|  12|          12|          12|
    |sub_ln717_200_fu_39567_p2   |         -|   0|  0|  13|          13|          13|
    |sub_ln717_201_fu_39673_p2   |         -|   0|  0|  13|          13|          13|
    |sub_ln717_fu_38894_p2       |         -|   0|  0|  13|          13|          13|
    +----------------------------+----------+----+---+----+------------+------------+
    |Total                       |          |   0|  0|2688|        2379|        2587|
    +----------------------------+----------+----+---+----+------------+------------+

    * Multiplexer: 
    +-------------+----+-----------+-----+-----------+
    |     Name    | LUT| Input Size| Bits| Total Bits|
    +-------------+----+-----------+-----+-----------+
    |ap_return_0  |  13|          3|   16|         48|
    |ap_return_1  |  13|          3|   16|         48|
    |ap_return_2  |  13|          3|   16|         48|
    |ap_return_3  |  13|          3|   16|         48|
    |ap_return_4  |  13|          3|   16|         48|
    +-------------+----+-----------+-----+-----------+
    |Total        |  65|         15|   80|        240|
    +-------------+----+-----------+-----+-----------+

    * Register: 
    +----------------------------------------------+----+----+-----+-----------+
    |                     Name                     | FF | LUT| Bits| Const Bits|
    +----------------------------------------------+----+----+-----+-----------+
    |add_ln712_1691_reg_43954                      |  14|   0|   14|          0|
    |add_ln712_1692_reg_43769                      |  14|   0|   14|          0|
    |add_ln712_1693_reg_43959                      |  15|   0|   15|          0|
    |add_ln712_1694_reg_44154                      |  16|   0|   16|          0|
    |add_ln712_1695_reg_43774                      |  14|   0|   14|          0|
    |add_ln712_1696_reg_43964                      |  15|   0|   15|          0|
    |add_ln712_1697_reg_43779                      |  14|   0|   14|          0|
    |add_ln712_1698_reg_43784                      |  14|   0|   14|          0|
    |add_ln712_1699_reg_43969                      |  15|   0|   15|          0|
    |add_ln712_1700_reg_44159                      |  16|   0|   16|          0|
    |add_ln712_1702_reg_43789                      |  14|   0|   14|          0|
    |add_ln712_1705_reg_43794                      |  13|   0|   13|          0|
    |add_ln712_1706_reg_43974                      |  15|   0|   15|          0|
    |add_ln712_1708_reg_43799                      |  11|   0|   11|          0|
    |add_ln712_1709_reg_43804                      |  12|   0|   12|          0|
    |add_ln712_1710_reg_43809                      |  13|   0|   13|          0|
    |add_ln712_1712_reg_43979                      |  14|   0|   14|          0|
    |add_ln712_1713_reg_44164                      |  16|   0|   16|          0|
    |add_ln712_1714_reg_44269                      |  16|   0|   16|          0|
    |add_ln712_1716_reg_44169                      |  14|   0|   14|          0|
    |add_ln712_1717_reg_43984                      |  14|   0|   14|          0|
    |add_ln712_1718_reg_43989                      |  14|   0|   14|          0|
    |add_ln712_1719_reg_44174                      |  15|   0|   15|          0|
    |add_ln712_1720_reg_44274                      |  16|   0|   16|          0|
    |add_ln712_1721_reg_43814                      |  13|   0|   13|          0|
    |add_ln712_1722_reg_43994                      |  14|   0|   14|          0|
    |add_ln712_1723_reg_43819                      |  14|   0|   14|          0|
    |add_ln712_1724_reg_43824                      |  14|   0|   14|          0|
    |add_ln712_1725_reg_43999                      |  15|   0|   15|          0|
    |add_ln712_1726_reg_44179                      |  16|   0|   16|          0|
    |add_ln712_1726_reg_44179_pp0_iter6_reg        |  16|   0|   16|          0|
    |add_ln712_1728_reg_44004                      |  14|   0|   14|          0|
    |add_ln712_1729_reg_44184                      |  15|   0|   15|          0|
    |add_ln712_1730_reg_43829                      |  12|   0|   12|          0|
    |add_ln712_1732_reg_44009                      |  13|   0|   13|          0|
    |add_ln712_1732_reg_44009_pp0_iter5_reg        |  13|   0|   13|          0|
    |add_ln712_1735_reg_44014                      |  14|   0|   14|          0|
    |add_ln712_1736_reg_43834                      |  12|   0|   12|          0|
    |add_ln712_1737_reg_43839                      |  11|   0|   11|          0|
    |add_ln712_1738_reg_44019                      |  14|   0|   14|          0|
    |add_ln712_1739_reg_44189                      |  15|   0|   15|          0|
    |add_ln712_1740_reg_44279                      |  16|   0|   16|          0|
    |add_ln712_1742_reg_44024                      |  14|   0|   14|          0|
    |add_ln712_1745_reg_44029                      |  13|   0|   13|          0|
    |add_ln712_1746_reg_44194                      |  15|   0|   15|          0|
    |add_ln712_1746_reg_44194_pp0_iter6_reg        |  15|   0|   15|          0|
    |add_ln712_1748_reg_44199                      |  14|   0|   14|          0|
    |add_ln712_1749_reg_44034                      |  14|   0|   14|          0|
    |add_ln712_1750_reg_44039                      |  12|   0|   12|          0|
    |add_ln712_1751_reg_44204                      |  15|   0|   15|          0|
    |add_ln712_1752_reg_44284                      |  16|   0|   16|          0|
    |add_ln712_1755_reg_44044                      |  11|   0|   11|          0|
    |add_ln712_1757_reg_44049                      |  12|   0|   12|          0|
    |add_ln712_1758_reg_44209                      |  13|   0|   13|          0|
    |add_ln712_1759_reg_43844                      |  12|   0|   12|          0|
    |add_ln712_1760_reg_44054                      |  13|   0|   13|          0|
    |add_ln712_1761_reg_43849                      |  13|   0|   13|          0|
    |add_ln712_1762_reg_43854                      |  13|   0|   13|          0|
    |add_ln712_1763_reg_44059                      |  14|   0|   14|          0|
    |add_ln712_1764_reg_44214                      |  15|   0|   15|          0|
    |add_ln712_1765_reg_44289                      |  16|   0|   16|          0|
    |add_ln712_1768_reg_44064                      |  13|   0|   13|          0|
    |add_ln712_1769_reg_44069                      |  14|   0|   14|          0|
    |add_ln712_1770_reg_44074                      |  14|   0|   14|          0|
    |add_ln712_1772_reg_44219                      |  15|   0|   15|          0|
    |add_ln712_1772_reg_44219_pp0_iter6_reg        |  15|   0|   15|          0|
    |add_ln712_1774_reg_44079                      |  14|   0|   14|          0|
    |add_ln712_1775_reg_43859                      |  14|   0|   14|          0|
    |add_ln712_1776_reg_43864                      |  13|   0|   13|          0|
    |add_ln712_1777_reg_44084                      |  15|   0|   15|          0|
    |add_ln712_1778_reg_44224                      |  16|   0|   16|          0|
    |add_ln712_1778_reg_44224_pp0_iter6_reg        |  16|   0|   16|          0|
    |add_ln712_1780_reg_44089                      |  12|   0|   12|          0|
    |add_ln712_1781_reg_44229                      |  14|   0|   14|          0|
    |add_ln712_1782_reg_44094                      |  14|   0|   14|          0|
    |add_ln712_1783_reg_44099                      |  14|   0|   14|          0|
    |add_ln712_1784_reg_44234                      |  15|   0|   15|          0|
    |add_ln712_1787_reg_43869                      |  12|   0|   12|          0|
    |add_ln712_1788_reg_44104                      |  13|   0|   13|          0|
    |add_ln712_1789_reg_43874                      |  11|   0|   11|          0|
    |add_ln712_1791_reg_44109                      |  12|   0|   12|          0|
    |add_ln712_1792_reg_44239                      |  14|   0|   14|          0|
    |add_ln712_1793_reg_44294                      |  16|   0|   16|          0|
    |add_ln712_1795_reg_44114                      |  14|   0|   14|          0|
    |add_ln712_1796_reg_44244                      |  15|   0|   15|          0|
    |add_ln712_1798_reg_44119                      |  13|   0|   13|          0|
    |add_ln712_1799_reg_44249                      |  14|   0|   14|          0|
    |add_ln712_1800_reg_44299                      |  16|   0|   16|          0|
    |add_ln712_1801_reg_43879                      |  14|   0|   14|          0|
    |add_ln712_1802_reg_44124                      |  15|   0|   15|          0|
    |add_ln712_1803_reg_43884                      |  14|   0|   14|          0|
    |add_ln712_1804_reg_43454                      |  14|   0|   14|          0|
    |add_ln712_1804_reg_43454_pp0_iter3_reg        |  14|   0|   14|          0|
    |add_ln712_1805_reg_44129                      |  15|   0|   15|          0|
    |add_ln712_1806_reg_44254                      |  16|   0|   16|          0|
    |add_ln712_1806_reg_44254_pp0_iter6_reg        |  16|   0|   16|          0|
    |add_ln712_1808_reg_44134                      |  12|   0|   12|          0|
    |add_ln712_1809_reg_44259                      |  14|   0|   14|          0|
    |add_ln712_1810_reg_43889                      |  13|   0|   13|          0|
    |add_ln712_1811_reg_43894                      |  13|   0|   13|          0|
    |add_ln712_1812_reg_44139                      |  14|   0|   14|          0|
    |add_ln712_1812_reg_44139_pp0_iter5_reg        |  14|   0|   14|          0|
    |add_ln712_1814_reg_43899                      |  13|   0|   13|          0|
    |add_ln712_1816_reg_44144                      |  14|   0|   14|          0|
    |add_ln712_1817_reg_43904                      |  12|   0|   12|          0|
    |add_ln712_1818_reg_43909                      |  12|   0|   12|          0|
    |add_ln712_1819_reg_44149                      |  13|   0|   13|          0|
    |add_ln712_1820_reg_44264                      |  15|   0|   15|          0|
    |add_ln712_1821_reg_44304                      |  16|   0|   16|          0|
    |ap_ce_reg                                     |   1|   0|    1|          0|
    |ap_return_0_int_reg                           |  16|   0|   16|          0|
    |ap_return_1_int_reg                           |  16|   0|   16|          0|
    |ap_return_2_int_reg                           |  16|   0|   16|          0|
    |ap_return_3_int_reg                           |  16|   0|   16|          0|
    |ap_return_4_int_reg                           |  16|   0|   16|          0|
    |lshr_ln717_1494_cast_reg_43474                |  10|   0|   10|          0|
    |lshr_ln717_1499_cast_reg_43499                |  12|   0|   12|          0|
    |lshr_ln717_1503_cast_reg_43129                |  12|   0|   12|          0|
    |lshr_ln717_1506_cast_reg_43519                |  13|   0|   13|          0|
    |lshr_ln717_1520_cast_reg_43154                |  12|   0|   12|          0|
    |lshr_ln717_1524_cast_reg_43164                |  12|   0|   12|          0|
    |lshr_ln717_1529_cast_reg_43174                |  12|   0|   12|          0|
    |lshr_ln717_1539_cast_reg_43189                |  12|   0|   12|          0|
    |lshr_ln717_1559_cast_reg_43229                |  12|   0|   12|          0|
    |lshr_ln717_1587_cast_reg_43319                |  13|   0|   13|          0|
    |lshr_ln717_1587_cast_reg_43319_pp0_iter3_reg  |  13|   0|   13|          0|
    |lshr_ln717_1592_cast_reg_43344                |  12|   0|   12|          0|
    |lshr_ln717_1611_cast_reg_43409                |  12|   0|   12|          0|
    |lshr_ln717_1617_cast_reg_43434                |  12|   0|   12|          0|
    |lshr_ln717_1_reg_43124                        |  10|   0|   10|          0|
    |lshr_ln717_2_reg_43544                        |  11|   0|   11|          0|
    |lshr_ln717_3_reg_43149                        |  11|   0|   11|          0|
    |lshr_ln717_4_reg_43679                        |  11|   0|   11|          0|
    |lshr_ln717_5_reg_43704                        |  11|   0|   11|          0|
    |lshr_ln717_6_reg_42812                        |   6|   0|    6|          0|
    |lshr_ln717_7_reg_43729                        |  10|   0|   10|          0|
    |lshr_ln717_8_reg_43744                        |  11|   0|   11|          0|
    |lshr_ln717_9_reg_43394                        |   8|   0|    8|          0|
    |lshr_ln717_s_reg_43484                        |   9|   0|    9|          0|
    |p_read1056_reg_42656                          |   8|   0|    8|          0|
    |p_read10_int_reg                              |   8|   0|    8|          0|
    |p_read1157_reg_42648                          |   8|   0|    8|          0|
    |p_read11_int_reg                              |   8|   0|    8|          0|
    |p_read12_int_reg                              |   8|   0|    8|          0|
    |p_read13_int_reg                              |   8|   0|    8|          0|
    |p_read147_reg_42732                           |   8|   0|    8|          0|
    |p_read14_int_reg                              |   8|   0|    8|          0|
    |p_read15_int_reg                              |   8|   0|    8|          0|
    |p_read16_int_reg                              |   8|   0|    8|          0|
    |p_read17_int_reg                              |   8|   0|    8|          0|
    |p_read18_int_reg                              |   8|   0|    8|          0|
    |p_read19_int_reg                              |   8|   0|    8|          0|
    |p_read1_int_reg                               |   8|   0|    8|          0|
    |p_read2066_reg_42587                          |   8|   0|    8|          0|
    |p_read20_int_reg                              |   8|   0|    8|          0|
    |p_read2167_reg_42579                          |   8|   0|    8|          0|
    |p_read2167_reg_42579_pp0_iter1_reg            |   8|   0|    8|          0|
    |p_read21_int_reg                              |   8|   0|    8|          0|
    |p_read22_int_reg                              |   8|   0|    8|          0|
    |p_read23_int_reg                              |   8|   0|    8|          0|
    |p_read248_reg_42724                           |   8|   0|    8|          0|
    |p_read248_reg_42724_pp0_iter1_reg             |   8|   0|    8|          0|
    |p_read24_int_reg                              |   8|   0|    8|          0|
    |p_read25_int_reg                              |   8|   0|    8|          0|
    |p_read26_int_reg                              |   8|   0|    8|          0|
    |p_read27_int_reg                              |   8|   0|    8|          0|
    |p_read28_int_reg                              |   8|   0|    8|          0|
    |p_read29_int_reg                              |   8|   0|    8|          0|
    |p_read2_int_reg                               |   8|   0|    8|          0|
    |p_read349_reg_42715                           |   8|   0|    8|          0|
    |p_read3_int_reg                               |   8|   0|    8|          0|
    |p_read450_reg_42707                           |   8|   0|    8|          0|
    |p_read450_reg_42707_pp0_iter1_reg             |   8|   0|    8|          0|
    |p_read46_reg_42740                            |   8|   0|    8|          0|
    |p_read4_int_reg                               |   8|   0|    8|          0|
    |p_read551_reg_42698                           |   8|   0|    8|          0|
    |p_read5_int_reg                               |   8|   0|    8|          0|
    |p_read652_reg_42687                           |   8|   0|    8|          0|
    |p_read652_reg_42687_pp0_iter1_reg             |   8|   0|    8|          0|
    |p_read6_int_reg                               |   8|   0|    8|          0|
    |p_read753_reg_42681                           |   8|   0|    8|          0|
    |p_read7_int_reg                               |   8|   0|    8|          0|
    |p_read854_reg_42671                           |   8|   0|    8|          0|
    |p_read854_reg_42671_pp0_iter1_reg             |   8|   0|    8|          0|
    |p_read8_int_reg                               |   8|   0|    8|          0|
    |p_read955_reg_42664                           |   8|   0|    8|          0|
    |p_read9_int_reg                               |   8|   0|    8|          0|
    |p_read_185_reg_42533                          |   8|   0|    8|          0|
    |p_read_187_reg_42541                          |   8|   0|    8|          0|
    |p_read_188_reg_42547                          |   8|   0|    8|          0|
    |p_read_189_reg_42553                          |   8|   0|    8|          0|
    |p_read_189_reg_42553_pp0_iter1_reg            |   8|   0|    8|          0|
    |p_read_190_reg_42563                          |   8|   0|    8|          0|
    |p_read_191_reg_42569                          |   8|   0|    8|          0|
    |p_read_191_reg_42569_pp0_iter1_reg            |   8|   0|    8|          0|
    |p_read_193_reg_42592                          |   8|   0|    8|          0|
    |p_read_193_reg_42592_pp0_iter1_reg            |   8|   0|    8|          0|
    |p_read_194_reg_42599                          |   8|   0|    8|          0|
    |p_read_195_reg_42605                          |   8|   0|    8|          0|
    |p_read_196_reg_42611                          |   8|   0|    8|          0|
    |p_read_197_reg_42618                          |   8|   0|    8|          0|
    |p_read_198_reg_42624                          |   8|   0|    8|          0|
    |p_read_199_reg_42633                          |   8|   0|    8|          0|
    |p_read_200_reg_42641                          |   8|   0|    8|          0|
    |p_read_int_reg                                |   8|   0|    8|          0|
    |sub_ln1171_458_reg_43459                      |   9|   0|   13|          4|
    |sub_ln1171_460_reg_43134                      |   9|   0|   15|          6|
    |sub_ln1171_468_reg_43199                      |   9|   0|   15|          6|
    |sub_ln1171_473_reg_43224                      |   9|   0|   12|          3|
    |sub_ln1171_478_reg_43079                      |   9|   0|   15|          6|
    |sub_ln1171_487_reg_43104                      |   9|   0|   14|          5|
    |sub_ln1171_490_reg_43444                      |   9|   0|   13|          4|
    |trunc_ln1171_10_reg_43614                     |   9|   0|    9|          0|
    |trunc_ln1171_11_reg_43194                     |  12|   0|   12|          0|
    |trunc_ln1171_12_reg_43629                     |  11|   0|   11|          0|
    |trunc_ln1171_13_reg_43644                     |  11|   0|   12|          1|
    |trunc_ln1171_14_reg_43649                     |  10|   0|   10|          0|
    |trunc_ln1171_15_reg_43659                     |  11|   0|   11|          0|
    |trunc_ln1171_16_reg_43219                     |  10|   0|   10|          0|
    |trunc_ln1171_17_reg_43714                     |  11|   0|   11|          0|
    |trunc_ln1171_18_reg_43239                     |  12|   0|   12|          0|
    |trunc_ln1171_18_reg_43239_pp0_iter3_reg       |  12|   0|   12|          0|
    |trunc_ln1171_19_reg_43249                     |  11|   0|   11|          0|
    |trunc_ln1171_1_reg_43489                      |  11|   0|   11|          0|
    |trunc_ln1171_20_reg_43254                     |  11|   0|   11|          0|
    |trunc_ln1171_21_reg_43279                     |  12|   0|   12|          0|
    |trunc_ln1171_22_reg_43284                     |  12|   0|   12|          0|
    |trunc_ln1171_22_reg_43284_pp0_iter3_reg       |  12|   0|   12|          0|
    |trunc_ln1171_23_reg_43294                     |  10|   0|   10|          0|
    |trunc_ln1171_24_reg_43334                     |  11|   0|   11|          0|
    |trunc_ln1171_25_reg_43354                     |  10|   0|   10|          0|
    |trunc_ln1171_26_reg_43364                     |  12|   0|   12|          0|
    |trunc_ln1171_27_reg_43369                     |  10|   0|   10|          0|
    |trunc_ln1171_28_reg_42876                     |  12|   0|   12|          0|
    |trunc_ln1171_29_reg_43374                     |  10|   0|   10|          0|
    |trunc_ln1171_2_reg_43504                      |  11|   0|   11|          0|
    |trunc_ln1171_30_reg_43379                     |  11|   0|   11|          0|
    |trunc_ln1171_31_reg_43399                     |  10|   0|   10|          0|
    |trunc_ln1171_32_reg_43404                     |  11|   0|   11|          0|
    |trunc_ln1171_33_reg_43414                     |  11|   0|   11|          0|
    |trunc_ln1171_34_reg_43419                     |  11|   0|   11|          0|
    |trunc_ln1171_34_reg_43419_pp0_iter3_reg       |  11|   0|   11|          0|
    |trunc_ln1171_35_reg_43449                     |  12|   0|   12|          0|
    |trunc_ln1171_3_reg_42969                      |  13|   0|   13|          0|
    |trunc_ln1171_3_reg_42969_pp0_iter2_reg        |  13|   0|   13|          0|
    |trunc_ln1171_4_reg_43534                      |  12|   0|   12|          0|
    |trunc_ln1171_5_reg_43539                      |  10|   0|   10|          0|
    |trunc_ln1171_6_reg_43159                      |  12|   0|   12|          0|
    |trunc_ln1171_7_reg_43584                      |   9|   0|    9|          0|
    |trunc_ln1171_8_reg_43169                      |  12|   0|   12|          0|
    |trunc_ln1171_9_reg_43604                      |  13|   0|   13|          0|
    |trunc_ln1171_s_reg_43179                      |  12|   0|   12|          0|
    |trunc_ln717_798_reg_43469                     |   8|   0|    8|          0|
    |trunc_ln717_799_reg_43479                     |  12|   0|   12|          0|
    |trunc_ln717_799_reg_43479_pp0_iter4_reg       |  12|   0|   12|          0|
    |trunc_ln717_800_reg_43494                     |  13|   0|   13|          0|
    |trunc_ln717_801_reg_43924                     |  13|   0|   13|          0|
    |trunc_ln717_802_reg_43509                     |  12|   0|   13|          1|
    |trunc_ln717_803_reg_43514                     |  10|   0|   10|          0|
    |trunc_ln717_804_reg_43524                     |  13|   0|   13|          0|
    |trunc_ln717_805_reg_43529                     |  11|   0|   11|          0|
    |trunc_ln717_806_reg_43929                     |  12|   0|   12|          0|
    |trunc_ln717_807_reg_43549                     |  12|   0|   12|          0|
    |trunc_ln717_808_reg_43554                     |   9|   0|   13|          4|
    |trunc_ln717_809_reg_43144                     |   9|   0|    9|          0|
    |trunc_ln717_810_reg_43559                     |  13|   0|   13|          0|
    |trunc_ln717_811_reg_43564                     |  12|   0|   12|          0|
    |trunc_ln717_812_reg_43569                     |  13|   0|   13|          0|
    |trunc_ln717_813_reg_43574                     |  11|   0|   11|          0|
    |trunc_ln717_814_reg_43579                     |  11|   0|   11|          0|
    |trunc_ln717_815_reg_43589                     |  13|   0|   13|          0|
    |trunc_ln717_816_reg_43594                     |  13|   0|   13|          0|
    |trunc_ln717_817_reg_43599                     |  13|   0|   13|          0|
    |trunc_ln717_818_reg_43609                     |  13|   0|   13|          0|
    |trunc_ln717_819_reg_43184                     |  12|   0|   12|          0|
    |trunc_ln717_820_reg_43619                     |   7|   0|    7|          0|
    |trunc_ln717_821_reg_43624                     |  13|   0|   13|          0|
    |trunc_ln717_822_reg_43634                     |  13|   0|   13|          0|
    |trunc_ln717_823_reg_43204                     |  13|   0|   13|          0|
    |trunc_ln717_824_reg_43639                     |   6|   0|    6|          0|
    |trunc_ln717_824_reg_43639_pp0_iter4_reg       |   6|   0|    6|          0|
    |trunc_ln717_825_reg_43654                     |  12|   0|   12|          0|
    |trunc_ln717_826_reg_43209                     |  13|   0|   13|          0|
    |trunc_ln717_827_reg_43214                     |  13|   0|   13|          0|
    |trunc_ln717_828_reg_43664                     |   9|   0|    9|          0|
    |trunc_ln717_829_reg_43669                     |  11|   0|   11|          0|
    |trunc_ln717_830_reg_43674                     |  12|   0|   12|          0|
    |trunc_ln717_831_reg_43684                     |   6|   0|    6|          0|
    |trunc_ln717_832_reg_43689                     |  10|   0|   10|          0|
    |trunc_ln717_833_reg_43694                     |   9|   0|   13|          4|
    |trunc_ln717_834_reg_43699                     |  12|   0|   12|          0|
    |trunc_ln717_835_reg_43709                     |  11|   0|   11|          0|
    |trunc_ln717_836_reg_43234                     |  12|   0|   12|          0|
    |trunc_ln717_837_reg_43719                     |  13|   0|   13|          0|
    |trunc_ln717_838_reg_43244                     |  11|   0|   11|          0|
    |trunc_ln717_839_reg_43724                     |  13|   0|   13|          0|
    |trunc_ln717_840_reg_43734                     |  12|   0|   12|          0|
    |trunc_ln717_841_reg_43259                     |  13|   0|   13|          0|
    |trunc_ln717_842_reg_43264                     |  12|   0|   12|          0|
    |trunc_ln717_843_reg_43269                     |  12|   0|   12|          0|
    |trunc_ln717_844_reg_43274                     |  13|   0|   13|          0|
    |trunc_ln717_845_reg_43289                     |   9|   0|   13|          4|
    |trunc_ln717_846_reg_43739                     |  11|   0|   11|          0|
    |trunc_ln717_847_reg_43299                     |  13|   0|   13|          0|
    |trunc_ln717_848_reg_43309                     |   7|   0|    7|          0|
    |trunc_ln717_849_reg_43934                     |  12|   0|   12|          0|
    |trunc_ln717_850_reg_43314                     |   9|   0|   13|          4|
    |trunc_ln717_851_reg_43324                     |  13|   0|   13|          0|
    |trunc_ln717_852_reg_43329                     |  11|   0|   11|          0|
    |trunc_ln717_853_reg_43339                     |  13|   0|   13|          0|
    |trunc_ln717_854_reg_43939                     |  13|   0|   13|          0|
    |trunc_ln717_855_reg_43359                     |  12|   0|   12|          0|
    |trunc_ln717_856_reg_43749                     |  13|   0|   13|          0|
    |trunc_ln717_857_reg_43099                     |   9|   0|   13|          4|
    |trunc_ln717_858_reg_43384                     |  12|   0|   12|          0|
    |trunc_ln717_859_reg_43389                     |  12|   0|   12|          0|
    |trunc_ln717_860_reg_43944                     |   9|   0|   13|          4|
    |trunc_ln717_861_reg_43754                     |  13|   0|   13|          0|
    |trunc_ln717_862_reg_43424                     |  13|   0|   13|          0|
    |trunc_ln717_863_reg_43114                     |  12|   0|   12|          0|
    |trunc_ln717_864_reg_43429                     |  12|   0|   12|          0|
    |trunc_ln717_865_reg_43759                     |  11|   0|   11|          0|
    |trunc_ln717_866_reg_43949                     |  13|   0|   13|          0|
    |trunc_ln717_867_reg_43764                     |   7|   0|    7|          0|
    |trunc_ln717_867_reg_43764_pp0_iter4_reg       |   7|   0|    7|          0|
    |trunc_ln717_s_reg_43919                       |  11|   0|   11|          0|
    |trunc_ln9_reg_43464                           |  12|   0|   12|          0|
    |trunc_ln_reg_43914                            |   9|   0|    9|          0|
    |lshr_ln717_6_reg_42812                        |  64|  32|    6|          0|
    |p_read1056_reg_42656                          |  64|  32|    8|          0|
    |p_read1157_reg_42648                          |  64|  32|    8|          0|
    |p_read349_reg_42715                           |  64|  32|    8|          0|
    |p_read46_reg_42740                            |  64|  32|    8|          0|
    |p_read551_reg_42698                           |  64|  32|    8|          0|
    |p_read955_reg_42664                           |  64|  32|    8|          0|
    |p_read_185_reg_42533                          |  64|  32|    8|          0|
    |p_read_188_reg_42547                          |  64|  32|    8|          0|
    |p_read_194_reg_42599                          |  64|  32|    8|          0|
    |p_read_196_reg_42611                          |  64|  32|    8|          0|
    |p_read_198_reg_42624                          |  64|  32|    8|          0|
    |p_read_199_reg_42633                          |  64|  32|    8|          0|
    |p_read_200_reg_42641                          |  64|  32|    8|          0|
    |trunc_ln1171_28_reg_42876                     |  64|  32|   12|          0|
    |trunc_ln717_827_reg_43214                     |  64|  32|   13|          0|
    |trunc_ln717_852_reg_43329                     |  64|  32|   11|          0|
    +----------------------------------------------+----+----+-----+-----------+
    |Total                                         |4855| 544| 3973|         60|
    +----------------------------------------------+----+----+-----+-----------+



================================================================
== Interface
================================================================
* Summary: 
+-------------+-----+-----+------------+-----------------------------------------------------------------------------+--------------+
|  RTL Ports  | Dir | Bits|  Protocol  |                                Source Object                                |    C Type    |
+-------------+-----+-----+------------+-----------------------------------------------------------------------------+--------------+
|ap_clk       |   in|    1|  ap_ctrl_hs|  dense_latency<ap_ufixed<8, 0, 4, 0, 0>, ap_fixed<16, 4, 5, 3, 0>, config11>|  return value|
|ap_rst       |   in|    1|  ap_ctrl_hs|  dense_latency<ap_ufixed<8, 0, 4, 0, 0>, ap_fixed<16, 4, 5, 3, 0>, config11>|  return value|
|ap_return_0  |  out|   16|  ap_ctrl_hs|  dense_latency<ap_ufixed<8, 0, 4, 0, 0>, ap_fixed<16, 4, 5, 3, 0>, config11>|  return value|
|ap_return_1  |  out|   16|  ap_ctrl_hs|  dense_latency<ap_ufixed<8, 0, 4, 0, 0>, ap_fixed<16, 4, 5, 3, 0>, config11>|  return value|
|ap_return_2  |  out|   16|  ap_ctrl_hs|  dense_latency<ap_ufixed<8, 0, 4, 0, 0>, ap_fixed<16, 4, 5, 3, 0>, config11>|  return value|
|ap_return_3  |  out|   16|  ap_ctrl_hs|  dense_latency<ap_ufixed<8, 0, 4, 0, 0>, ap_fixed<16, 4, 5, 3, 0>, config11>|  return value|
|ap_return_4  |  out|   16|  ap_ctrl_hs|  dense_latency<ap_ufixed<8, 0, 4, 0, 0>, ap_fixed<16, 4, 5, 3, 0>, config11>|  return value|
|ap_ce        |   in|    1|  ap_ctrl_hs|  dense_latency<ap_ufixed<8, 0, 4, 0, 0>, ap_fixed<16, 4, 5, 3, 0>, config11>|  return value|
|p_read       |   in|    8|     ap_none|                                                                       p_read|        scalar|
|p_read1      |   in|    8|     ap_none|                                                                      p_read1|        scalar|
|p_read2      |   in|    8|     ap_none|                                                                      p_read2|        scalar|
|p_read3      |   in|    8|     ap_none|                                                                      p_read3|        scalar|
|p_read4      |   in|    8|     ap_none|                                                                      p_read4|        scalar|
|p_read5      |   in|    8|     ap_none|                                                                      p_read5|        scalar|
|p_read6      |   in|    8|     ap_none|                                                                      p_read6|        scalar|
|p_read7      |   in|    8|     ap_none|                                                                      p_read7|        scalar|
|p_read8      |   in|    8|     ap_none|                                                                      p_read8|        scalar|
|p_read9      |   in|    8|     ap_none|                                                                      p_read9|        scalar|
|p_read10     |   in|    8|     ap_none|                                                                     p_read10|        scalar|
|p_read11     |   in|    8|     ap_none|                                                                     p_read11|        scalar|
|p_read12     |   in|    8|     ap_none|                                                                     p_read12|        scalar|
|p_read13     |   in|    8|     ap_none|                                                                     p_read13|        scalar|
|p_read14     |   in|    8|     ap_none|                                                                     p_read14|        scalar|
|p_read15     |   in|    8|     ap_none|                                                                     p_read15|        scalar|
|p_read16     |   in|    8|     ap_none|                                                                     p_read16|        scalar|
|p_read17     |   in|    8|     ap_none|                                                                     p_read17|        scalar|
|p_read18     |   in|    8|     ap_none|                                                                     p_read18|        scalar|
|p_read19     |   in|    8|     ap_none|                                                                     p_read19|        scalar|
|p_read20     |   in|    8|     ap_none|                                                                     p_read20|        scalar|
|p_read21     |   in|    8|     ap_none|                                                                     p_read21|        scalar|
|p_read22     |   in|    8|     ap_none|                                                                     p_read22|        scalar|
|p_read23     |   in|    8|     ap_none|                                                                     p_read23|        scalar|
|p_read24     |   in|    8|     ap_none|                                                                     p_read24|        scalar|
|p_read25     |   in|    8|     ap_none|                                                                     p_read25|        scalar|
|p_read26     |   in|    8|     ap_none|                                                                     p_read26|        scalar|
|p_read27     |   in|    8|     ap_none|                                                                     p_read27|        scalar|
|p_read28     |   in|    8|     ap_none|                                                                     p_read28|        scalar|
|p_read29     |   in|    8|     ap_none|                                                                     p_read29|        scalar|
+-------------+-----+-----+------------+-----------------------------------------------------------------------------+--------------+

