

================================================================
== Vitis HLS Report for 'relu_ap_fixed_16_4_5_3_0_ap_ufixed_8_0_4_0_0_relu_config7_s'
================================================================
* Date:           Mon Jul 17 13:30:26 2023

* Version:        2021.1 (Build 3247384 on Thu Jun 10 19:36:07 MDT 2021)
* Project:        myproject_prj
* Solution:       solution1 (Vivado IP Flow Target)
* Product family: zynq
* Target device:  xc7z007s-clg225-2


================================================================
== Performance Estimates
================================================================
+ Timing: 
    * Summary: 
    +--------+---------+----------+------------+
    |  Clock |  Target | Estimated| Uncertainty|
    +--------+---------+----------+------------+
    |ap_clk  |  3.33 ns|  2.587 ns|     0.42 ns|
    +--------+---------+----------+------------+

+ Latency: 
    * Summary: 
    +---------+---------+----------+----------+-----+-----+---------+
    |  Latency (cycles) |  Latency (absolute) |  Interval | Pipeline|
    |   min   |   max   |    min   |    max   | min | max |   Type  |
    +---------+---------+----------+----------+-----+-----+---------+
    |        1|        1|  3.330 ns|  3.330 ns|    1|    1|      yes|
    +---------+---------+----------+----------+-----+-----+---------+

    + Detail: 
        * Instance: 
        N/A

        * Loop: 
        N/A



================================================================
== Utilization Estimates
================================================================
* Summary: 
+-----------------+---------+----+-------+-------+-----+
|       Name      | BRAM_18K| DSP|   FF  |  LUT  | URAM|
+-----------------+---------+----+-------+-------+-----+
|DSP              |        -|   -|      -|      -|    -|
|Expression       |        -|   -|      0|   1333|    -|
|FIFO             |        -|   -|      -|      -|    -|
|Instance         |        -|   -|      -|      -|    -|
|Memory           |        -|   -|      -|      -|    -|
|Multiplexer      |        -|   -|      -|    403|    -|
|Register         |        -|   -|   1055|      -|    -|
+-----------------+---------+----+-------+-------+-----+
|Total            |        0|   0|   1055|   1736|    0|
+-----------------+---------+----+-------+-------+-----+
|Available        |      100|  66|  28800|  14400|    0|
+-----------------+---------+----+-------+-------+-----+
|Utilization (%)  |        0|   0|      3|     12|    0|
+-----------------+---------+----+-------+-------+-----+

+ Detail: 
    * Instance: 
    N/A

    * DSP: 
    N/A

    * Memory: 
    N/A

    * FIFO: 
    N/A

    * Expression: 
    +-----------------------------+----------+----+---+----+------------+------------+
    |        Variable Name        | Operation| DSP| FF| LUT| Bitwidth P0| Bitwidth P1|
    +-----------------------------+----------+----+---+----+------------+------------+
    |add_ln415_10_fu_1144_p2      |         +|   0|  0|   8|           8|           8|
    |add_ln415_11_fu_1224_p2      |         +|   0|  0|   8|           8|           8|
    |add_ln415_12_fu_1304_p2      |         +|   0|  0|   8|           8|           8|
    |add_ln415_13_fu_1384_p2      |         +|   0|  0|   8|           8|           8|
    |add_ln415_14_fu_1464_p2      |         +|   0|  0|   8|           8|           8|
    |add_ln415_15_fu_1544_p2      |         +|   0|  0|   8|           8|           8|
    |add_ln415_16_fu_1624_p2      |         +|   0|  0|   8|           8|           8|
    |add_ln415_17_fu_1704_p2      |         +|   0|  0|   8|           8|           8|
    |add_ln415_18_fu_1784_p2      |         +|   0|  0|   8|           8|           8|
    |add_ln415_19_fu_1864_p2      |         +|   0|  0|   8|           8|           8|
    |add_ln415_1_fu_424_p2        |         +|   0|  0|   8|           8|           8|
    |add_ln415_20_fu_1944_p2      |         +|   0|  0|   8|           8|           8|
    |add_ln415_21_fu_2024_p2      |         +|   0|  0|   8|           8|           8|
    |add_ln415_22_fu_2104_p2      |         +|   0|  0|   8|           8|           8|
    |add_ln415_23_fu_2184_p2      |         +|   0|  0|   8|           8|           8|
    |add_ln415_24_fu_2264_p2      |         +|   0|  0|   8|           8|           8|
    |add_ln415_25_fu_2344_p2      |         +|   0|  0|   8|           8|           8|
    |add_ln415_26_fu_2424_p2      |         +|   0|  0|   8|           8|           8|
    |add_ln415_27_fu_2504_p2      |         +|   0|  0|   8|           8|           8|
    |add_ln415_28_fu_2584_p2      |         +|   0|  0|   8|           8|           8|
    |add_ln415_29_fu_2664_p2      |         +|   0|  0|   8|           8|           8|
    |add_ln415_2_fu_504_p2        |         +|   0|  0|   8|           8|           8|
    |add_ln415_30_fu_2744_p2      |         +|   0|  0|   8|           8|           8|
    |add_ln415_3_fu_584_p2        |         +|   0|  0|   8|           8|           8|
    |add_ln415_4_fu_664_p2        |         +|   0|  0|   8|           8|           8|
    |add_ln415_5_fu_744_p2        |         +|   0|  0|   8|           8|           8|
    |add_ln415_6_fu_824_p2        |         +|   0|  0|   8|           8|           8|
    |add_ln415_7_fu_904_p2        |         +|   0|  0|   8|           8|           8|
    |add_ln415_8_fu_984_p2        |         +|   0|  0|   8|           8|           8|
    |add_ln415_9_fu_1064_p2       |         +|   0|  0|   8|           8|           8|
    |add_ln415_fu_344_p2          |         +|   0|  0|   8|           8|           8|
    |and_ln412_10_fu_1134_p2      |       and|   0|  0|   1|           1|           1|
    |and_ln412_11_fu_1214_p2      |       and|   0|  0|   1|           1|           1|
    |and_ln412_12_fu_1294_p2      |       and|   0|  0|   1|           1|           1|
    |and_ln412_13_fu_1374_p2      |       and|   0|  0|   1|           1|           1|
    |and_ln412_14_fu_1454_p2      |       and|   0|  0|   1|           1|           1|
    |and_ln412_15_fu_1534_p2      |       and|   0|  0|   1|           1|           1|
    |and_ln412_16_fu_1614_p2      |       and|   0|  0|   1|           1|           1|
    |and_ln412_17_fu_1694_p2      |       and|   0|  0|   1|           1|           1|
    |and_ln412_18_fu_1774_p2      |       and|   0|  0|   1|           1|           1|
    |and_ln412_19_fu_1854_p2      |       and|   0|  0|   1|           1|           1|
    |and_ln412_1_fu_414_p2        |       and|   0|  0|   1|           1|           1|
    |and_ln412_20_fu_1934_p2      |       and|   0|  0|   1|           1|           1|
    |and_ln412_21_fu_2014_p2      |       and|   0|  0|   1|           1|           1|
    |and_ln412_22_fu_2094_p2      |       and|   0|  0|   1|           1|           1|
    |and_ln412_23_fu_2174_p2      |       and|   0|  0|   1|           1|           1|
    |and_ln412_24_fu_2254_p2      |       and|   0|  0|   1|           1|           1|
    |and_ln412_25_fu_2334_p2      |       and|   0|  0|   1|           1|           1|
    |and_ln412_26_fu_2414_p2      |       and|   0|  0|   1|           1|           1|
    |and_ln412_27_fu_2494_p2      |       and|   0|  0|   1|           1|           1|
    |and_ln412_28_fu_2574_p2      |       and|   0|  0|   1|           1|           1|
    |and_ln412_29_fu_2654_p2      |       and|   0|  0|   1|           1|           1|
    |and_ln412_2_fu_494_p2        |       and|   0|  0|   1|           1|           1|
    |and_ln412_30_fu_2734_p2      |       and|   0|  0|   1|           1|           1|
    |and_ln412_3_fu_574_p2        |       and|   0|  0|   1|           1|           1|
    |and_ln412_4_fu_654_p2        |       and|   0|  0|   1|           1|           1|
    |and_ln412_5_fu_734_p2        |       and|   0|  0|   1|           1|           1|
    |and_ln412_6_fu_814_p2        |       and|   0|  0|   1|           1|           1|
    |and_ln412_7_fu_894_p2        |       and|   0|  0|   1|           1|           1|
    |and_ln412_8_fu_974_p2        |       and|   0|  0|   1|           1|           1|
    |and_ln412_9_fu_1054_p2       |       and|   0|  0|   1|           1|           1|
    |and_ln412_fu_334_p2          |       and|   0|  0|   1|           1|           1|
    |icmp_ln1049_10_fu_1160_p2    |      icmp|   0|  0|   2|           4|           2|
    |icmp_ln1049_11_fu_1240_p2    |      icmp|   0|  0|   2|           4|           2|
    |icmp_ln1049_12_fu_1320_p2    |      icmp|   0|  0|   2|           4|           2|
    |icmp_ln1049_13_fu_1400_p2    |      icmp|   0|  0|   2|           4|           2|
    |icmp_ln1049_14_fu_1480_p2    |      icmp|   0|  0|   2|           4|           2|
    |icmp_ln1049_15_fu_1560_p2    |      icmp|   0|  0|   2|           4|           2|
    |icmp_ln1049_16_fu_1640_p2    |      icmp|   0|  0|   2|           4|           2|
    |icmp_ln1049_17_fu_1720_p2    |      icmp|   0|  0|   2|           4|           2|
    |icmp_ln1049_18_fu_1800_p2    |      icmp|   0|  0|   2|           4|           2|
    |icmp_ln1049_19_fu_1880_p2    |      icmp|   0|  0|   2|           4|           2|
    |icmp_ln1049_1_fu_440_p2      |      icmp|   0|  0|   2|           4|           2|
    |icmp_ln1049_20_fu_1960_p2    |      icmp|   0|  0|   2|           4|           2|
    |icmp_ln1049_21_fu_2040_p2    |      icmp|   0|  0|   2|           4|           2|
    |icmp_ln1049_22_fu_2120_p2    |      icmp|   0|  0|   2|           4|           2|
    |icmp_ln1049_23_fu_2200_p2    |      icmp|   0|  0|   2|           4|           2|
    |icmp_ln1049_24_fu_2280_p2    |      icmp|   0|  0|   2|           4|           2|
    |icmp_ln1049_25_fu_2360_p2    |      icmp|   0|  0|   2|           4|           2|
    |icmp_ln1049_26_fu_2440_p2    |      icmp|   0|  0|   2|           4|           2|
    |icmp_ln1049_27_fu_2520_p2    |      icmp|   0|  0|   2|           4|           2|
    |icmp_ln1049_28_fu_2600_p2    |      icmp|   0|  0|   2|           4|           2|
    |icmp_ln1049_29_fu_2680_p2    |      icmp|   0|  0|   2|           4|           2|
    |icmp_ln1049_2_fu_520_p2      |      icmp|   0|  0|   2|           4|           2|
    |icmp_ln1049_30_fu_2760_p2    |      icmp|   0|  0|   2|           4|           2|
    |icmp_ln1049_3_fu_600_p2      |      icmp|   0|  0|   2|           4|           2|
    |icmp_ln1049_4_fu_680_p2      |      icmp|   0|  0|   2|           4|           2|
    |icmp_ln1049_5_fu_760_p2      |      icmp|   0|  0|   2|           4|           2|
    |icmp_ln1049_6_fu_840_p2      |      icmp|   0|  0|   2|           4|           2|
    |icmp_ln1049_7_fu_920_p2      |      icmp|   0|  0|   2|           4|           2|
    |icmp_ln1049_8_fu_1000_p2     |      icmp|   0|  0|   2|           4|           2|
    |icmp_ln1049_9_fu_1080_p2     |      icmp|   0|  0|   2|           4|           2|
    |icmp_ln1049_fu_360_p2        |      icmp|   0|  0|   2|           4|           2|
    |icmp_ln1547_10_fu_3242_p2    |      icmp|   0|  0|   7|          16|           1|
    |icmp_ln1547_11_fu_3289_p2    |      icmp|   0|  0|   7|          16|           1|
    |icmp_ln1547_12_fu_3336_p2    |      icmp|   0|  0|   7|          16|           1|
    |icmp_ln1547_13_fu_3383_p2    |      icmp|   0|  0|   7|          16|           1|
    |icmp_ln1547_14_fu_3430_p2    |      icmp|   0|  0|   7|          16|           1|
    |icmp_ln1547_15_fu_3477_p2    |      icmp|   0|  0|   7|          16|           1|
    |icmp_ln1547_16_fu_3524_p2    |      icmp|   0|  0|   7|          16|           1|
    |icmp_ln1547_17_fu_3571_p2    |      icmp|   0|  0|   7|          16|           1|
    |icmp_ln1547_18_fu_3618_p2    |      icmp|   0|  0|   7|          16|           1|
    |icmp_ln1547_19_fu_3665_p2    |      icmp|   0|  0|   7|          16|           1|
    |icmp_ln1547_1_fu_2819_p2     |      icmp|   0|  0|   7|          16|           1|
    |icmp_ln1547_20_fu_3712_p2    |      icmp|   0|  0|   7|          16|           1|
    |icmp_ln1547_21_fu_3759_p2    |      icmp|   0|  0|   7|          16|           1|
    |icmp_ln1547_22_fu_3806_p2    |      icmp|   0|  0|   7|          16|           1|
    |icmp_ln1547_23_fu_3853_p2    |      icmp|   0|  0|   7|          16|           1|
    |icmp_ln1547_24_fu_3900_p2    |      icmp|   0|  0|   7|          16|           1|
    |icmp_ln1547_25_fu_3947_p2    |      icmp|   0|  0|   7|          16|           1|
    |icmp_ln1547_26_fu_3994_p2    |      icmp|   0|  0|   7|          16|           1|
    |icmp_ln1547_27_fu_4041_p2    |      icmp|   0|  0|   7|          16|           1|
    |icmp_ln1547_28_fu_4088_p2    |      icmp|   0|  0|   7|          16|           1|
    |icmp_ln1547_29_fu_4135_p2    |      icmp|   0|  0|   7|          16|           1|
    |icmp_ln1547_2_fu_2866_p2     |      icmp|   0|  0|   7|          16|           1|
    |icmp_ln1547_30_fu_4182_p2    |      icmp|   0|  0|   7|          16|           1|
    |icmp_ln1547_3_fu_2913_p2     |      icmp|   0|  0|   7|          16|           1|
    |icmp_ln1547_4_fu_2960_p2     |      icmp|   0|  0|   7|          16|           1|
    |icmp_ln1547_5_fu_3007_p2     |      icmp|   0|  0|   7|          16|           1|
    |icmp_ln1547_6_fu_3054_p2     |      icmp|   0|  0|   7|          16|           1|
    |icmp_ln1547_7_fu_3101_p2     |      icmp|   0|  0|   7|          16|           1|
    |icmp_ln1547_8_fu_3148_p2     |      icmp|   0|  0|   7|          16|           1|
    |icmp_ln1547_9_fu_3195_p2     |      icmp|   0|  0|   7|          16|           1|
    |icmp_ln1547_fu_2772_p2       |      icmp|   0|  0|   7|          16|           1|
    |icmp_ln727_10_fu_1122_p2     |      icmp|   0|  0|   2|           3|           1|
    |icmp_ln727_11_fu_1202_p2     |      icmp|   0|  0|   2|           3|           1|
    |icmp_ln727_12_fu_1282_p2     |      icmp|   0|  0|   2|           3|           1|
    |icmp_ln727_13_fu_1362_p2     |      icmp|   0|  0|   2|           3|           1|
    |icmp_ln727_14_fu_1442_p2     |      icmp|   0|  0|   2|           3|           1|
    |icmp_ln727_15_fu_1522_p2     |      icmp|   0|  0|   2|           3|           1|
    |icmp_ln727_16_fu_1602_p2     |      icmp|   0|  0|   2|           3|           1|
    |icmp_ln727_17_fu_1682_p2     |      icmp|   0|  0|   2|           3|           1|
    |icmp_ln727_18_fu_1762_p2     |      icmp|   0|  0|   2|           3|           1|
    |icmp_ln727_19_fu_1842_p2     |      icmp|   0|  0|   2|           3|           1|
    |icmp_ln727_1_fu_402_p2       |      icmp|   0|  0|   2|           3|           1|
    |icmp_ln727_20_fu_1922_p2     |      icmp|   0|  0|   2|           3|           1|
    |icmp_ln727_21_fu_2002_p2     |      icmp|   0|  0|   2|           3|           1|
    |icmp_ln727_22_fu_2082_p2     |      icmp|   0|  0|   2|           3|           1|
    |icmp_ln727_23_fu_2162_p2     |      icmp|   0|  0|   2|           3|           1|
    |icmp_ln727_24_fu_2242_p2     |      icmp|   0|  0|   2|           3|           1|
    |icmp_ln727_25_fu_2322_p2     |      icmp|   0|  0|   2|           3|           1|
    |icmp_ln727_26_fu_2402_p2     |      icmp|   0|  0|   2|           3|           1|
    |icmp_ln727_27_fu_2482_p2     |      icmp|   0|  0|   2|           3|           1|
    |icmp_ln727_28_fu_2562_p2     |      icmp|   0|  0|   2|           3|           1|
    |icmp_ln727_29_fu_2642_p2     |      icmp|   0|  0|   2|           3|           1|
    |icmp_ln727_2_fu_482_p2       |      icmp|   0|  0|   2|           3|           1|
    |icmp_ln727_30_fu_2722_p2     |      icmp|   0|  0|   2|           3|           1|
    |icmp_ln727_3_fu_562_p2       |      icmp|   0|  0|   2|           3|           1|
    |icmp_ln727_4_fu_642_p2       |      icmp|   0|  0|   2|           3|           1|
    |icmp_ln727_5_fu_722_p2       |      icmp|   0|  0|   2|           3|           1|
    |icmp_ln727_6_fu_802_p2       |      icmp|   0|  0|   2|           3|           1|
    |icmp_ln727_7_fu_882_p2       |      icmp|   0|  0|   2|           3|           1|
    |icmp_ln727_8_fu_962_p2       |      icmp|   0|  0|   2|           3|           1|
    |icmp_ln727_9_fu_1042_p2      |      icmp|   0|  0|   2|           3|           1|
    |icmp_ln727_fu_322_p2         |      icmp|   0|  0|   2|           3|           1|
    |icmp_ln777_10_fu_1166_p2     |      icmp|   0|  0|   2|           4|           1|
    |icmp_ln777_11_fu_1246_p2     |      icmp|   0|  0|   2|           4|           1|
    |icmp_ln777_12_fu_1326_p2     |      icmp|   0|  0|   2|           4|           1|
    |icmp_ln777_13_fu_1406_p2     |      icmp|   0|  0|   2|           4|           1|
    |icmp_ln777_14_fu_1486_p2     |      icmp|   0|  0|   2|           4|           1|
    |icmp_ln777_15_fu_1566_p2     |      icmp|   0|  0|   2|           4|           1|
    |icmp_ln777_16_fu_1646_p2     |      icmp|   0|  0|   2|           4|           1|
    |icmp_ln777_17_fu_1726_p2     |      icmp|   0|  0|   2|           4|           1|
    |icmp_ln777_18_fu_1806_p2     |      icmp|   0|  0|   2|           4|           1|
    |icmp_ln777_19_fu_1886_p2     |      icmp|   0|  0|   2|           4|           1|
    |icmp_ln777_1_fu_446_p2       |      icmp|   0|  0|   2|           4|           1|
    |icmp_ln777_20_fu_1966_p2     |      icmp|   0|  0|   2|           4|           1|
    |icmp_ln777_21_fu_2046_p2     |      icmp|   0|  0|   2|           4|           1|
    |icmp_ln777_22_fu_2126_p2     |      icmp|   0|  0|   2|           4|           1|
    |icmp_ln777_23_fu_2206_p2     |      icmp|   0|  0|   2|           4|           1|
    |icmp_ln777_24_fu_2286_p2     |      icmp|   0|  0|   2|           4|           1|
    |icmp_ln777_25_fu_2366_p2     |      icmp|   0|  0|   2|           4|           1|
    |icmp_ln777_26_fu_2446_p2     |      icmp|   0|  0|   2|           4|           1|
    |icmp_ln777_27_fu_2526_p2     |      icmp|   0|  0|   2|           4|           1|
    |icmp_ln777_28_fu_2606_p2     |      icmp|   0|  0|   2|           4|           1|
    |icmp_ln777_29_fu_2686_p2     |      icmp|   0|  0|   2|           4|           1|
    |icmp_ln777_2_fu_526_p2       |      icmp|   0|  0|   2|           4|           1|
    |icmp_ln777_30_fu_2766_p2     |      icmp|   0|  0|   2|           4|           1|
    |icmp_ln777_3_fu_606_p2       |      icmp|   0|  0|   2|           4|           1|
    |icmp_ln777_4_fu_686_p2       |      icmp|   0|  0|   2|           4|           1|
    |icmp_ln777_5_fu_766_p2       |      icmp|   0|  0|   2|           4|           1|
    |icmp_ln777_6_fu_846_p2       |      icmp|   0|  0|   2|           4|           1|
    |icmp_ln777_7_fu_926_p2       |      icmp|   0|  0|   2|           4|           1|
    |icmp_ln777_8_fu_1006_p2      |      icmp|   0|  0|   2|           4|           1|
    |icmp_ln777_9_fu_1086_p2      |      icmp|   0|  0|   2|           4|           1|
    |icmp_ln777_fu_366_p2         |      icmp|   0|  0|   2|           4|           1|
    |or_ln412_10_fu_1128_p2       |        or|   0|  0|   1|           1|           1|
    |or_ln412_11_fu_1208_p2       |        or|   0|  0|   1|           1|           1|
    |or_ln412_12_fu_1288_p2       |        or|   0|  0|   1|           1|           1|
    |or_ln412_13_fu_1368_p2       |        or|   0|  0|   1|           1|           1|
    |or_ln412_14_fu_1448_p2       |        or|   0|  0|   1|           1|           1|
    |or_ln412_15_fu_1528_p2       |        or|   0|  0|   1|           1|           1|
    |or_ln412_16_fu_1608_p2       |        or|   0|  0|   1|           1|           1|
    |or_ln412_17_fu_1688_p2       |        or|   0|  0|   1|           1|           1|
    |or_ln412_18_fu_1768_p2       |        or|   0|  0|   1|           1|           1|
    |or_ln412_19_fu_1848_p2       |        or|   0|  0|   1|           1|           1|
    |or_ln412_1_fu_408_p2         |        or|   0|  0|   1|           1|           1|
    |or_ln412_20_fu_1928_p2       |        or|   0|  0|   1|           1|           1|
    |or_ln412_21_fu_2008_p2       |        or|   0|  0|   1|           1|           1|
    |or_ln412_22_fu_2088_p2       |        or|   0|  0|   1|           1|           1|
    |or_ln412_23_fu_2168_p2       |        or|   0|  0|   1|           1|           1|
    |or_ln412_24_fu_2248_p2       |        or|   0|  0|   1|           1|           1|
    |or_ln412_25_fu_2328_p2       |        or|   0|  0|   1|           1|           1|
    |or_ln412_26_fu_2408_p2       |        or|   0|  0|   1|           1|           1|
    |or_ln412_27_fu_2488_p2       |        or|   0|  0|   1|           1|           1|
    |or_ln412_28_fu_2568_p2       |        or|   0|  0|   1|           1|           1|
    |or_ln412_29_fu_2648_p2       |        or|   0|  0|   1|           1|           1|
    |or_ln412_2_fu_488_p2         |        or|   0|  0|   1|           1|           1|
    |or_ln412_30_fu_2728_p2       |        or|   0|  0|   1|           1|           1|
    |or_ln412_3_fu_568_p2         |        or|   0|  0|   1|           1|           1|
    |or_ln412_4_fu_648_p2         |        or|   0|  0|   1|           1|           1|
    |or_ln412_5_fu_728_p2         |        or|   0|  0|   1|           1|           1|
    |or_ln412_6_fu_808_p2         |        or|   0|  0|   1|           1|           1|
    |or_ln412_7_fu_888_p2         |        or|   0|  0|   1|           1|           1|
    |or_ln412_8_fu_968_p2         |        or|   0|  0|   1|           1|           1|
    |or_ln412_9_fu_1048_p2        |        or|   0|  0|   1|           1|           1|
    |or_ln412_fu_328_p2           |        or|   0|  0|   1|           1|           1|
    |select_ln1547_10_fu_3281_p3  |    select|   0|  0|   8|           1|           8|
    |select_ln1547_11_fu_3328_p3  |    select|   0|  0|   8|           1|           8|
    |select_ln1547_12_fu_3375_p3  |    select|   0|  0|   8|           1|           8|
    |select_ln1547_13_fu_3422_p3  |    select|   0|  0|   8|           1|           8|
    |select_ln1547_14_fu_3469_p3  |    select|   0|  0|   8|           1|           8|
    |select_ln1547_15_fu_3516_p3  |    select|   0|  0|   8|           1|           8|
    |select_ln1547_16_fu_3563_p3  |    select|   0|  0|   8|           1|           8|
    |select_ln1547_17_fu_3610_p3  |    select|   0|  0|   8|           1|           8|
    |select_ln1547_18_fu_3657_p3  |    select|   0|  0|   8|           1|           8|
    |select_ln1547_19_fu_3704_p3  |    select|   0|  0|   8|           1|           8|
    |select_ln1547_1_fu_2858_p3   |    select|   0|  0|   8|           1|           8|
    |select_ln1547_20_fu_3751_p3  |    select|   0|  0|   8|           1|           8|
    |select_ln1547_21_fu_3798_p3  |    select|   0|  0|   8|           1|           8|
    |select_ln1547_22_fu_3845_p3  |    select|   0|  0|   8|           1|           8|
    |select_ln1547_23_fu_3892_p3  |    select|   0|  0|   8|           1|           8|
    |select_ln1547_24_fu_3939_p3  |    select|   0|  0|   8|           1|           8|
    |select_ln1547_25_fu_3986_p3  |    select|   0|  0|   8|           1|           8|
    |select_ln1547_26_fu_4033_p3  |    select|   0|  0|   8|           1|           8|
    |select_ln1547_27_fu_4080_p3  |    select|   0|  0|   8|           1|           8|
    |select_ln1547_28_fu_4127_p3  |    select|   0|  0|   8|           1|           8|
    |select_ln1547_29_fu_4174_p3  |    select|   0|  0|   8|           1|           8|
    |select_ln1547_2_fu_2905_p3   |    select|   0|  0|   8|           1|           8|
    |select_ln1547_30_fu_4221_p3  |    select|   0|  0|   8|           1|           8|
    |select_ln1547_3_fu_2952_p3   |    select|   0|  0|   8|           1|           8|
    |select_ln1547_4_fu_2999_p3   |    select|   0|  0|   8|           1|           8|
    |select_ln1547_5_fu_3046_p3   |    select|   0|  0|   8|           1|           8|
    |select_ln1547_6_fu_3093_p3   |    select|   0|  0|   8|           1|           8|
    |select_ln1547_7_fu_3140_p3   |    select|   0|  0|   8|           1|           8|
    |select_ln1547_8_fu_3187_p3   |    select|   0|  0|   8|           1|           8|
    |select_ln1547_9_fu_3234_p3   |    select|   0|  0|   8|           1|           8|
    |select_ln1547_fu_2811_p3     |    select|   0|  0|   8|           1|           8|
    |select_ln394_10_fu_3274_p3   |    select|   0|  0|   8|           1|           8|
    |select_ln394_11_fu_3321_p3   |    select|   0|  0|   8|           1|           8|
    |select_ln394_12_fu_3368_p3   |    select|   0|  0|   8|           1|           8|
    |select_ln394_13_fu_3415_p3   |    select|   0|  0|   8|           1|           8|
    |select_ln394_14_fu_3462_p3   |    select|   0|  0|   8|           1|           8|
    |select_ln394_15_fu_3509_p3   |    select|   0|  0|   8|           1|           8|
    |select_ln394_16_fu_3556_p3   |    select|   0|  0|   8|           1|           8|
    |select_ln394_17_fu_3603_p3   |    select|   0|  0|   8|           1|           8|
    |select_ln394_18_fu_3650_p3   |    select|   0|  0|   8|           1|           8|
    |select_ln394_19_fu_3697_p3   |    select|   0|  0|   8|           1|           8|
    |select_ln394_1_fu_2851_p3    |    select|   0|  0|   8|           1|           8|
    |select_ln394_20_fu_3744_p3   |    select|   0|  0|   8|           1|           8|
    |select_ln394_21_fu_3791_p3   |    select|   0|  0|   8|           1|           8|
    |select_ln394_22_fu_3838_p3   |    select|   0|  0|   8|           1|           8|
    |select_ln394_23_fu_3885_p3   |    select|   0|  0|   8|           1|           8|
    |select_ln394_24_fu_3932_p3   |    select|   0|  0|   8|           1|           8|
    |select_ln394_25_fu_3979_p3   |    select|   0|  0|   8|           1|           8|
    |select_ln394_26_fu_4026_p3   |    select|   0|  0|   8|           1|           8|
    |select_ln394_27_fu_4073_p3   |    select|   0|  0|   8|           1|           8|
    |select_ln394_28_fu_4120_p3   |    select|   0|  0|   8|           1|           8|
    |select_ln394_29_fu_4167_p3   |    select|   0|  0|   8|           1|           8|
    |select_ln394_2_fu_2898_p3    |    select|   0|  0|   8|           1|           8|
    |select_ln394_30_fu_4214_p3   |    select|   0|  0|   8|           1|           8|
    |select_ln394_3_fu_2945_p3    |    select|   0|  0|   8|           1|           8|
    |select_ln394_4_fu_2992_p3    |    select|   0|  0|   8|           1|           8|
    |select_ln394_5_fu_3039_p3    |    select|   0|  0|   8|           1|           8|
    |select_ln394_6_fu_3086_p3    |    select|   0|  0|   8|           1|           8|
    |select_ln394_7_fu_3133_p3    |    select|   0|  0|   8|           1|           8|
    |select_ln394_8_fu_3180_p3    |    select|   0|  0|   8|           1|           8|
    |select_ln394_9_fu_3227_p3    |    select|   0|  0|   8|           1|           8|
    |select_ln394_fu_2804_p3      |    select|   0|  0|   8|           1|           8|
    |select_ln403_10_fu_3267_p3   |    select|   0|  0|   2|           1|           1|
    |select_ln403_11_fu_3314_p3   |    select|   0|  0|   2|           1|           1|
    |select_ln403_12_fu_3361_p3   |    select|   0|  0|   2|           1|           1|
    |select_ln403_13_fu_3408_p3   |    select|   0|  0|   2|           1|           1|
    |select_ln403_14_fu_3455_p3   |    select|   0|  0|   2|           1|           1|
    |select_ln403_15_fu_3502_p3   |    select|   0|  0|   2|           1|           1|
    |select_ln403_16_fu_3549_p3   |    select|   0|  0|   2|           1|           1|
    |select_ln403_17_fu_3596_p3   |    select|   0|  0|   2|           1|           1|
    |select_ln403_18_fu_3643_p3   |    select|   0|  0|   2|           1|           1|
    |select_ln403_19_fu_3690_p3   |    select|   0|  0|   2|           1|           1|
    |select_ln403_1_fu_2844_p3    |    select|   0|  0|   2|           1|           1|
    |select_ln403_20_fu_3737_p3   |    select|   0|  0|   2|           1|           1|
    |select_ln403_21_fu_3784_p3   |    select|   0|  0|   2|           1|           1|
    |select_ln403_22_fu_3831_p3   |    select|   0|  0|   2|           1|           1|
    |select_ln403_23_fu_3878_p3   |    select|   0|  0|   2|           1|           1|
    |select_ln403_24_fu_3925_p3   |    select|   0|  0|   2|           1|           1|
    |select_ln403_25_fu_3972_p3   |    select|   0|  0|   2|           1|           1|
    |select_ln403_26_fu_4019_p3   |    select|   0|  0|   2|           1|           1|
    |select_ln403_27_fu_4066_p3   |    select|   0|  0|   2|           1|           1|
    |select_ln403_28_fu_4113_p3   |    select|   0|  0|   2|           1|           1|
    |select_ln403_29_fu_4160_p3   |    select|   0|  0|   2|           1|           1|
    |select_ln403_2_fu_2891_p3    |    select|   0|  0|   2|           1|           1|
    |select_ln403_30_fu_4207_p3   |    select|   0|  0|   2|           1|           1|
    |select_ln403_3_fu_2938_p3    |    select|   0|  0|   2|           1|           1|
    |select_ln403_4_fu_2985_p3    |    select|   0|  0|   2|           1|           1|
    |select_ln403_5_fu_3032_p3    |    select|   0|  0|   2|           1|           1|
    |select_ln403_6_fu_3079_p3    |    select|   0|  0|   2|           1|           1|
    |select_ln403_7_fu_3126_p3    |    select|   0|  0|   2|           1|           1|
    |select_ln403_8_fu_3173_p3    |    select|   0|  0|   2|           1|           1|
    |select_ln403_9_fu_3220_p3    |    select|   0|  0|   2|           1|           1|
    |select_ln403_fu_2797_p3      |    select|   0|  0|   2|           1|           1|
    |select_ln787_10_fu_3261_p3   |    select|   0|  0|   2|           1|           1|
    |select_ln787_11_fu_3308_p3   |    select|   0|  0|   2|           1|           1|
    |select_ln787_12_fu_3355_p3   |    select|   0|  0|   2|           1|           1|
    |select_ln787_13_fu_3402_p3   |    select|   0|  0|   2|           1|           1|
    |select_ln787_14_fu_3449_p3   |    select|   0|  0|   2|           1|           1|
    |select_ln787_15_fu_3496_p3   |    select|   0|  0|   2|           1|           1|
    |select_ln787_16_fu_3543_p3   |    select|   0|  0|   2|           1|           1|
    |select_ln787_17_fu_3590_p3   |    select|   0|  0|   2|           1|           1|
    |select_ln787_18_fu_3637_p3   |    select|   0|  0|   2|           1|           1|
    |select_ln787_19_fu_3684_p3   |    select|   0|  0|   2|           1|           1|
    |select_ln787_1_fu_2838_p3    |    select|   0|  0|   2|           1|           1|
    |select_ln787_20_fu_3731_p3   |    select|   0|  0|   2|           1|           1|
    |select_ln787_21_fu_3778_p3   |    select|   0|  0|   2|           1|           1|
    |select_ln787_22_fu_3825_p3   |    select|   0|  0|   2|           1|           1|
    |select_ln787_23_fu_3872_p3   |    select|   0|  0|   2|           1|           1|
    |select_ln787_24_fu_3919_p3   |    select|   0|  0|   2|           1|           1|
    |select_ln787_25_fu_3966_p3   |    select|   0|  0|   2|           1|           1|
    |select_ln787_26_fu_4013_p3   |    select|   0|  0|   2|           1|           1|
    |select_ln787_27_fu_4060_p3   |    select|   0|  0|   2|           1|           1|
    |select_ln787_28_fu_4107_p3   |    select|   0|  0|   2|           1|           1|
    |select_ln787_29_fu_4154_p3   |    select|   0|  0|   2|           1|           1|
    |select_ln787_2_fu_2885_p3    |    select|   0|  0|   2|           1|           1|
    |select_ln787_30_fu_4201_p3   |    select|   0|  0|   2|           1|           1|
    |select_ln787_3_fu_2932_p3    |    select|   0|  0|   2|           1|           1|
    |select_ln787_4_fu_2979_p3    |    select|   0|  0|   2|           1|           1|
    |select_ln787_5_fu_3026_p3    |    select|   0|  0|   2|           1|           1|
    |select_ln787_6_fu_3073_p3    |    select|   0|  0|   2|           1|           1|
    |select_ln787_7_fu_3120_p3    |    select|   0|  0|   2|           1|           1|
    |select_ln787_8_fu_3167_p3    |    select|   0|  0|   2|           1|           1|
    |select_ln787_9_fu_3214_p3    |    select|   0|  0|   2|           1|           1|
    |select_ln787_fu_2791_p3      |    select|   0|  0|   2|           1|           1|
    +-----------------------------+----------+----+---+----+------------+------------+
    |Total                        |          |   0|  0|1333|        1271|        1023|
    +-----------------------------+----------+----+---+----+------------+------------+

    * Multiplexer: 
    +--------------+----+-----------+-----+-----------+
    |     Name     | LUT| Input Size| Bits| Total Bits|
    +--------------+----+-----------+-----+-----------+
    |ap_return_0   |  13|          3|    8|         24|
    |ap_return_1   |  13|          3|    8|         24|
    |ap_return_10  |  13|          3|    8|         24|
    |ap_return_11  |  13|          3|    8|         24|
    |ap_return_12  |  13|          3|    8|         24|
    |ap_return_13  |  13|          3|    8|         24|
    |ap_return_14  |  13|          3|    8|         24|
    |ap_return_15  |  13|          3|    8|         24|
    |ap_return_16  |  13|          3|    8|         24|
    |ap_return_17  |  13|          3|    8|         24|
    |ap_return_18  |  13|          3|    8|         24|
    |ap_return_19  |  13|          3|    8|         24|
    |ap_return_2   |  13|          3|    8|         24|
    |ap_return_20  |  13|          3|    8|         24|
    |ap_return_21  |  13|          3|    8|         24|
    |ap_return_22  |  13|          3|    8|         24|
    |ap_return_23  |  13|          3|    8|         24|
    |ap_return_24  |  13|          3|    8|         24|
    |ap_return_25  |  13|          3|    8|         24|
    |ap_return_26  |  13|          3|    8|         24|
    |ap_return_27  |  13|          3|    8|         24|
    |ap_return_28  |  13|          3|    8|         24|
    |ap_return_29  |  13|          3|    8|         24|
    |ap_return_3   |  13|          3|    8|         24|
    |ap_return_30  |  13|          3|    8|         24|
    |ap_return_4   |  13|          3|    8|         24|
    |ap_return_5   |  13|          3|    8|         24|
    |ap_return_6   |  13|          3|    8|         24|
    |ap_return_7   |  13|          3|    8|         24|
    |ap_return_8   |  13|          3|    8|         24|
    |ap_return_9   |  13|          3|    8|         24|
    +--------------+----+-----------+-----+-----------+
    |Total         | 403|         93|  248|        744|
    +--------------+----+-----------+-----+-----------+

    * Register: 
    +-------------------------+----+----+-----+-----------+
    |           Name          | FF | LUT| Bits| Const Bits|
    +-------------------------+----+----+-----+-----------+
    |add_ln415_10_reg_4771    |   8|   0|    8|          0|
    |add_ln415_11_reg_4788    |   8|   0|    8|          0|
    |add_ln415_12_reg_4805    |   8|   0|    8|          0|
    |add_ln415_13_reg_4822    |   8|   0|    8|          0|
    |add_ln415_14_reg_4839    |   8|   0|    8|          0|
    |add_ln415_15_reg_4856    |   8|   0|    8|          0|
    |add_ln415_16_reg_4873    |   8|   0|    8|          0|
    |add_ln415_17_reg_4890    |   8|   0|    8|          0|
    |add_ln415_18_reg_4907    |   8|   0|    8|          0|
    |add_ln415_19_reg_4924    |   8|   0|    8|          0|
    |add_ln415_1_reg_4618     |   8|   0|    8|          0|
    |add_ln415_20_reg_4941    |   8|   0|    8|          0|
    |add_ln415_21_reg_4958    |   8|   0|    8|          0|
    |add_ln415_22_reg_4975    |   8|   0|    8|          0|
    |add_ln415_23_reg_4992    |   8|   0|    8|          0|
    |add_ln415_24_reg_5009    |   8|   0|    8|          0|
    |add_ln415_25_reg_5026    |   8|   0|    8|          0|
    |add_ln415_26_reg_5043    |   8|   0|    8|          0|
    |add_ln415_27_reg_5060    |   8|   0|    8|          0|
    |add_ln415_28_reg_5077    |   8|   0|    8|          0|
    |add_ln415_29_reg_5094    |   8|   0|    8|          0|
    |add_ln415_2_reg_4635     |   8|   0|    8|          0|
    |add_ln415_30_reg_5111    |   8|   0|    8|          0|
    |add_ln415_3_reg_4652     |   8|   0|    8|          0|
    |add_ln415_4_reg_4669     |   8|   0|    8|          0|
    |add_ln415_5_reg_4686     |   8|   0|    8|          0|
    |add_ln415_6_reg_4703     |   8|   0|    8|          0|
    |add_ln415_7_reg_4720     |   8|   0|    8|          0|
    |add_ln415_8_reg_4737     |   8|   0|    8|          0|
    |add_ln415_9_reg_4754     |   8|   0|    8|          0|
    |add_ln415_reg_4601       |   8|   0|    8|          0|
    |ap_ce_reg                |   1|   0|    1|          0|
    |ap_return_0_int_reg      |   8|   0|    8|          0|
    |ap_return_10_int_reg     |   8|   0|    8|          0|
    |ap_return_11_int_reg     |   8|   0|    8|          0|
    |ap_return_12_int_reg     |   8|   0|    8|          0|
    |ap_return_13_int_reg     |   8|   0|    8|          0|
    |ap_return_14_int_reg     |   8|   0|    8|          0|
    |ap_return_15_int_reg     |   8|   0|    8|          0|
    |ap_return_16_int_reg     |   8|   0|    8|          0|
    |ap_return_17_int_reg     |   8|   0|    8|          0|
    |ap_return_18_int_reg     |   8|   0|    8|          0|
    |ap_return_19_int_reg     |   8|   0|    8|          0|
    |ap_return_1_int_reg      |   8|   0|    8|          0|
    |ap_return_20_int_reg     |   8|   0|    8|          0|
    |ap_return_21_int_reg     |   8|   0|    8|          0|
    |ap_return_22_int_reg     |   8|   0|    8|          0|
    |ap_return_23_int_reg     |   8|   0|    8|          0|
    |ap_return_24_int_reg     |   8|   0|    8|          0|
    |ap_return_25_int_reg     |   8|   0|    8|          0|
    |ap_return_26_int_reg     |   8|   0|    8|          0|
    |ap_return_27_int_reg     |   8|   0|    8|          0|
    |ap_return_28_int_reg     |   8|   0|    8|          0|
    |ap_return_29_int_reg     |   8|   0|    8|          0|
    |ap_return_2_int_reg      |   8|   0|    8|          0|
    |ap_return_30_int_reg     |   8|   0|    8|          0|
    |ap_return_3_int_reg      |   8|   0|    8|          0|
    |ap_return_4_int_reg      |   8|   0|    8|          0|
    |ap_return_5_int_reg      |   8|   0|    8|          0|
    |ap_return_6_int_reg      |   8|   0|    8|          0|
    |ap_return_7_int_reg      |   8|   0|    8|          0|
    |ap_return_8_int_reg      |   8|   0|    8|          0|
    |ap_return_9_int_reg      |   8|   0|    8|          0|
    |icmp_ln1049_10_reg_4777  |   1|   0|    1|          0|
    |icmp_ln1049_11_reg_4794  |   1|   0|    1|          0|
    |icmp_ln1049_12_reg_4811  |   1|   0|    1|          0|
    |icmp_ln1049_13_reg_4828  |   1|   0|    1|          0|
    |icmp_ln1049_14_reg_4845  |   1|   0|    1|          0|
    |icmp_ln1049_15_reg_4862  |   1|   0|    1|          0|
    |icmp_ln1049_16_reg_4879  |   1|   0|    1|          0|
    |icmp_ln1049_17_reg_4896  |   1|   0|    1|          0|
    |icmp_ln1049_18_reg_4913  |   1|   0|    1|          0|
    |icmp_ln1049_19_reg_4930  |   1|   0|    1|          0|
    |icmp_ln1049_1_reg_4624   |   1|   0|    1|          0|
    |icmp_ln1049_20_reg_4947  |   1|   0|    1|          0|
    |icmp_ln1049_21_reg_4964  |   1|   0|    1|          0|
    |icmp_ln1049_22_reg_4981  |   1|   0|    1|          0|
    |icmp_ln1049_23_reg_4998  |   1|   0|    1|          0|
    |icmp_ln1049_24_reg_5015  |   1|   0|    1|          0|
    |icmp_ln1049_25_reg_5032  |   1|   0|    1|          0|
    |icmp_ln1049_26_reg_5049  |   1|   0|    1|          0|
    |icmp_ln1049_27_reg_5066  |   1|   0|    1|          0|
    |icmp_ln1049_28_reg_5083  |   1|   0|    1|          0|
    |icmp_ln1049_29_reg_5100  |   1|   0|    1|          0|
    |icmp_ln1049_2_reg_4641   |   1|   0|    1|          0|
    |icmp_ln1049_30_reg_5117  |   1|   0|    1|          0|
    |icmp_ln1049_3_reg_4658   |   1|   0|    1|          0|
    |icmp_ln1049_4_reg_4675   |   1|   0|    1|          0|
    |icmp_ln1049_5_reg_4692   |   1|   0|    1|          0|
    |icmp_ln1049_6_reg_4709   |   1|   0|    1|          0|
    |icmp_ln1049_7_reg_4726   |   1|   0|    1|          0|
    |icmp_ln1049_8_reg_4743   |   1|   0|    1|          0|
    |icmp_ln1049_9_reg_4760   |   1|   0|    1|          0|
    |icmp_ln1049_reg_4607     |   1|   0|    1|          0|
    |icmp_ln777_10_reg_4782   |   1|   0|    1|          0|
    |icmp_ln777_11_reg_4799   |   1|   0|    1|          0|
    |icmp_ln777_12_reg_4816   |   1|   0|    1|          0|
    |icmp_ln777_13_reg_4833   |   1|   0|    1|          0|
    |icmp_ln777_14_reg_4850   |   1|   0|    1|          0|
    |icmp_ln777_15_reg_4867   |   1|   0|    1|          0|
    |icmp_ln777_16_reg_4884   |   1|   0|    1|          0|
    |icmp_ln777_17_reg_4901   |   1|   0|    1|          0|
    |icmp_ln777_18_reg_4918   |   1|   0|    1|          0|
    |icmp_ln777_19_reg_4935   |   1|   0|    1|          0|
    |icmp_ln777_1_reg_4629    |   1|   0|    1|          0|
    |icmp_ln777_20_reg_4952   |   1|   0|    1|          0|
    |icmp_ln777_21_reg_4969   |   1|   0|    1|          0|
    |icmp_ln777_22_reg_4986   |   1|   0|    1|          0|
    |icmp_ln777_23_reg_5003   |   1|   0|    1|          0|
    |icmp_ln777_24_reg_5020   |   1|   0|    1|          0|
    |icmp_ln777_25_reg_5037   |   1|   0|    1|          0|
    |icmp_ln777_26_reg_5054   |   1|   0|    1|          0|
    |icmp_ln777_27_reg_5071   |   1|   0|    1|          0|
    |icmp_ln777_28_reg_5088   |   1|   0|    1|          0|
    |icmp_ln777_29_reg_5105   |   1|   0|    1|          0|
    |icmp_ln777_2_reg_4646    |   1|   0|    1|          0|
    |icmp_ln777_30_reg_5122   |   1|   0|    1|          0|
    |icmp_ln777_3_reg_4663    |   1|   0|    1|          0|
    |icmp_ln777_4_reg_4680    |   1|   0|    1|          0|
    |icmp_ln777_5_reg_4697    |   1|   0|    1|          0|
    |icmp_ln777_6_reg_4714    |   1|   0|    1|          0|
    |icmp_ln777_7_reg_4731    |   1|   0|    1|          0|
    |icmp_ln777_8_reg_4748    |   1|   0|    1|          0|
    |icmp_ln777_9_reg_4765    |   1|   0|    1|          0|
    |icmp_ln777_reg_4612      |   1|   0|    1|          0|
    |p_read1021_reg_4535      |  16|   0|   16|          0|
    |p_read112_reg_4589       |  16|   0|   16|          0|
    |p_read11_reg_4595        |  16|   0|   16|          0|
    |p_read213_reg_4583       |  16|   0|   16|          0|
    |p_read314_reg_4577       |  16|   0|   16|          0|
    |p_read415_reg_4571       |  16|   0|   16|          0|
    |p_read516_reg_4565       |  16|   0|   16|          0|
    |p_read617_reg_4559       |  16|   0|   16|          0|
    |p_read718_reg_4553       |  16|   0|   16|          0|
    |p_read819_reg_4547       |  16|   0|   16|          0|
    |p_read920_reg_4541       |  16|   0|   16|          0|
    |p_read_10_reg_4439       |  16|   0|   16|          0|
    |p_read_11_reg_4445       |  16|   0|   16|          0|
    |p_read_12_reg_4451       |  16|   0|   16|          0|
    |p_read_13_reg_4457       |  16|   0|   16|          0|
    |p_read_14_reg_4463       |  16|   0|   16|          0|
    |p_read_15_reg_4469       |  16|   0|   16|          0|
    |p_read_16_reg_4475       |  16|   0|   16|          0|
    |p_read_17_reg_4481       |  16|   0|   16|          0|
    |p_read_18_reg_4487       |  16|   0|   16|          0|
    |p_read_19_reg_4493       |  16|   0|   16|          0|
    |p_read_20_reg_4499       |  16|   0|   16|          0|
    |p_read_21_reg_4505       |  16|   0|   16|          0|
    |p_read_22_reg_4511       |  16|   0|   16|          0|
    |p_read_23_reg_4517       |  16|   0|   16|          0|
    |p_read_24_reg_4523       |  16|   0|   16|          0|
    |p_read_25_reg_4529       |  16|   0|   16|          0|
    |p_read_6_reg_4415        |  16|   0|   16|          0|
    |p_read_7_reg_4421        |  16|   0|   16|          0|
    |p_read_8_reg_4427        |  16|   0|   16|          0|
    |p_read_9_reg_4433        |  16|   0|   16|          0|
    +-------------------------+----+----+-----+-----------+
    |Total                    |1055|   0| 1055|          0|
    +-------------------------+----+----+-----+-----------+



================================================================
== Interface
================================================================
* Summary: 
+--------------+-----+-----+------------+------------------------------------------------------------------------+--------------+
|   RTL Ports  | Dir | Bits|  Protocol  |                              Source Object                             |    C Type    |
+--------------+-----+-----+------------+------------------------------------------------------------------------+--------------+
|ap_clk        |   in|    1|  ap_ctrl_hs|  relu<ap_fixed<16, 4, 5, 3, 0>, ap_ufixed<8, 0, 4, 0, 0>, relu_config7>|  return value|
|ap_rst        |   in|    1|  ap_ctrl_hs|  relu<ap_fixed<16, 4, 5, 3, 0>, ap_ufixed<8, 0, 4, 0, 0>, relu_config7>|  return value|
|ap_return_0   |  out|    8|  ap_ctrl_hs|  relu<ap_fixed<16, 4, 5, 3, 0>, ap_ufixed<8, 0, 4, 0, 0>, relu_config7>|  return value|
|ap_return_1   |  out|    8|  ap_ctrl_hs|  relu<ap_fixed<16, 4, 5, 3, 0>, ap_ufixed<8, 0, 4, 0, 0>, relu_config7>|  return value|
|ap_return_2   |  out|    8|  ap_ctrl_hs|  relu<ap_fixed<16, 4, 5, 3, 0>, ap_ufixed<8, 0, 4, 0, 0>, relu_config7>|  return value|
|ap_return_3   |  out|    8|  ap_ctrl_hs|  relu<ap_fixed<16, 4, 5, 3, 0>, ap_ufixed<8, 0, 4, 0, 0>, relu_config7>|  return value|
|ap_return_4   |  out|    8|  ap_ctrl_hs|  relu<ap_fixed<16, 4, 5, 3, 0>, ap_ufixed<8, 0, 4, 0, 0>, relu_config7>|  return value|
|ap_return_5   |  out|    8|  ap_ctrl_hs|  relu<ap_fixed<16, 4, 5, 3, 0>, ap_ufixed<8, 0, 4, 0, 0>, relu_config7>|  return value|
|ap_return_6   |  out|    8|  ap_ctrl_hs|  relu<ap_fixed<16, 4, 5, 3, 0>, ap_ufixed<8, 0, 4, 0, 0>, relu_config7>|  return value|
|ap_return_7   |  out|    8|  ap_ctrl_hs|  relu<ap_fixed<16, 4, 5, 3, 0>, ap_ufixed<8, 0, 4, 0, 0>, relu_config7>|  return value|
|ap_return_8   |  out|    8|  ap_ctrl_hs|  relu<ap_fixed<16, 4, 5, 3, 0>, ap_ufixed<8, 0, 4, 0, 0>, relu_config7>|  return value|
|ap_return_9   |  out|    8|  ap_ctrl_hs|  relu<ap_fixed<16, 4, 5, 3, 0>, ap_ufixed<8, 0, 4, 0, 0>, relu_config7>|  return value|
|ap_return_10  |  out|    8|  ap_ctrl_hs|  relu<ap_fixed<16, 4, 5, 3, 0>, ap_ufixed<8, 0, 4, 0, 0>, relu_config7>|  return value|
|ap_return_11  |  out|    8|  ap_ctrl_hs|  relu<ap_fixed<16, 4, 5, 3, 0>, ap_ufixed<8, 0, 4, 0, 0>, relu_config7>|  return value|
|ap_return_12  |  out|    8|  ap_ctrl_hs|  relu<ap_fixed<16, 4, 5, 3, 0>, ap_ufixed<8, 0, 4, 0, 0>, relu_config7>|  return value|
|ap_return_13  |  out|    8|  ap_ctrl_hs|  relu<ap_fixed<16, 4, 5, 3, 0>, ap_ufixed<8, 0, 4, 0, 0>, relu_config7>|  return value|
|ap_return_14  |  out|    8|  ap_ctrl_hs|  relu<ap_fixed<16, 4, 5, 3, 0>, ap_ufixed<8, 0, 4, 0, 0>, relu_config7>|  return value|
|ap_return_15  |  out|    8|  ap_ctrl_hs|  relu<ap_fixed<16, 4, 5, 3, 0>, ap_ufixed<8, 0, 4, 0, 0>, relu_config7>|  return value|
|ap_return_16  |  out|    8|  ap_ctrl_hs|  relu<ap_fixed<16, 4, 5, 3, 0>, ap_ufixed<8, 0, 4, 0, 0>, relu_config7>|  return value|
|ap_return_17  |  out|    8|  ap_ctrl_hs|  relu<ap_fixed<16, 4, 5, 3, 0>, ap_ufixed<8, 0, 4, 0, 0>, relu_config7>|  return value|
|ap_return_18  |  out|    8|  ap_ctrl_hs|  relu<ap_fixed<16, 4, 5, 3, 0>, ap_ufixed<8, 0, 4, 0, 0>, relu_config7>|  return value|
|ap_return_19  |  out|    8|  ap_ctrl_hs|  relu<ap_fixed<16, 4, 5, 3, 0>, ap_ufixed<8, 0, 4, 0, 0>, relu_config7>|  return value|
|ap_return_20  |  out|    8|  ap_ctrl_hs|  relu<ap_fixed<16, 4, 5, 3, 0>, ap_ufixed<8, 0, 4, 0, 0>, relu_config7>|  return value|
|ap_return_21  |  out|    8|  ap_ctrl_hs|  relu<ap_fixed<16, 4, 5, 3, 0>, ap_ufixed<8, 0, 4, 0, 0>, relu_config7>|  return value|
|ap_return_22  |  out|    8|  ap_ctrl_hs|  relu<ap_fixed<16, 4, 5, 3, 0>, ap_ufixed<8, 0, 4, 0, 0>, relu_config7>|  return value|
|ap_return_23  |  out|    8|  ap_ctrl_hs|  relu<ap_fixed<16, 4, 5, 3, 0>, ap_ufixed<8, 0, 4, 0, 0>, relu_config7>|  return value|
|ap_return_24  |  out|    8|  ap_ctrl_hs|  relu<ap_fixed<16, 4, 5, 3, 0>, ap_ufixed<8, 0, 4, 0, 0>, relu_config7>|  return value|
|ap_return_25  |  out|    8|  ap_ctrl_hs|  relu<ap_fixed<16, 4, 5, 3, 0>, ap_ufixed<8, 0, 4, 0, 0>, relu_config7>|  return value|
|ap_return_26  |  out|    8|  ap_ctrl_hs|  relu<ap_fixed<16, 4, 5, 3, 0>, ap_ufixed<8, 0, 4, 0, 0>, relu_config7>|  return value|
|ap_return_27  |  out|    8|  ap_ctrl_hs|  relu<ap_fixed<16, 4, 5, 3, 0>, ap_ufixed<8, 0, 4, 0, 0>, relu_config7>|  return value|
|ap_return_28  |  out|    8|  ap_ctrl_hs|  relu<ap_fixed<16, 4, 5, 3, 0>, ap_ufixed<8, 0, 4, 0, 0>, relu_config7>|  return value|
|ap_return_29  |  out|    8|  ap_ctrl_hs|  relu<ap_fixed<16, 4, 5, 3, 0>, ap_ufixed<8, 0, 4, 0, 0>, relu_config7>|  return value|
|ap_return_30  |  out|    8|  ap_ctrl_hs|  relu<ap_fixed<16, 4, 5, 3, 0>, ap_ufixed<8, 0, 4, 0, 0>, relu_config7>|  return value|
|ap_ce         |   in|    1|  ap_ctrl_hs|  relu<ap_fixed<16, 4, 5, 3, 0>, ap_ufixed<8, 0, 4, 0, 0>, relu_config7>|  return value|
|p_read        |   in|   16|     ap_none|                                                                  p_read|        scalar|
|p_read1       |   in|   16|     ap_none|                                                                 p_read1|        scalar|
|p_read2       |   in|   16|     ap_none|                                                                 p_read2|        scalar|
|p_read3       |   in|   16|     ap_none|                                                                 p_read3|        scalar|
|p_read4       |   in|   16|     ap_none|                                                                 p_read4|        scalar|
|p_read5       |   in|   16|     ap_none|                                                                 p_read5|        scalar|
|p_read6       |   in|   16|     ap_none|                                                                 p_read6|        scalar|
|p_read7       |   in|   16|     ap_none|                                                                 p_read7|        scalar|
|p_read8       |   in|   16|     ap_none|                                                                 p_read8|        scalar|
|p_read9       |   in|   16|     ap_none|                                                                 p_read9|        scalar|
|p_read10      |   in|   16|     ap_none|                                                                p_read10|        scalar|
|p_read12      |   in|   16|     ap_none|                                                                p_read12|        scalar|
|p_read13      |   in|   16|     ap_none|                                                                p_read13|        scalar|
|p_read14      |   in|   16|     ap_none|                                                                p_read14|        scalar|
|p_read15      |   in|   16|     ap_none|                                                                p_read15|        scalar|
|p_read16      |   in|   16|     ap_none|                                                                p_read16|        scalar|
|p_read17      |   in|   16|     ap_none|                                                                p_read17|        scalar|
|p_read18      |   in|   16|     ap_none|                                                                p_read18|        scalar|
|p_read19      |   in|   16|     ap_none|                                                                p_read19|        scalar|
|p_read20      |   in|   16|     ap_none|                                                                p_read20|        scalar|
|p_read21      |   in|   16|     ap_none|                                                                p_read21|        scalar|
|p_read22      |   in|   16|     ap_none|                                                                p_read22|        scalar|
|p_read23      |   in|   16|     ap_none|                                                                p_read23|        scalar|
|p_read24      |   in|   16|     ap_none|                                                                p_read24|        scalar|
|p_read25      |   in|   16|     ap_none|                                                                p_read25|        scalar|
|p_read26      |   in|   16|     ap_none|                                                                p_read26|        scalar|
|p_read27      |   in|   16|     ap_none|                                                                p_read27|        scalar|
|p_read28      |   in|   16|     ap_none|                                                                p_read28|        scalar|
|p_read29      |   in|   16|     ap_none|                                                                p_read29|        scalar|
|p_read30      |   in|   16|     ap_none|                                                                p_read30|        scalar|
|p_read31      |   in|   16|     ap_none|                                                                p_read31|        scalar|
+--------------+-----+-----+------------+------------------------------------------------------------------------+--------------+

