

================================================================
== Vitis HLS Report for 'dense_latency_ap_ufixed_8_1_4_0_0_ap_fixed_16_4_5_3_0_config5_s'
================================================================
* Date:           Sat Jul 22 16:23:19 2023

* Version:        2021.1 (Build 3247384 on Thu Jun 10 19:36:07 MDT 2021)
* Project:        myproject_prj
* Solution:       solution1 (Vivado IP Flow Target)
* Product family: zynq
* Target device:  xc7z007s-clg225-2


================================================================
== Performance Estimates
================================================================
+ Timing: 
    * Summary: 
    +--------+---------+----------+------------+
    |  Clock |  Target | Estimated| Uncertainty|
    +--------+---------+----------+------------+
    |ap_clk  |  3.33 ns|  4.065 ns|     0.42 ns|
    +--------+---------+----------+------------+

+ Latency: 
    * Summary: 
    +---------+---------+-----------+-----------+-----+-----+---------+
    |  Latency (cycles) |   Latency (absolute)  |  Interval | Pipeline|
    |   min   |   max   |    min    |    max    | min | max |   Type  |
    +---------+---------+-----------+-----------+-----+-----+---------+
    |       23|       23|  93.503 ns|  93.503 ns|   24|   24|      yes|
    +---------+---------+-----------+-----------+-----+-----+---------+

    + Detail: 
        * Instance: 
        N/A

        * Loop: 
        N/A



================================================================
== Utilization Estimates
================================================================
* Summary: 
+-----------------+---------+----+-------+-------+-----+
|       Name      | BRAM_18K| DSP|   FF  |  LUT  | URAM|
+-----------------+---------+----+-------+-------+-----+
|DSP              |        -|   -|      -|      -|    -|
|Expression       |        -|   -|      0|   1711|    -|
|FIFO             |        -|   -|      -|      -|    -|
|Instance         |        -|   2|      0|      0|    -|
|Memory           |        -|   -|      -|      -|    -|
|Multiplexer      |        -|   -|      -|    515|    -|
|Register         |        -|   -|   1620|      -|    -|
+-----------------+---------+----+-------+-------+-----+
|Total            |        0|   2|   1620|   2226|    0|
+-----------------+---------+----+-------+-------+-----+
|Available        |      100|  66|  28800|  14400|    0|
+-----------------+---------+----+-------+-------+-----+
|Utilization (%)  |        0|   3|      5|     15|    0|
+-----------------+---------+----+-------+-------+-----+

+ Detail: 
    * Instance: 
    +-----------------------+-------------------+---------+----+---+----+-----+
    |        Instance       |       Module      | BRAM_18K| DSP| FF| LUT| URAM|
    +-----------------------+-------------------+---------+----+---+----+-----+
    |mul_8ns_8s_16_3_1_U26  |mul_8ns_8s_16_3_1  |        0|   1|  0|   0|    0|
    |mul_8ns_9s_16_3_1_U27  |mul_8ns_9s_16_3_1  |        0|   1|  0|   0|    0|
    +-----------------------+-------------------+---------+----+---+----+-----+
    |Total                  |                   |        0|   2|  0|   0|    0|
    +-----------------------+-------------------+---------+----+---+----+-----+

    * DSP: 
    N/A

    * Memory: 
    N/A

    * FIFO: 
    N/A

    * Expression: 
    +--------------------------+----------+----+---+----+------------+------------+
    |       Variable Name      | Operation| DSP| FF| LUT| Bitwidth P0| Bitwidth P1|
    +--------------------------+----------+----+---+----+------------+------------+
    |add_ln1171_fu_1057_p2     |         +|   0|  0|  14|          14|          14|
    |add_ln712_fu_2456_p2      |         +|   0|  0|  12|          12|          12|
    |add_ln717_1_fu_1818_p2    |         +|   0|  0|  11|          11|          11|
    |add_ln717_fu_1651_p2      |         +|   0|  0|  13|          13|          13|
    |add_ln740_10_fu_2220_p2   |         +|   0|  0|  14|          14|          14|
    |add_ln740_11_fu_2440_p2   |         +|   0|  0|  14|          14|          14|
    |add_ln740_12_fu_2488_p2   |         +|   0|  0|  14|          14|          14|
    |add_ln740_13_fu_2525_p2   |         +|   0|  0|  14|          14|          14|
    |add_ln740_14_fu_2660_p2   |         +|   0|  0|  14|          14|          14|
    |add_ln740_15_fu_2123_p2   |         +|   0|  0|  13|          13|          13|
    |add_ln740_16_fu_2541_p2   |         +|   0|  0|  14|          14|          14|
    |add_ln740_17_fu_1943_p2   |         +|   0|  0|  12|          12|          12|
    |add_ln740_18_fu_1949_p2   |         +|   0|  0|  11|          11|          11|
    |add_ln740_19_fu_2135_p2   |         +|   0|  0|  13|          13|          13|
    |add_ln740_1_fu_2470_p2    |         +|   0|  0|  14|          14|          14|
    |add_ln740_20_fu_1017_p2   |         +|   0|  0|  14|          14|          14|
    |add_ln740_21_fu_2462_p2   |         +|   0|  0|  14|          14|          14|
    |add_ln740_22_fu_893_p2    |         +|   0|  0|  14|          13|          13|
    |add_ln740_23_fu_847_p2    |         +|   0|  0|  11|          11|           9|
    |add_ln740_24_fu_902_p2    |         +|   0|  0|  14|          13|          13|
    |add_ln740_25_fu_1954_p2   |         +|   0|  0|  14|          14|          14|
    |add_ln740_26_fu_2374_p2   |         +|   0|  0|  14|          14|          14|
    |add_ln740_27_fu_1125_p2   |         +|   0|  0|  14|          14|          14|
    |add_ln740_28_fu_1023_p2   |         +|   0|  0|  11|          11|           8|
    |add_ln740_29_fu_1134_p2   |         +|   0|  0|  14|          14|          14|
    |add_ln740_2_fu_2379_p2    |         +|   0|  0|  14|          14|          14|
    |add_ln740_30_fu_1140_p2   |         +|   0|  0|  14|          14|          14|
    |add_ln740_31_fu_2141_p2   |         +|   0|  0|  14|          14|          14|
    |add_ln740_32_fu_1610_p2   |         +|   0|  0|  14|          14|          14|
    |add_ln740_33_fu_1239_p2   |         +|   0|  0|  12|          12|           8|
    |add_ln740_34_fu_1619_p2   |         +|   0|  0|  14|          14|          14|
    |add_ln740_35_fu_1960_p2   |         +|   0|  0|  14|          14|          14|
    |add_ln740_36_fu_2322_p2   |         +|   0|  0|  14|          14|          14|
    |add_ln740_37_fu_2151_p2   |         +|   0|  0|  14|          12|          12|
    |add_ln740_38_fu_1966_p2   |         +|   0|  0|  11|          11|          10|
    |add_ln740_39_fu_2160_p2   |         +|   0|  0|  14|          12|          12|
    |add_ln740_3_fu_2146_p2    |         +|   0|  0|  14|          14|          14|
    |add_ln740_40_fu_2336_p2   |         +|   0|  0|  14|          14|          14|
    |add_ln740_41_fu_2505_p2   |         +|   0|  0|  14|          14|          14|
    |add_ln740_42_fu_2166_p2   |         +|   0|  0|  11|          11|          11|
    |add_ln740_43_fu_1972_p2   |         +|   0|  0|  11|          11|          11|
    |add_ln740_44_fu_2179_p2   |         +|   0|  0|  13|          13|          13|
    |add_ln740_45_fu_1978_p2   |         +|   0|  0|  13|          13|          13|
    |add_ln740_46_fu_2188_p2   |         +|   0|  0|  14|          14|          14|
    |add_ln740_47_fu_1625_p2   |         +|   0|  0|  13|          13|          13|
    |add_ln740_48_fu_1631_p2   |         +|   0|  0|  13|          13|          11|
    |add_ln740_49_fu_1990_p2   |         +|   0|  0|  14|          14|          14|
    |add_ln740_4_fu_2330_p2    |         +|   0|  0|  14|          14|          14|
    |add_ln740_50_fu_1245_p2   |         +|   0|  0|  14|          14|          14|
    |add_ln740_51_fu_2384_p2   |         +|   0|  0|  14|          14|          14|
    |add_ln740_52_fu_2342_p2   |         +|   0|  0|  14|          14|          14|
    |add_ln740_53_fu_2199_p2   |         +|   0|  0|  11|          11|          11|
    |add_ln740_54_fu_2350_p2   |         +|   0|  0|  14|          14|          14|
    |add_ln740_55_fu_2425_p2   |         +|   0|  0|  14|          14|          14|
    |add_ln740_56_fu_853_p2    |         +|   0|  0|  13|          13|          13|
    |add_ln740_57_fu_859_p2    |         +|   0|  0|  12|          12|          10|
    |add_ln740_58_fu_914_p2    |         +|   0|  0|  14|          14|          14|
    |add_ln740_59_fu_1996_p2   |         +|   0|  0|  14|          14|          14|
    |add_ln740_5_fu_2513_p2    |         +|   0|  0|  14|          14|          14|
    |add_ln740_60_fu_2205_p2   |         +|   0|  0|  14|          14|          14|
    |add_ln740_61_fu_1251_p2   |         +|   0|  0|  14|          14|          14|
    |add_ln740_62_fu_1146_p2   |         +|   0|  0|  11|          11|           8|
    |add_ln740_63_fu_1260_p2   |         +|   0|  0|  14|          14|          14|
    |add_ln740_64_fu_2002_p2   |         +|   0|  0|  14|          14|          14|
    |add_ln740_65_fu_2215_p2   |         +|   0|  0|  14|          14|          14|
    |add_ln740_66_fu_2008_p2   |         +|   0|  0|  14|          14|          12|
    |add_ln740_67_fu_2014_p2   |         +|   0|  0|  14|          14|          14|
    |add_ln740_68_fu_1151_p2   |         +|   0|  0|  14|          14|          14|
    |add_ln740_69_fu_2435_p2   |         +|   0|  0|  14|          14|          14|
    |add_ln740_6_fu_2194_p2    |         +|   0|  0|  14|          14|          14|
    |add_ln740_70_fu_2394_p2   |         +|   0|  0|  14|          14|          14|
    |add_ln740_71_fu_2411_p2   |         +|   0|  0|  14|          14|          14|
    |add_ln740_72_fu_2020_p2   |         +|   0|  0|  13|          13|          13|
    |add_ln740_73_fu_2479_p2   |         +|   0|  0|  14|          14|          14|
    |add_ln740_74_fu_2225_p2   |         +|   0|  0|  14|          13|          13|
    |add_ln740_75_fu_2026_p2   |         +|   0|  0|  10|          10|          10|
    |add_ln740_76_fu_2234_p2   |         +|   0|  0|  14|          13|          13|
    |add_ln740_77_fu_2519_p2   |         +|   0|  0|  14|          14|          14|
    |add_ln740_78_fu_2032_p2   |         +|   0|  0|  14|          14|          14|
    |add_ln740_79_fu_2038_p2   |         +|   0|  0|  14|          14|          14|
    |add_ln740_7_fu_2389_p2    |         +|   0|  0|  14|          14|          14|
    |add_ln740_80_fu_2655_p2   |         +|   0|  0|  14|          14|          14|
    |add_ln740_81_fu_2044_p2   |         +|   0|  0|  14|          14|          14|
    |add_ln740_82_fu_2050_p2   |         +|   0|  0|  14|          14|          14|
    |add_ln740_8_fu_2430_p2    |         +|   0|  0|  14|          14|          14|
    |add_ln740_9_fu_2210_p2    |         +|   0|  0|  14|          14|          14|
    |add_ln740_fu_2550_p2      |         +|   0|  0|  14|          14|          14|
    |sub_ln1171_10_fu_1372_p2  |         -|   0|  0|  16|          16|          16|
    |sub_ln1171_11_fu_1388_p2  |         -|   0|  0|  14|           1|          14|
    |sub_ln1171_12_fu_813_p2   |         -|   0|  0|  14|           1|          14|
    |sub_ln1171_13_fu_871_p2   |         -|   0|  0|  15|          15|          15|
    |sub_ln1171_14_fu_1415_p2  |         -|   0|  0|  16|           1|          16|
    |sub_ln1171_15_fu_1453_p2  |         -|   0|  0|  15|          15|          15|
    |sub_ln1171_16_fu_1047_p2  |         -|   0|  0|  14|           1|          14|
    |sub_ln1171_17_fu_1171_p2  |         -|   0|  0|  15|          15|          15|
    |sub_ln1171_18_fu_1201_p2  |         -|   0|  0|  15|           1|          15|
    |sub_ln1171_19_fu_1496_p2  |         -|   0|  0|  16|          16|          16|
    |sub_ln1171_1_fu_1277_p2   |         -|   0|  0|  15|           1|          15|
    |sub_ln1171_20_fu_1084_p2  |         -|   0|  0|  16|           1|          16|
    |sub_ln1171_21_fu_2072_p2  |         -|   0|  0|  14|           1|          14|
    |sub_ln1171_22_fu_2293_p2  |         -|   0|  0|  15|          15|          15|
    |sub_ln1171_23_fu_1218_p2  |         -|   0|  0|  15|           1|          15|
    |sub_ln1171_24_fu_1526_p2  |         -|   0|  0|  16|          16|          16|
    |sub_ln1171_25_fu_702_p2   |         -|   0|  0|  14|           1|          14|
    |sub_ln1171_26_fu_716_p2   |         -|   0|  0|  15|          15|          15|
    |sub_ln1171_27_fu_765_p2   |         -|   0|  0|  12|           1|          12|
    |sub_ln1171_28_fu_822_p2   |         -|   0|  0|  13|          13|          13|
    |sub_ln1171_29_fu_782_p2   |         -|   0|  0|  12|          12|          12|
    |sub_ln1171_2_fu_1674_p2   |         -|   0|  0|  16|          16|          16|
    |sub_ln1171_30_fu_1558_p2  |         -|   0|  0|  16|           1|          16|
    |sub_ln1171_31_fu_931_p2   |         -|   0|  0|  16|          16|          16|
    |sub_ln1171_32_fu_991_p2   |         -|   0|  0|  12|          12|          12|
    |sub_ln1171_3_fu_1701_p2   |         -|   0|  0|  16|          16|          16|
    |sub_ln1171_4_fu_1745_p2   |         -|   0|  0|  13|          13|          13|
    |sub_ln1171_5_fu_1772_p2   |         -|   0|  0|  16|          16|          16|
    |sub_ln1171_6_fu_1788_p2   |         -|   0|  0|  10|           1|          10|
    |sub_ln1171_7_fu_2274_p2   |         -|   0|  0|   9|           1|           9|
    |sub_ln1171_8_fu_1310_p2   |         -|   0|  0|  16|           1|          16|
    |sub_ln1171_9_fu_1348_p2   |         -|   0|  0|  15|          15|          15|
    |sub_ln1171_fu_2258_p2     |         -|   0|  0|  16|           1|          16|
    |sub_ln717_1_fu_1293_p2    |         -|   0|  0|  13|          13|          13|
    |sub_ln717_2_fu_1848_p2    |         -|   0|  0|  12|          12|          12|
    |sub_ln717_3_fu_1483_p2    |         -|   0|  0|  13|          13|          13|
    |sub_ln717_4_fu_975_p2     |         -|   0|  0|  12|          12|          12|
    |sub_ln717_fu_1724_p2      |         -|   0|  0|  13|          13|          13|
    +--------------------------+----------+----+---+----+------------+------------+
    |Total                     |          |   0|  0|1711|        1493|        1684|
    +--------------------------+----------+----+---+----+------------+------------+

    * Multiplexer: 
    +---------------+-----+-----------+-----+-----------+
    |      Name     | LUT | Input Size| Bits| Total Bits|
    +---------------+-----+-----------+-----+-----------+
    |ap_NS_fsm      |  123|         25|    1|         25|
    |grp_fu_256_p0  |  102|         21|    8|        168|
    |grp_fu_256_p1  |   91|         19|    8|        152|
    |grp_fu_257_p0  |   97|         20|    8|        160|
    |grp_fu_257_p1  |  102|         21|    9|        189|
    +---------------+-----+-----------+-----+-----------+
    |Total          |  515|        106|   34|        694|
    +---------------+-----+-----------+-----+-----------+

    * Register: 
    +-------------------------+----+----+-----+-----------+
    |           Name          | FF | LUT| Bits| Const Bits|
    +-------------------------+----+----+-----+-----------+
    |add_ln712_reg_3500       |  12|   0|   12|          0|
    |add_ln740_10_reg_3425    |  14|   0|   14|          0|
    |add_ln740_11_reg_3495    |  14|   0|   14|          0|
    |add_ln740_12_reg_3510    |  14|   0|   14|          0|
    |add_ln740_13_reg_3525    |  14|   0|   14|          0|
    |add_ln740_15_reg_3385    |  13|   0|   13|          0|
    |add_ln740_17_reg_3298    |  12|   0|   12|          0|
    |add_ln740_18_reg_3303    |  11|   0|   11|          0|
    |add_ln740_19_reg_3390    |  13|   0|   13|          0|
    |add_ln740_1_reg_3505     |  14|   0|   14|          0|
    |add_ln740_20_reg_3082    |  14|   0|   14|          0|
    |add_ln740_23_reg_3014    |  11|   0|   11|          0|
    |add_ln740_24_reg_3046    |  13|   0|   13|          0|
    |add_ln740_25_reg_3308    |  10|   0|   14|          4|
    |add_ln740_28_reg_3087    |  11|   0|   11|          0|
    |add_ln740_29_reg_3112    |  14|   0|   14|          0|
    |add_ln740_2_reg_3475     |  14|   0|   14|          0|
    |add_ln740_30_reg_3117    |  14|   0|   14|          0|
    |add_ln740_33_reg_3147    |  12|   0|   12|          0|
    |add_ln740_34_reg_3233    |  14|   0|   14|          0|
    |add_ln740_35_reg_3314    |  14|   0|   14|          0|
    |add_ln740_38_reg_3319    |  11|   0|   11|          0|
    |add_ln740_39_reg_3400    |  12|   0|   12|          0|
    |add_ln740_3_reg_3395     |  14|   0|   14|          0|
    |add_ln740_40_reg_3460    |  14|   0|   14|          0|
    |add_ln740_43_reg_3324    |  11|   0|   11|          0|
    |add_ln740_44_reg_3405    |  13|   0|   13|          0|
    |add_ln740_45_reg_3329    |  13|   0|   13|          0|
    |add_ln740_47_reg_3238    |  13|   0|   13|          0|
    |add_ln740_48_reg_3243    |  13|   0|   13|          0|
    |add_ln740_49_reg_3334    |  14|   0|   14|          0|
    |add_ln740_4_reg_3455     |  14|   0|   14|          0|
    |add_ln740_50_reg_3152    |  14|   0|   14|          0|
    |add_ln740_53_reg_3415    |  11|   0|   11|          0|
    |add_ln740_54_reg_3465    |  14|   0|   14|          0|
    |add_ln740_56_reg_3019    |  13|   0|   13|          0|
    |add_ln740_57_reg_3024    |  12|   0|   12|          0|
    |add_ln740_58_reg_3051    |  14|   0|   14|          0|
    |add_ln740_59_reg_3339    |  14|   0|   14|          0|
    |add_ln740_5_reg_3520     |  14|   0|   14|          0|
    |add_ln740_62_reg_3122    |  11|   0|   11|          0|
    |add_ln740_63_reg_3157    |  14|   0|   14|          0|
    |add_ln740_64_reg_3344    |  14|   0|   14|          0|
    |add_ln740_67_reg_3349    |  14|   0|   14|          0|
    |add_ln740_68_reg_3127    |  14|   0|   14|          0|
    |add_ln740_6_reg_3410     |  14|   0|   14|          0|
    |add_ln740_71_reg_3485    |  14|   0|   14|          0|
    |add_ln740_72_reg_3354    |  13|   0|   13|          0|
    |add_ln740_75_reg_3359    |  10|   0|   10|          0|
    |add_ln740_76_reg_3430    |  13|   0|   13|          0|
    |add_ln740_79_reg_3364    |  14|   0|   14|          0|
    |add_ln740_7_reg_3480     |  14|   0|   14|          0|
    |add_ln740_82_reg_3369    |  14|   0|   14|          0|
    |add_ln740_8_reg_3490     |  14|   0|   14|          0|
    |add_ln740_9_reg_3420     |  14|   0|   14|          0|
    |ap_CS_fsm                |  24|   0|   24|          0|
    |ap_port_reg_p_read       |   8|   0|    8|          0|
    |ap_port_reg_p_read3      |   8|   0|    8|          0|
    |ap_port_reg_p_read4      |   8|   0|    8|          0|
    |ap_port_reg_p_read5      |   8|   0|    8|          0|
    |lshr_ln717_1_reg_3278    |   8|   0|    8|          0|
    |lshr_ln717_2_reg_2804    |   6|   0|    6|          0|
    |lshr_ln717_3_reg_3102    |  11|   0|   11|          0|
    |lshr_ln717_4_reg_2832    |   5|   0|    5|          0|
    |lshr_ln717_s_reg_2993    |  11|   0|   11|          0|
    |lshr_ln_reg_3248         |  10|   0|   10|          0|
    |p_read34_reg_2931        |   8|   0|    8|          0|
    |p_read_17_reg_2883       |   8|   0|    8|          0|
    |p_read_18_reg_2837       |   8|   0|    8|          0|
    |p_read_19_reg_2810       |   8|   0|    8|          0|
    |p_read_20_reg_2769       |   8|   0|    8|          0|
    |p_read_21_reg_2781       |   8|   0|    8|          0|
    |r_V_1_reg_3470           |   8|   0|   16|          8|
    |r_V_2_reg_2967           |   8|   0|   16|          8|
    |r_V_3_reg_3039           |   8|   0|   16|          8|
    |r_V_5_reg_3066           |   8|   0|   16|          8|
    |r_V_6_reg_3212           |   8|   0|   16|          8|
    |reg_591                  |  11|   0|   11|          0|
    |reg_595                  |  11|   0|   11|          0|
    |reg_599                  |  12|   0|   12|          0|
    |reg_603                  |  12|   0|   12|          0|
    |reg_607                  |  13|   0|   13|          0|
    |reg_611                  |  13|   0|   13|          0|
    |reg_615                  |  13|   0|   13|          0|
    |reg_619                  |  13|   0|   13|          0|
    |sext_ln712_24_reg_3515   |  14|   0|   14|          0|
    |sext_ln712_47_reg_3293   |  14|   0|   14|          0|
    |shl_ln717_6_reg_3092     |   8|   0|   10|          2|
    |sub_ln1171_12_reg_3004   |   9|   0|   14|          5|
    |sub_ln1171_16_reg_3097   |   9|   0|   14|          5|
    |sub_ln1171_18_reg_3137   |   9|   0|   15|          6|
    |sub_ln1171_1_reg_3162    |   9|   0|   15|          6|
    |sub_ln1171_21_reg_3380   |   9|   0|   14|          5|
    |sub_ln1171_23_reg_3142   |   9|   0|   15|          6|
    |sub_ln1171_25_reg_2905   |   9|   0|   14|          5|
    |sub_ln1171_27_reg_2973   |   9|   0|   12|          3|
    |trunc_ln3_reg_3288       |  10|   0|   10|          0|
    |trunc_ln712_1_reg_3223   |  10|   0|   10|          0|
    |trunc_ln712_4_reg_2873   |  11|   0|   11|          0|
    |trunc_ln712_5_reg_3228   |  10|   0|   10|          0|
    |trunc_ln712_6_reg_2878   |  10|   0|   10|          0|
    |trunc_ln712_7_reg_2910   |  10|   0|   10|          0|
    |trunc_ln712_9_reg_2962   |  10|   0|   10|          0|
    |trunc_ln712_s_reg_2988   |  11|   0|   11|          0|
    |trunc_ln717_19_reg_3258  |  13|   0|   13|          0|
    |trunc_ln717_20_reg_3263  |  10|   0|   10|          0|
    |trunc_ln717_23_reg_3268  |  13|   0|   13|          0|
    |trunc_ln717_24_reg_3273  |   7|   0|    7|          0|
    |trunc_ln717_27_reg_3445  |   6|   0|    6|          0|
    |trunc_ln717_29_reg_3167  |   9|   0|   13|          4|
    |trunc_ln717_31_reg_3172  |  11|   0|   12|          1|
    |trunc_ln717_33_reg_3177  |  11|   0|   13|          2|
    |trunc_ln717_34_reg_3029  |  12|   0|   12|          0|
    |trunc_ln717_35_reg_3182  |   9|   0|   11|          2|
    |trunc_ln717_38_reg_3034  |  12|   0|   12|          0|
    |trunc_ln717_39_reg_3187  |   9|   0|   13|          4|
    |trunc_ln717_42_reg_3283  |   9|   0|    9|          0|
    |trunc_ln717_43_reg_3192  |  12|   0|   12|          0|
    |trunc_ln717_45_reg_3056  |  12|   0|   12|          0|
    |trunc_ln717_49_reg_3132  |  12|   0|   12|          0|
    |trunc_ln717_53_reg_3061  |  13|   0|   13|          0|
    |trunc_ln717_55_reg_3197  |  12|   0|   13|          1|
    |trunc_ln717_57_reg_3072  |   9|   0|    9|          0|
    |trunc_ln717_60_reg_3077  |   9|   0|    9|          0|
    |trunc_ln717_61_reg_2915  |  11|   0|   11|          0|
    |trunc_ln717_62_reg_3202  |  13|   0|   13|          0|
    |trunc_ln717_63_reg_3107  |   9|   0|   13|          4|
    |trunc_ln717_64_reg_3450  |  12|   0|   12|          0|
    |trunc_ln717_66_reg_3207  |  13|   0|   13|          0|
    |trunc_ln717_67_reg_2926  |  12|   0|   12|          0|
    |trunc_ln717_68_reg_3009  |  10|   0|   10|          0|
    |trunc_ln717_69_reg_2978  |   9|   0|    9|          0|
    |trunc_ln717_72_reg_2957  |  12|   0|   12|          0|
    |trunc_ln717_74_reg_2983  |  11|   0|   11|          0|
    |trunc_ln717_75_reg_3218  |   9|   0|   13|          4|
    |trunc_ln717_s_reg_3253   |  12|   0|   13|          1|
    |trunc_ln_reg_3440        |   9|   0|   13|          4|
    |zext_ln1171_12_reg_2951  |   8|   0|   15|          7|
    |zext_ln1171_13_reg_2794  |   8|   0|   14|          6|
    |zext_ln1171_19_reg_2998  |   8|   0|   15|          7|
    |zext_ln1171_37_reg_2866  |   8|   0|   15|          7|
    |zext_ln1171_3_reg_2946   |   8|   0|   14|          6|
    |zext_ln1171_43_reg_2920  |   8|   0|   14|          6|
    |zext_ln1171_44_reg_2893  |   8|   0|   15|          7|
    |zext_ln1171_45_reg_2899  |   8|   0|   13|          5|
    +-------------------------+----+----+-----+-----------+
    |Total                    |1620|   0| 1785|        165|
    +-------------------------+----+----+-----+-----------+



================================================================
== Interface
================================================================
* Summary: 
+--------------+-----+-----+------------+----------------------------------------------------------------------------+--------------+
|   RTL Ports  | Dir | Bits|  Protocol  |                                Source Object                               |    C Type    |
+--------------+-----+-----+------------+----------------------------------------------------------------------------+--------------+
|ap_clk        |   in|    1|  ap_ctrl_hs|  dense_latency<ap_ufixed<8, 1, 4, 0, 0>, ap_fixed<16, 4, 5, 3, 0>, config5>|  return value|
|ap_rst        |   in|    1|  ap_ctrl_hs|  dense_latency<ap_ufixed<8, 1, 4, 0, 0>, ap_fixed<16, 4, 5, 3, 0>, config5>|  return value|
|ap_start      |   in|    1|  ap_ctrl_hs|  dense_latency<ap_ufixed<8, 1, 4, 0, 0>, ap_fixed<16, 4, 5, 3, 0>, config5>|  return value|
|ap_done       |  out|    1|  ap_ctrl_hs|  dense_latency<ap_ufixed<8, 1, 4, 0, 0>, ap_fixed<16, 4, 5, 3, 0>, config5>|  return value|
|ap_idle       |  out|    1|  ap_ctrl_hs|  dense_latency<ap_ufixed<8, 1, 4, 0, 0>, ap_fixed<16, 4, 5, 3, 0>, config5>|  return value|
|ap_ready      |  out|    1|  ap_ctrl_hs|  dense_latency<ap_ufixed<8, 1, 4, 0, 0>, ap_fixed<16, 4, 5, 3, 0>, config5>|  return value|
|ap_return_0   |  out|   16|  ap_ctrl_hs|  dense_latency<ap_ufixed<8, 1, 4, 0, 0>, ap_fixed<16, 4, 5, 3, 0>, config5>|  return value|
|ap_return_1   |  out|   16|  ap_ctrl_hs|  dense_latency<ap_ufixed<8, 1, 4, 0, 0>, ap_fixed<16, 4, 5, 3, 0>, config5>|  return value|
|ap_return_2   |  out|   16|  ap_ctrl_hs|  dense_latency<ap_ufixed<8, 1, 4, 0, 0>, ap_fixed<16, 4, 5, 3, 0>, config5>|  return value|
|ap_return_3   |  out|   16|  ap_ctrl_hs|  dense_latency<ap_ufixed<8, 1, 4, 0, 0>, ap_fixed<16, 4, 5, 3, 0>, config5>|  return value|
|ap_return_4   |  out|   16|  ap_ctrl_hs|  dense_latency<ap_ufixed<8, 1, 4, 0, 0>, ap_fixed<16, 4, 5, 3, 0>, config5>|  return value|
|ap_return_5   |  out|   16|  ap_ctrl_hs|  dense_latency<ap_ufixed<8, 1, 4, 0, 0>, ap_fixed<16, 4, 5, 3, 0>, config5>|  return value|
|ap_return_6   |  out|   16|  ap_ctrl_hs|  dense_latency<ap_ufixed<8, 1, 4, 0, 0>, ap_fixed<16, 4, 5, 3, 0>, config5>|  return value|
|ap_return_7   |  out|   16|  ap_ctrl_hs|  dense_latency<ap_ufixed<8, 1, 4, 0, 0>, ap_fixed<16, 4, 5, 3, 0>, config5>|  return value|
|ap_return_8   |  out|   16|  ap_ctrl_hs|  dense_latency<ap_ufixed<8, 1, 4, 0, 0>, ap_fixed<16, 4, 5, 3, 0>, config5>|  return value|
|ap_return_9   |  out|   16|  ap_ctrl_hs|  dense_latency<ap_ufixed<8, 1, 4, 0, 0>, ap_fixed<16, 4, 5, 3, 0>, config5>|  return value|
|ap_return_10  |  out|   16|  ap_ctrl_hs|  dense_latency<ap_ufixed<8, 1, 4, 0, 0>, ap_fixed<16, 4, 5, 3, 0>, config5>|  return value|
|ap_return_11  |  out|   16|  ap_ctrl_hs|  dense_latency<ap_ufixed<8, 1, 4, 0, 0>, ap_fixed<16, 4, 5, 3, 0>, config5>|  return value|
|ap_return_12  |  out|   16|  ap_ctrl_hs|  dense_latency<ap_ufixed<8, 1, 4, 0, 0>, ap_fixed<16, 4, 5, 3, 0>, config5>|  return value|
|ap_return_13  |  out|   16|  ap_ctrl_hs|  dense_latency<ap_ufixed<8, 1, 4, 0, 0>, ap_fixed<16, 4, 5, 3, 0>, config5>|  return value|
|ap_return_14  |  out|   16|  ap_ctrl_hs|  dense_latency<ap_ufixed<8, 1, 4, 0, 0>, ap_fixed<16, 4, 5, 3, 0>, config5>|  return value|
|ap_return_15  |  out|   16|  ap_ctrl_hs|  dense_latency<ap_ufixed<8, 1, 4, 0, 0>, ap_fixed<16, 4, 5, 3, 0>, config5>|  return value|
|p_read        |   in|    8|     ap_none|                                                                      p_read|        scalar|
|p_read1       |   in|    8|     ap_none|                                                                     p_read1|        scalar|
|p_read2       |   in|    8|     ap_none|                                                                     p_read2|        scalar|
|p_read3       |   in|    8|     ap_none|                                                                     p_read3|        scalar|
|p_read4       |   in|    8|     ap_none|                                                                     p_read4|        scalar|
|p_read5       |   in|    8|     ap_none|                                                                     p_read5|        scalar|
+--------------+-----+-----+------------+----------------------------------------------------------------------------+--------------+

