

================================================================
== Vitis HLS Report for 'softmax_stable_ap_fixed_ap_fixed_16_6_5_3_0_softmax_config7_s'
================================================================
* Date:           Sat Jul 22 16:06:13 2023

* Version:        2021.1 (Build 3247384 on Thu Jun 10 19:36:07 MDT 2021)
* Project:        myproject_prj
* Solution:       solution1 (Vivado IP Flow Target)
* Product family: zynq
* Target device:  xc7z007s-clg225-2


================================================================
== Performance Estimates
================================================================
+ Timing: 
    * Summary: 
    +--------+---------+----------+------------+
    |  Clock |  Target | Estimated| Uncertainty|
    +--------+---------+----------+------------+
    |ap_clk  |  3.33 ns|  3.236 ns|     0.42 ns|
    +--------+---------+----------+------------+

+ Latency: 
    * Summary: 
    +---------+---------+-----------+-----------+-----+-----+---------+
    |  Latency (cycles) |   Latency (absolute)  |  Interval | Pipeline|
    |   min   |   max   |    min    |    max    | min | max |   Type  |
    +---------+---------+-----------+-----------+-----+-----+---------+
    |       20|       20|  66.600 ns|  66.600 ns|    1|    1|      yes|
    +---------+---------+-----------+-----------+-----+-----+---------+

    + Detail: 
        * Instance: 
        N/A

        * Loop: 
        N/A



================================================================
== Utilization Estimates
================================================================
* Summary: 
+-----------------+---------+----+-------+-------+-----+
|       Name      | BRAM_18K| DSP|   FF  |  LUT  | URAM|
+-----------------+---------+----+-------+-------+-----+
|DSP              |        -|  16|      -|      -|    -|
|Expression       |        -|   -|      0|   1319|    -|
|FIFO             |        -|   -|      -|      -|    -|
|Instance         |        -|   -|      -|      -|    -|
|Memory           |       16|   -|      0|      0|    -|
|Multiplexer      |        -|   -|      -|      -|    -|
|Register         |        -|   -|   3798|   1152|    -|
+-----------------+---------+----+-------+-------+-----+
|Total            |       16|  16|   3798|   2471|    0|
+-----------------+---------+----+-------+-------+-----+
|Available        |      100|  66|  28800|  14400|    0|
+-----------------+---------+----+-------+-------+-----+
|Utilization (%)  |       16|  24|     13|     17|    0|
+-----------------+---------+----+-------+-------+-----+

+ Detail: 
    * Instance: 
    N/A

    * DSP: 
    +-----------------------------+------------------------+-----------+
    |           Instance          |         Module         | Expression|
    +-----------------------------+------------------------+-----------+
    |mul_mul_18s_18s_30_4_1_U188  |mul_mul_18s_18s_30_4_1  |    i0 * i1|
    |mul_mul_18s_18s_30_4_1_U189  |mul_mul_18s_18s_30_4_1  |    i0 * i1|
    |mul_mul_18s_18s_30_4_1_U190  |mul_mul_18s_18s_30_4_1  |    i0 * i1|
    |mul_mul_18s_18s_30_4_1_U191  |mul_mul_18s_18s_30_4_1  |    i0 * i1|
    |mul_mul_18s_18s_30_4_1_U192  |mul_mul_18s_18s_30_4_1  |    i0 * i1|
    |mul_mul_18s_18s_30_4_1_U193  |mul_mul_18s_18s_30_4_1  |    i0 * i1|
    |mul_mul_18s_18s_30_4_1_U194  |mul_mul_18s_18s_30_4_1  |    i0 * i1|
    |mul_mul_18s_18s_30_4_1_U195  |mul_mul_18s_18s_30_4_1  |    i0 * i1|
    |mul_mul_18s_18s_30_4_1_U196  |mul_mul_18s_18s_30_4_1  |    i0 * i1|
    |mul_mul_18s_18s_30_4_1_U197  |mul_mul_18s_18s_30_4_1  |    i0 * i1|
    |mul_mul_18s_18s_30_4_1_U198  |mul_mul_18s_18s_30_4_1  |    i0 * i1|
    |mul_mul_18s_18s_30_4_1_U199  |mul_mul_18s_18s_30_4_1  |    i0 * i1|
    |mul_mul_18s_18s_30_4_1_U200  |mul_mul_18s_18s_30_4_1  |    i0 * i1|
    |mul_mul_18s_18s_30_4_1_U201  |mul_mul_18s_18s_30_4_1  |    i0 * i1|
    |mul_mul_18s_18s_30_4_1_U202  |mul_mul_18s_18s_30_4_1  |    i0 * i1|
    |mul_mul_18s_18s_30_4_1_U203  |mul_mul_18s_18s_30_4_1  |    i0 * i1|
    +-----------------------------+------------------------+-----------+

    * Memory: 
    +----------------+----------------------------------------------------------------------------+---------+---+----+-----+------+-----+------+-------------+
    |     Memory     |                                   Module                                   | BRAM_18K| FF| LUT| URAM| Words| Bits| Banks| W*Bits*Banks|
    +----------------+----------------------------------------------------------------------------+---------+---+----+-----+------+-----+------+-------------+
    |exp_table_U     |softmax_stable_ap_fixed_ap_fixed_16_6_5_3_0_softmax_config7_s_exp_table     |       15|  0|   0|    0|  1024|   18|     1|        18432|
    |invert_table_U  |softmax_stable_ap_fixed_ap_fixed_16_6_5_3_0_softmax_config7_s_invert_table  |        1|  0|   0|    0|  1024|   18|     1|        18432|
    +----------------+----------------------------------------------------------------------------+---------+---+----+-----+------+-----+------+-------------+
    |Total           |                                                                            |       16|  0|   0|    0|  2048|   36|     2|        36864|
    +----------------+----------------------------------------------------------------------------+---------+---+----+-----+------+-----+------+-------------+

    * FIFO: 
    N/A

    * Expression: 
    +----------------------------+----------+----+---+----+------------+------------+
    |        Variable Name       | Operation| DSP| FF| LUT| Bitwidth P0| Bitwidth P1|
    +----------------------------+----------+----+---+----+------------+------------+
    |add_ln712_10_fu_1812_p2     |         +|   0|  0|  18|          18|          18|
    |add_ln712_11_fu_1792_p2     |         +|   0|  0|  18|          18|          18|
    |add_ln712_12_fu_1816_p2     |         +|   0|  0|  18|          18|          18|
    |add_ln712_13_fu_1843_p2     |         +|   0|  0|  18|          18|          18|
    |add_ln712_1_fu_1796_p2      |         +|   0|  0|  18|          18|          18|
    |add_ln712_2_fu_1825_p2      |         +|   0|  0|  18|          18|          18|
    |add_ln712_3_fu_1830_p2      |         +|   0|  0|  18|          18|          18|
    |add_ln712_4_fu_1800_p2      |         +|   0|  0|  18|          18|          18|
    |add_ln712_5_fu_1834_p2      |         +|   0|  0|  18|          18|          18|
    |add_ln712_6_fu_1848_p2      |         +|   0|  0|  18|          18|          18|
    |add_ln712_7_fu_1804_p2      |         +|   0|  0|  18|          18|          18|
    |add_ln712_8_fu_1808_p2      |         +|   0|  0|  18|          18|          18|
    |add_ln712_9_fu_1839_p2      |         +|   0|  0|  18|          18|          18|
    |add_ln712_fu_1821_p2        |         +|   0|  0|  18|          18|          18|
    |exp_sum_V_fu_1852_p2        |         +|   0|  0|  18|          18|          18|
    |ret_V_10_fu_1057_p2         |         -|   0|  0|  17|          17|          17|
    |ret_V_11_fu_1100_p2         |         -|   0|  0|  17|          17|          17|
    |ret_V_12_fu_1143_p2         |         -|   0|  0|  17|          17|          17|
    |ret_V_13_fu_1186_p2         |         -|   0|  0|  17|          17|          17|
    |ret_V_14_fu_1229_p2         |         -|   0|  0|  17|          17|          17|
    |ret_V_15_fu_1272_p2         |         -|   0|  0|  17|          17|          17|
    |ret_V_1_fu_670_p2           |         -|   0|  0|  17|          17|          17|
    |ret_V_2_fu_713_p2           |         -|   0|  0|  17|          17|          17|
    |ret_V_3_fu_756_p2           |         -|   0|  0|  17|          17|          17|
    |ret_V_4_fu_799_p2           |         -|   0|  0|  17|          17|          17|
    |ret_V_5_fu_842_p2           |         -|   0|  0|  17|          17|          17|
    |ret_V_6_fu_885_p2           |         -|   0|  0|  17|          17|          17|
    |ret_V_7_fu_928_p2           |         -|   0|  0|  17|          17|          17|
    |ret_V_8_fu_971_p2           |         -|   0|  0|  17|          17|          17|
    |ret_V_9_fu_1014_p2          |         -|   0|  0|  17|          17|          17|
    |ret_V_fu_627_p2             |         -|   0|  0|  17|          17|          17|
    |overflow_10_fu_1085_p2      |       and|   0|  0|   1|           1|           1|
    |overflow_11_fu_1128_p2      |       and|   0|  0|   1|           1|           1|
    |overflow_12_fu_1171_p2      |       and|   0|  0|   1|           1|           1|
    |overflow_13_fu_1214_p2      |       and|   0|  0|   1|           1|           1|
    |overflow_14_fu_1257_p2      |       and|   0|  0|   1|           1|           1|
    |overflow_15_fu_1300_p2      |       and|   0|  0|   1|           1|           1|
    |overflow_1_fu_698_p2        |       and|   0|  0|   1|           1|           1|
    |overflow_2_fu_741_p2        |       and|   0|  0|   1|           1|           1|
    |overflow_3_fu_784_p2        |       and|   0|  0|   1|           1|           1|
    |overflow_4_fu_827_p2        |       and|   0|  0|   1|           1|           1|
    |overflow_5_fu_870_p2        |       and|   0|  0|   1|           1|           1|
    |overflow_6_fu_913_p2        |       and|   0|  0|   1|           1|           1|
    |overflow_7_fu_956_p2        |       and|   0|  0|   1|           1|           1|
    |overflow_8_fu_999_p2        |       and|   0|  0|   1|           1|           1|
    |overflow_9_fu_1042_p2       |       and|   0|  0|   1|           1|           1|
    |overflow_fu_655_p2          |       and|   0|  0|   1|           1|           1|
    |icmp_ln1549_10_fu_416_p2    |      icmp|   0|  0|   7|          16|          16|
    |icmp_ln1549_11_fu_422_p2    |      icmp|   0|  0|   7|          16|          16|
    |icmp_ln1549_12_fu_528_p2    |      icmp|   0|  0|   7|          16|          16|
    |icmp_ln1549_13_fu_580_p2    |      icmp|   0|  0|   7|          16|          16|
    |icmp_ln1549_14_fu_606_p2    |      icmp|   0|  0|   7|          16|          16|
    |icmp_ln1549_1_fu_386_p2     |      icmp|   0|  0|   7|          16|          16|
    |icmp_ln1549_2_fu_516_p2     |      icmp|   0|  0|   7|          16|          16|
    |icmp_ln1549_3_fu_392_p2     |      icmp|   0|  0|   7|          16|          16|
    |icmp_ln1549_4_fu_398_p2     |      icmp|   0|  0|   7|          16|          16|
    |icmp_ln1549_5_fu_520_p2     |      icmp|   0|  0|   7|          16|          16|
    |icmp_ln1549_6_fu_576_p2     |      icmp|   0|  0|   7|          16|          16|
    |icmp_ln1549_7_fu_404_p2     |      icmp|   0|  0|   7|          16|          16|
    |icmp_ln1549_8_fu_410_p2     |      icmp|   0|  0|   7|          16|          16|
    |icmp_ln1549_9_fu_524_p2     |      icmp|   0|  0|   7|          16|          16|
    |icmp_ln1549_fu_380_p2       |      icmp|   0|  0|   7|          16|          16|
    |select_ln384_10_fu_1572_p3  |    select|   0|  0|  11|           1|           9|
    |select_ln384_11_fu_1598_p3  |    select|   0|  0|  11|           1|           9|
    |select_ln384_12_fu_1624_p3  |    select|   0|  0|  11|           1|           9|
    |select_ln384_13_fu_1650_p3  |    select|   0|  0|  11|           1|           9|
    |select_ln384_14_fu_1676_p3  |    select|   0|  0|  11|           1|           9|
    |select_ln384_15_fu_1702_p3  |    select|   0|  0|  11|           1|           9|
    |select_ln384_1_fu_1338_p3   |    select|   0|  0|  11|           1|           9|
    |select_ln384_2_fu_1364_p3   |    select|   0|  0|  11|           1|           9|
    |select_ln384_3_fu_1390_p3   |    select|   0|  0|  11|           1|           9|
    |select_ln384_4_fu_1416_p3   |    select|   0|  0|  11|           1|           9|
    |select_ln384_5_fu_1442_p3   |    select|   0|  0|  11|           1|           9|
    |select_ln384_6_fu_1468_p3   |    select|   0|  0|  11|           1|           9|
    |select_ln384_7_fu_1494_p3   |    select|   0|  0|  11|           1|           9|
    |select_ln384_8_fu_1520_p3   |    select|   0|  0|  11|           1|           9|
    |select_ln384_9_fu_1546_p3   |    select|   0|  0|  11|           1|           9|
    |select_ln384_fu_1312_p3     |    select|   0|  0|  11|           1|           9|
    |select_ln65_10_fu_499_p3    |    select|   0|  0|  16|           1|          16|
    |select_ln65_11_fu_510_p3    |    select|   0|  0|  16|           1|          16|
    |select_ln65_12_fu_570_p3    |    select|   0|  0|  16|           1|          16|
    |select_ln65_13_fu_600_p3    |    select|   0|  0|  16|           1|          16|
    |select_ln65_1_fu_444_p3     |    select|   0|  0|  16|           1|          16|
    |select_ln65_2_fu_537_p3     |    select|   0|  0|  16|           1|          16|
    |select_ln65_3_fu_455_p3     |    select|   0|  0|  16|           1|          16|
    |select_ln65_4_fu_466_p3     |    select|   0|  0|  16|           1|          16|
    |select_ln65_5_fu_548_p3     |    select|   0|  0|  16|           1|          16|
    |select_ln65_6_fu_589_p3     |    select|   0|  0|  16|           1|          16|
    |select_ln65_7_fu_477_p3     |    select|   0|  0|  16|           1|          16|
    |select_ln65_8_fu_488_p3     |    select|   0|  0|  16|           1|          16|
    |select_ln65_9_fu_559_p3     |    select|   0|  0|  16|           1|          16|
    |select_ln65_fu_433_p3       |    select|   0|  0|  16|           1|          16|
    |x_max_V_fu_615_p3           |    select|   0|  0|  16|           1|          16|
    |y_10_fu_1590_p3             |    select|   0|  0|  10|           1|          10|
    |y_11_fu_1616_p3             |    select|   0|  0|  10|           1|          10|
    |y_12_fu_1642_p3             |    select|   0|  0|  10|           1|          10|
    |y_13_fu_1668_p3             |    select|   0|  0|  10|           1|          10|
    |y_14_fu_1694_p3             |    select|   0|  0|  10|           1|          10|
    |y_15_fu_1720_p3             |    select|   0|  0|  10|           1|          10|
    |y_1_fu_1356_p3              |    select|   0|  0|  10|           1|          10|
    |y_2_fu_1382_p3              |    select|   0|  0|  10|           1|          10|
    |y_3_fu_1408_p3              |    select|   0|  0|  10|           1|          10|
    |y_4_fu_1434_p3              |    select|   0|  0|  10|           1|          10|
    |y_5_fu_1460_p3              |    select|   0|  0|  10|           1|          10|
    |y_6_fu_1486_p3              |    select|   0|  0|  10|           1|          10|
    |y_7_fu_1512_p3              |    select|   0|  0|  10|           1|          10|
    |y_8_fu_1538_p3              |    select|   0|  0|  10|           1|          10|
    |y_9_fu_1564_p3              |    select|   0|  0|  10|           1|          10|
    |y_fu_1330_p3                |    select|   0|  0|  10|           1|          10|
    |ap_enable_pp0               |       xor|   0|  0|   2|           1|           2|
    |xor_ln1549_10_fu_494_p2     |       xor|   0|  0|   2|           1|           2|
    |xor_ln1549_11_fu_505_p2     |       xor|   0|  0|   2|           1|           2|
    |xor_ln1549_12_fu_565_p2     |       xor|   0|  0|   2|           1|           2|
    |xor_ln1549_13_fu_595_p2     |       xor|   0|  0|   2|           1|           2|
    |xor_ln1549_14_fu_610_p2     |       xor|   0|  0|   2|           1|           2|
    |xor_ln1549_1_fu_439_p2      |       xor|   0|  0|   2|           1|           2|
    |xor_ln1549_2_fu_532_p2      |       xor|   0|  0|   2|           1|           2|
    |xor_ln1549_3_fu_450_p2      |       xor|   0|  0|   2|           1|           2|
    |xor_ln1549_4_fu_461_p2      |       xor|   0|  0|   2|           1|           2|
    |xor_ln1549_5_fu_543_p2      |       xor|   0|  0|   2|           1|           2|
    |xor_ln1549_6_fu_584_p2      |       xor|   0|  0|   2|           1|           2|
    |xor_ln1549_7_fu_472_p2      |       xor|   0|  0|   2|           1|           2|
    |xor_ln1549_8_fu_483_p2      |       xor|   0|  0|   2|           1|           2|
    |xor_ln1549_9_fu_554_p2      |       xor|   0|  0|   2|           1|           2|
    |xor_ln1549_fu_428_p2        |       xor|   0|  0|   2|           1|           2|
    |xor_ln340_10_fu_1091_p2     |       xor|   0|  0|   1|           1|           1|
    |xor_ln340_11_fu_1134_p2     |       xor|   0|  0|   1|           1|           1|
    |xor_ln340_12_fu_1177_p2     |       xor|   0|  0|   1|           1|           1|
    |xor_ln340_13_fu_1220_p2     |       xor|   0|  0|   1|           1|           1|
    |xor_ln340_14_fu_1263_p2     |       xor|   0|  0|   1|           1|           1|
    |xor_ln340_15_fu_1306_p2     |       xor|   0|  0|   1|           1|           1|
    |xor_ln340_1_fu_704_p2       |       xor|   0|  0|   1|           1|           1|
    |xor_ln340_2_fu_747_p2       |       xor|   0|  0|   1|           1|           1|
    |xor_ln340_3_fu_790_p2       |       xor|   0|  0|   1|           1|           1|
    |xor_ln340_4_fu_833_p2       |       xor|   0|  0|   1|           1|           1|
    |xor_ln340_5_fu_876_p2       |       xor|   0|  0|   1|           1|           1|
    |xor_ln340_6_fu_919_p2       |       xor|   0|  0|   1|           1|           1|
    |xor_ln340_7_fu_962_p2       |       xor|   0|  0|   1|           1|           1|
    |xor_ln340_8_fu_1005_p2      |       xor|   0|  0|   1|           1|           1|
    |xor_ln340_9_fu_1048_p2      |       xor|   0|  0|   1|           1|           1|
    |xor_ln340_fu_661_p2         |       xor|   0|  0|   1|           1|           1|
    |xor_ln794_10_fu_1079_p2     |       xor|   0|  0|   2|           1|           2|
    |xor_ln794_11_fu_1122_p2     |       xor|   0|  0|   2|           1|           2|
    |xor_ln794_12_fu_1165_p2     |       xor|   0|  0|   2|           1|           2|
    |xor_ln794_13_fu_1208_p2     |       xor|   0|  0|   2|           1|           2|
    |xor_ln794_14_fu_1251_p2     |       xor|   0|  0|   2|           1|           2|
    |xor_ln794_15_fu_1294_p2     |       xor|   0|  0|   2|           1|           2|
    |xor_ln794_1_fu_692_p2       |       xor|   0|  0|   2|           1|           2|
    |xor_ln794_2_fu_735_p2       |       xor|   0|  0|   2|           1|           2|
    |xor_ln794_3_fu_778_p2       |       xor|   0|  0|   2|           1|           2|
    |xor_ln794_4_fu_821_p2       |       xor|   0|  0|   2|           1|           2|
    |xor_ln794_5_fu_864_p2       |       xor|   0|  0|   2|           1|           2|
    |xor_ln794_6_fu_907_p2       |       xor|   0|  0|   2|           1|           2|
    |xor_ln794_7_fu_950_p2       |       xor|   0|  0|   2|           1|           2|
    |xor_ln794_8_fu_993_p2       |       xor|   0|  0|   2|           1|           2|
    |xor_ln794_9_fu_1036_p2      |       xor|   0|  0|   2|           1|           2|
    |xor_ln794_fu_649_p2         |       xor|   0|  0|   2|           1|           2|
    +----------------------------+----------+----+---+----+------------+------------+
    |Total                       |          |   0|  0|1319|         893|        1422|
    +----------------------------+----------+----+---+----+------------+------------+

    * Multiplexer: 
    N/A

    * Register: 
    +---------------------------------------+----+----+-----+-----------+
    |                  Name                 | FF | LUT| Bits| Const Bits|
    +---------------------------------------+----+----+-----+-----------+
    |add_ln712_11_reg_2766                  |  18|   0|   18|          0|
    |add_ln712_12_reg_2815                  |  18|   0|   18|          0|
    |add_ln712_13_reg_2830                  |  18|   0|   18|          0|
    |add_ln712_1_reg_2795                   |  18|   0|   18|          0|
    |add_ln712_2_reg_2820                   |  18|   0|   18|          0|
    |add_ln712_4_reg_2800                   |  18|   0|   18|          0|
    |add_ln712_5_reg_2825                   |  18|   0|   18|          0|
    |add_ln712_7_reg_2805                   |  18|   0|   18|          0|
    |add_ln712_8_reg_2810                   |  18|   0|   18|          0|
    |ap_CS_fsm                              |   1|   0|    1|          0|
    |ap_enable_reg_pp0_iter1                |   1|   0|    1|          0|
    |ap_enable_reg_pp0_iter10               |   1|   0|    1|          0|
    |ap_enable_reg_pp0_iter11               |   1|   0|    1|          0|
    |ap_enable_reg_pp0_iter12               |   1|   0|    1|          0|
    |ap_enable_reg_pp0_iter13               |   1|   0|    1|          0|
    |ap_enable_reg_pp0_iter14               |   1|   0|    1|          0|
    |ap_enable_reg_pp0_iter15               |   1|   0|    1|          0|
    |ap_enable_reg_pp0_iter16               |   1|   0|    1|          0|
    |ap_enable_reg_pp0_iter17               |   1|   0|    1|          0|
    |ap_enable_reg_pp0_iter18               |   1|   0|    1|          0|
    |ap_enable_reg_pp0_iter19               |   1|   0|    1|          0|
    |ap_enable_reg_pp0_iter2                |   1|   0|    1|          0|
    |ap_enable_reg_pp0_iter20               |   1|   0|    1|          0|
    |ap_enable_reg_pp0_iter3                |   1|   0|    1|          0|
    |ap_enable_reg_pp0_iter4                |   1|   0|    1|          0|
    |ap_enable_reg_pp0_iter5                |   1|   0|    1|          0|
    |ap_enable_reg_pp0_iter6                |   1|   0|    1|          0|
    |ap_enable_reg_pp0_iter7                |   1|   0|    1|          0|
    |ap_enable_reg_pp0_iter8                |   1|   0|    1|          0|
    |ap_enable_reg_pp0_iter9                |   1|   0|    1|          0|
    |exp_res_V_0_reg_2686                   |  18|   0|   18|          0|
    |exp_res_V_10_reg_2654                  |  18|   0|   18|          0|
    |exp_res_V_11_reg_2660                  |  18|   0|   18|          0|
    |exp_res_V_12_reg_2742                  |  18|   0|   18|          0|
    |exp_res_V_13_reg_2748                  |  18|   0|   18|          0|
    |exp_res_V_14_reg_2754                  |  18|   0|   18|          0|
    |exp_res_V_15_reg_2760                  |  18|   0|   18|          0|
    |exp_res_V_1_reg_2692                   |  18|   0|   18|          0|
    |exp_res_V_2_reg_2771                   |  18|   0|   18|          0|
    |exp_res_V_3_reg_2777                   |  18|   0|   18|          0|
    |exp_res_V_4_reg_2783                   |  18|   0|   18|          0|
    |exp_res_V_5_reg_2789                   |  18|   0|   18|          0|
    |exp_res_V_6_reg_2718                   |  18|   0|   18|          0|
    |exp_res_V_7_reg_2724                   |  18|   0|   18|          0|
    |exp_res_V_8_reg_2730                   |  18|   0|   18|          0|
    |exp_res_V_9_reg_2736                   |  18|   0|   18|          0|
    |icmp_ln1549_10_reg_2400                |   1|   0|    1|          0|
    |icmp_ln1549_11_reg_2405                |   1|   0|    1|          0|
    |icmp_ln1549_12_reg_2473                |   1|   0|    1|          0|
    |icmp_ln1549_13_reg_2507                |   1|   0|    1|          0|
    |icmp_ln1549_14_reg_2524                |   1|   0|    1|          0|
    |icmp_ln1549_1_reg_2375                 |   1|   0|    1|          0|
    |icmp_ln1549_2_reg_2458                 |   1|   0|    1|          0|
    |icmp_ln1549_3_reg_2380                 |   1|   0|    1|          0|
    |icmp_ln1549_4_reg_2385                 |   1|   0|    1|          0|
    |icmp_ln1549_5_reg_2463                 |   1|   0|    1|          0|
    |icmp_ln1549_6_reg_2502                 |   1|   0|    1|          0|
    |icmp_ln1549_7_reg_2390                 |   1|   0|    1|          0|
    |icmp_ln1549_8_reg_2395                 |   1|   0|    1|          0|
    |icmp_ln1549_9_reg_2468                 |   1|   0|    1|          0|
    |icmp_ln1549_reg_2370                   |   1|   0|    1|          0|
    |inv_exp_sum_V_reg_2845                 |  18|   0|   18|          0|
    |p_read16_reg_2364                      |  16|   0|   16|          0|
    |p_read_10_reg_2328                     |  16|   0|   16|          0|
    |p_read_11_reg_2334                     |  16|   0|   16|          0|
    |p_read_12_reg_2340                     |  16|   0|   16|          0|
    |p_read_13_reg_2346                     |  16|   0|   16|          0|
    |p_read_14_reg_2352                     |  16|   0|   16|          0|
    |p_read_15_reg_2358                     |  16|   0|   16|          0|
    |p_read_1_reg_2274                      |  16|   0|   16|          0|
    |p_read_2_reg_2280                      |  16|   0|   16|          0|
    |p_read_3_reg_2286                      |  16|   0|   16|          0|
    |p_read_4_reg_2292                      |  16|   0|   16|          0|
    |p_read_5_reg_2298                      |  16|   0|   16|          0|
    |p_read_6_reg_2304                      |  16|   0|   16|          0|
    |p_read_7_reg_2310                      |  16|   0|   16|          0|
    |p_read_8_reg_2316                      |  16|   0|   16|          0|
    |p_read_9_reg_2322                      |  16|   0|   16|          0|
    |select_ln65_10_reg_2446                |  16|   0|   16|          0|
    |select_ln65_10_reg_2446_pp0_iter2_reg  |  16|   0|   16|          0|
    |select_ln65_11_reg_2452                |  16|   0|   16|          0|
    |select_ln65_11_reg_2452_pp0_iter2_reg  |  16|   0|   16|          0|
    |select_ln65_12_reg_2496                |  16|   0|   16|          0|
    |select_ln65_12_reg_2496_pp0_iter4_reg  |  16|   0|   16|          0|
    |select_ln65_13_reg_2518                |  16|   0|   16|          0|
    |select_ln65_13_reg_2518_pp0_iter6_reg  |  16|   0|   16|          0|
    |select_ln65_1_reg_2416                 |  16|   0|   16|          0|
    |select_ln65_1_reg_2416_pp0_iter2_reg   |  16|   0|   16|          0|
    |select_ln65_2_reg_2478                 |  16|   0|   16|          0|
    |select_ln65_2_reg_2478_pp0_iter4_reg   |  16|   0|   16|          0|
    |select_ln65_3_reg_2422                 |  16|   0|   16|          0|
    |select_ln65_3_reg_2422_pp0_iter2_reg   |  16|   0|   16|          0|
    |select_ln65_4_reg_2428                 |  16|   0|   16|          0|
    |select_ln65_4_reg_2428_pp0_iter2_reg   |  16|   0|   16|          0|
    |select_ln65_5_reg_2484                 |  16|   0|   16|          0|
    |select_ln65_5_reg_2484_pp0_iter4_reg   |  16|   0|   16|          0|
    |select_ln65_6_reg_2512                 |  16|   0|   16|          0|
    |select_ln65_6_reg_2512_pp0_iter6_reg   |  16|   0|   16|          0|
    |select_ln65_7_reg_2434                 |  16|   0|   16|          0|
    |select_ln65_7_reg_2434_pp0_iter2_reg   |  16|   0|   16|          0|
    |select_ln65_8_reg_2440                 |  16|   0|   16|          0|
    |select_ln65_8_reg_2440_pp0_iter2_reg   |  16|   0|   16|          0|
    |select_ln65_9_reg_2490                 |  16|   0|   16|          0|
    |select_ln65_9_reg_2490_pp0_iter4_reg   |  16|   0|   16|          0|
    |select_ln65_reg_2410                   |  16|   0|   16|          0|
    |select_ln65_reg_2410_pp0_iter2_reg     |  16|   0|   16|          0|
    |x_max_V_reg_2529                       |  16|   0|   16|          0|
    |y_10_reg_2584                          |  10|   0|   10|          0|
    |y_11_reg_2589                          |  10|   0|   10|          0|
    |y_12_reg_2594                          |  10|   0|   10|          0|
    |y_12_reg_2594_pp0_iter9_reg            |  10|   0|   10|          0|
    |y_13_reg_2599                          |  10|   0|   10|          0|
    |y_13_reg_2599_pp0_iter9_reg            |  10|   0|   10|          0|
    |y_14_reg_2604                          |  10|   0|   10|          0|
    |y_14_reg_2604_pp0_iter9_reg            |  10|   0|   10|          0|
    |y_15_reg_2609                          |  10|   0|   10|          0|
    |y_15_reg_2609_pp0_iter9_reg            |  10|   0|   10|          0|
    |y_16_reg_2835                          |  10|   0|   10|          0|
    |y_1_reg_2539                           |  10|   0|   10|          0|
    |y_1_reg_2539_pp0_iter9_reg             |  10|   0|   10|          0|
    |y_2_reg_2544                           |  10|   0|   10|          0|
    |y_3_reg_2549                           |  10|   0|   10|          0|
    |y_4_reg_2554                           |  10|   0|   10|          0|
    |y_5_reg_2559                           |  10|   0|   10|          0|
    |y_6_reg_2564                           |  10|   0|   10|          0|
    |y_6_reg_2564_pp0_iter9_reg             |  10|   0|   10|          0|
    |y_7_reg_2569                           |  10|   0|   10|          0|
    |y_7_reg_2569_pp0_iter9_reg             |  10|   0|   10|          0|
    |y_8_reg_2574                           |  10|   0|   10|          0|
    |y_8_reg_2574_pp0_iter9_reg             |  10|   0|   10|          0|
    |y_9_reg_2579                           |  10|   0|   10|          0|
    |y_9_reg_2579_pp0_iter9_reg             |  10|   0|   10|          0|
    |y_reg_2534                             |  10|   0|   10|          0|
    |y_reg_2534_pp0_iter9_reg               |  10|   0|   10|          0|
    |exp_res_V_0_reg_2686                   |  64|  32|   18|          0|
    |exp_res_V_10_reg_2654                  |  64|  32|   18|          0|
    |exp_res_V_11_reg_2660                  |  64|  32|   18|          0|
    |exp_res_V_12_reg_2742                  |  64|  32|   18|          0|
    |exp_res_V_13_reg_2748                  |  64|  32|   18|          0|
    |exp_res_V_14_reg_2754                  |  64|  32|   18|          0|
    |exp_res_V_15_reg_2760                  |  64|  32|   18|          0|
    |exp_res_V_1_reg_2692                   |  64|  32|   18|          0|
    |exp_res_V_2_reg_2771                   |  64|  32|   18|          0|
    |exp_res_V_3_reg_2777                   |  64|  32|   18|          0|
    |exp_res_V_4_reg_2783                   |  64|  32|   18|          0|
    |exp_res_V_5_reg_2789                   |  64|  32|   18|          0|
    |exp_res_V_6_reg_2718                   |  64|  32|   18|          0|
    |exp_res_V_7_reg_2724                   |  64|  32|   18|          0|
    |exp_res_V_8_reg_2730                   |  64|  32|   18|          0|
    |exp_res_V_9_reg_2736                   |  64|  32|   18|          0|
    |p_read16_reg_2364                      |  64|  32|   16|          0|
    |p_read_10_reg_2328                     |  64|  32|   16|          0|
    |p_read_11_reg_2334                     |  64|  32|   16|          0|
    |p_read_12_reg_2340                     |  64|  32|   16|          0|
    |p_read_13_reg_2346                     |  64|  32|   16|          0|
    |p_read_14_reg_2352                     |  64|  32|   16|          0|
    |p_read_15_reg_2358                     |  64|  32|   16|          0|
    |p_read_1_reg_2274                      |  64|  32|   16|          0|
    |p_read_2_reg_2280                      |  64|  32|   16|          0|
    |p_read_3_reg_2286                      |  64|  32|   16|          0|
    |p_read_4_reg_2292                      |  64|  32|   16|          0|
    |p_read_5_reg_2298                      |  64|  32|   16|          0|
    |p_read_6_reg_2304                      |  64|  32|   16|          0|
    |p_read_7_reg_2310                      |  64|  32|   16|          0|
    |p_read_8_reg_2316                      |  64|  32|   16|          0|
    |p_read_9_reg_2322                      |  64|  32|   16|          0|
    |y_2_reg_2544                           |  64|  32|   10|          0|
    |y_3_reg_2549                           |  64|  32|   10|          0|
    |y_4_reg_2554                           |  64|  32|   10|          0|
    |y_5_reg_2559                           |  64|  32|   10|          0|
    +---------------------------------------+----+----+-----+-----------+
    |Total                                  |3798|1152| 2078|          0|
    +---------------------------------------+----+----+-----+-----------+



================================================================
== Interface
================================================================
* Summary: 
+--------------+-----+-----+------------+---------------------------------------------------------------+--------------+
|   RTL Ports  | Dir | Bits|  Protocol  |                         Source Object                         |    C Type    |
+--------------+-----+-----+------------+---------------------------------------------------------------+--------------+
|ap_clk        |   in|    1|  ap_ctrl_hs|  softmax_stable<ap_fixed,ap_fixed<16,6,5,3,0>,softmax_config7>|  return value|
|ap_rst        |   in|    1|  ap_ctrl_hs|  softmax_stable<ap_fixed,ap_fixed<16,6,5,3,0>,softmax_config7>|  return value|
|ap_start      |   in|    1|  ap_ctrl_hs|  softmax_stable<ap_fixed,ap_fixed<16,6,5,3,0>,softmax_config7>|  return value|
|ap_done       |  out|    1|  ap_ctrl_hs|  softmax_stable<ap_fixed,ap_fixed<16,6,5,3,0>,softmax_config7>|  return value|
|ap_idle       |  out|    1|  ap_ctrl_hs|  softmax_stable<ap_fixed,ap_fixed<16,6,5,3,0>,softmax_config7>|  return value|
|ap_ready      |  out|    1|  ap_ctrl_hs|  softmax_stable<ap_fixed,ap_fixed<16,6,5,3,0>,softmax_config7>|  return value|
|ap_return_0   |  out|   16|  ap_ctrl_hs|  softmax_stable<ap_fixed,ap_fixed<16,6,5,3,0>,softmax_config7>|  return value|
|ap_return_1   |  out|   16|  ap_ctrl_hs|  softmax_stable<ap_fixed,ap_fixed<16,6,5,3,0>,softmax_config7>|  return value|
|ap_return_2   |  out|   16|  ap_ctrl_hs|  softmax_stable<ap_fixed,ap_fixed<16,6,5,3,0>,softmax_config7>|  return value|
|ap_return_3   |  out|   16|  ap_ctrl_hs|  softmax_stable<ap_fixed,ap_fixed<16,6,5,3,0>,softmax_config7>|  return value|
|ap_return_4   |  out|   16|  ap_ctrl_hs|  softmax_stable<ap_fixed,ap_fixed<16,6,5,3,0>,softmax_config7>|  return value|
|ap_return_5   |  out|   16|  ap_ctrl_hs|  softmax_stable<ap_fixed,ap_fixed<16,6,5,3,0>,softmax_config7>|  return value|
|ap_return_6   |  out|   16|  ap_ctrl_hs|  softmax_stable<ap_fixed,ap_fixed<16,6,5,3,0>,softmax_config7>|  return value|
|ap_return_7   |  out|   16|  ap_ctrl_hs|  softmax_stable<ap_fixed,ap_fixed<16,6,5,3,0>,softmax_config7>|  return value|
|ap_return_8   |  out|   16|  ap_ctrl_hs|  softmax_stable<ap_fixed,ap_fixed<16,6,5,3,0>,softmax_config7>|  return value|
|ap_return_9   |  out|   16|  ap_ctrl_hs|  softmax_stable<ap_fixed,ap_fixed<16,6,5,3,0>,softmax_config7>|  return value|
|ap_return_10  |  out|   16|  ap_ctrl_hs|  softmax_stable<ap_fixed,ap_fixed<16,6,5,3,0>,softmax_config7>|  return value|
|ap_return_11  |  out|   16|  ap_ctrl_hs|  softmax_stable<ap_fixed,ap_fixed<16,6,5,3,0>,softmax_config7>|  return value|
|ap_return_12  |  out|   16|  ap_ctrl_hs|  softmax_stable<ap_fixed,ap_fixed<16,6,5,3,0>,softmax_config7>|  return value|
|ap_return_13  |  out|   16|  ap_ctrl_hs|  softmax_stable<ap_fixed,ap_fixed<16,6,5,3,0>,softmax_config7>|  return value|
|ap_return_14  |  out|   16|  ap_ctrl_hs|  softmax_stable<ap_fixed,ap_fixed<16,6,5,3,0>,softmax_config7>|  return value|
|ap_return_15  |  out|   16|  ap_ctrl_hs|  softmax_stable<ap_fixed,ap_fixed<16,6,5,3,0>,softmax_config7>|  return value|
|p_read        |   in|   16|     ap_none|                                                         p_read|        scalar|
|p_read1       |   in|   16|     ap_none|                                                        p_read1|        scalar|
|p_read2       |   in|   16|     ap_none|                                                        p_read2|        scalar|
|p_read3       |   in|   16|     ap_none|                                                        p_read3|        scalar|
|p_read4       |   in|   16|     ap_none|                                                        p_read4|        scalar|
|p_read5       |   in|   16|     ap_none|                                                        p_read5|        scalar|
|p_read6       |   in|   16|     ap_none|                                                        p_read6|        scalar|
|p_read7       |   in|   16|     ap_none|                                                        p_read7|        scalar|
|p_read8       |   in|   16|     ap_none|                                                        p_read8|        scalar|
|p_read9       |   in|   16|     ap_none|                                                        p_read9|        scalar|
|p_read10      |   in|   16|     ap_none|                                                       p_read10|        scalar|
|p_read11      |   in|   16|     ap_none|                                                       p_read11|        scalar|
|p_read12      |   in|   16|     ap_none|                                                       p_read12|        scalar|
|p_read13      |   in|   16|     ap_none|                                                       p_read13|        scalar|
|p_read14      |   in|   16|     ap_none|                                                       p_read14|        scalar|
|p_read15      |   in|   16|     ap_none|                                                       p_read15|        scalar|
+--------------+-----+-----+------------+---------------------------------------------------------------+--------------+

