

================================================================
== Vitis HLS Report for 'dense_latency_ap_ufixed_8_0_4_0_0_ap_fixed_16_4_5_3_0_config5_s'
================================================================
* Date:           Wed Jul 19 12:53:39 2023

* Version:        2021.1 (Build 3247384 on Thu Jun 10 19:36:07 MDT 2021)
* Project:        myproject_prj
* Solution:       solution1 (Vivado IP Flow Target)
* Product family: zynq
* Target device:  xc7z007s-clg225-2


================================================================
== Performance Estimates
================================================================
+ Timing: 
    * Summary: 
    +--------+---------+----------+------------+
    |  Clock |  Target | Estimated| Uncertainty|
    +--------+---------+----------+------------+
    |ap_clk  |  5.00 ns|  5.282 ns|     0.62 ns|
    +--------+---------+----------+------------+

+ Latency: 
    * Summary: 
    +---------+---------+-----------+-----------+-----+-----+---------+
    |  Latency (cycles) |   Latency (absolute)  |  Interval | Pipeline|
    |   min   |   max   |    min    |    max    | min | max |   Type  |
    +---------+---------+-----------+-----------+-----+-----+---------+
    |        7|        7|  36.974 ns|  36.974 ns|    8|    8|      yes|
    +---------+---------+-----------+-----------+-----+-----+---------+

    + Detail: 
        * Instance: 
        N/A

        * Loop: 
        N/A



================================================================
== Utilization Estimates
================================================================
* Summary: 
+-----------------+---------+----+-------+-------+-----+
|       Name      | BRAM_18K| DSP|   FF  |  LUT  | URAM|
+-----------------+---------+----+-------+-------+-----+
|DSP              |        -|   -|      -|      -|    -|
|Expression       |        -|   -|      0|    167|    -|
|FIFO             |        -|   -|      -|      -|    -|
|Instance         |        -|   0|      0|     62|    -|
|Memory           |        -|   -|      -|      -|    -|
|Multiplexer      |        -|   -|      -|    103|    -|
|Register         |        -|   -|    207|      -|    -|
+-----------------+---------+----+-------+-------+-----+
|Total            |        0|   0|    207|    332|    0|
+-----------------+---------+----+-------+-------+-----+
|Available        |      100|  66|  28800|  14400|    0|
+-----------------+---------+----+-------+-------+-----+
|Utilization (%)  |        0|   0|     ~0|      2|    0|
+-----------------+---------+----+-------+-------+-----+

+ Detail: 
    * Instance: 
    +----------------------+-------------------+---------+----+---+----+-----+
    |       Instance       |       Module      | BRAM_18K| DSP| FF| LUT| URAM|
    +----------------------+-------------------+---------+----+---+----+-----+
    |mul_8ns_9s_16_1_1_U9  |mul_8ns_9s_16_1_1  |        0|   0|  0|  62|    0|
    +----------------------+-------------------+---------+----+---+----+-----+
    |Total                 |                   |        0|   0|  0|  62|    0|
    +----------------------+-------------------+---------+----+---+----+-----+

    * DSP: 
    N/A

    * Memory: 
    N/A

    * FIFO: 
    N/A

    * Expression: 
    +------------------------+----------+----+---+----+------------+------------+
    |      Variable Name     | Operation| DSP| FF| LUT| Bitwidth P0| Bitwidth P1|
    +------------------------+----------+----+---+----+------------+------------+
    |add_ln1171_fu_294_p2    |         +|   0|  0|  15|          15|          15|
    |add_ln712_2_fu_213_p2   |         +|   0|  0|  12|          12|          12|
    |add_ln712_3_fu_365_p2   |         +|   0|  0|  13|          13|          13|
    |add_ln712_4_fu_440_p2   |         +|   0|  0|  15|          15|          15|
    |add_ln712_5_fu_398_p2   |         +|   0|  0|  13|          13|          13|
    |add_ln712_6_fu_371_p2   |         +|   0|  0|  13|          13|          13|
    |add_ln712_7_fu_381_p2   |         +|   0|  0|  14|          14|          14|
    |add_ln712_8_fu_411_p2   |         +|   0|  0|  15|          15|          15|
    |add_ln712_fu_427_p2     |         +|   0|  0|  14|          14|          14|
    |sub_ln1171_1_fu_239_p2  |         -|   0|  0|  14|           1|          14|
    |sub_ln1171_2_fu_249_p2  |         -|   0|  0|  15|          15|          15|
    |sub_ln1171_fu_336_p2    |         -|   0|  0|  14|          14|          14|
    +------------------------+----------+----+---+----+------------+------------+
    |Total                   |          |   0|  0| 167|         154|         167|
    +------------------------+----------+----+---+----+------------+------------+

    * Multiplexer: 
    +---------------+----+-----------+-----+-----------+
    |      Name     | LUT| Input Size| Bits| Total Bits|
    +---------------+----+-----------+-----+-----------+
    |ap_NS_fsm      |  37|          9|    1|          9|
    |grp_fu_108_p0  |  33|          8|    8|         64|
    |grp_fu_108_p1  |  33|          8|    9|         72|
    +---------------+----+-----------+-----+-----------+
    |Total          | 103|         25|   18|        145|
    +---------------+----+-----------+-----+-----------+

    * Register: 
    +-----------------------+----+----+-----+-----------+
    |          Name         | FF | LUT| Bits| Const Bits|
    +-----------------------+----+----+-----+-----------+
    |add_ln712_2_reg_491    |  12|   0|   12|          0|
    |add_ln712_3_reg_511    |  13|   0|   13|          0|
    |add_ln712_7_reg_516    |  14|   0|   14|          0|
    |add_ln712_8_reg_526    |  15|   0|   15|          0|
    |ap_CS_fsm              |   8|   0|    8|          0|
    |ap_port_reg_p_read1    |   8|   0|    8|          0|
    |ap_port_reg_p_read2    |   8|   0|    8|          0|
    |ap_port_reg_p_read3    |   8|   0|    8|          0|
    |ap_port_reg_p_read4    |   8|   0|    8|          0|
    |lshr_ln717_8_reg_501   |  11|   0|   11|          0|
    |lshr_ln717_s_reg_486   |  11|   0|   11|          0|
    |lshr_ln_reg_470        |   9|   0|    9|          0|
    |p_read_10_reg_496      |   8|   0|    8|          0|
    |p_read_11_reg_481      |   8|   0|    8|          0|
    |p_read_12_reg_475      |   8|   0|    8|          0|
    |p_read_13_reg_465      |   8|   0|    8|          0|
    |reg_181                |  12|   0|   12|          0|
    |trunc_ln717_1_reg_521  |  13|   0|   13|          0|
    |trunc_ln717_2_reg_531  |  13|   0|   13|          0|
    |trunc_ln717_3_reg_506  |  12|   0|   12|          0|
    +-----------------------+----+----+-----+-----------+
    |Total                  | 207|   0|  207|          0|
    +-----------------------+----+----+-----+-----------+



================================================================
== Interface
================================================================
* Summary: 
+-------------+-----+-----+------------+----------------------------------------------------------------------------+--------------+
|  RTL Ports  | Dir | Bits|  Protocol  |                                Source Object                               |    C Type    |
+-------------+-----+-----+------------+----------------------------------------------------------------------------+--------------+
|ap_clk       |   in|    1|  ap_ctrl_hs|  dense_latency<ap_ufixed<8, 0, 4, 0, 0>, ap_fixed<16, 4, 5, 3, 0>, config5>|  return value|
|ap_rst       |   in|    1|  ap_ctrl_hs|  dense_latency<ap_ufixed<8, 0, 4, 0, 0>, ap_fixed<16, 4, 5, 3, 0>, config5>|  return value|
|ap_start     |   in|    1|  ap_ctrl_hs|  dense_latency<ap_ufixed<8, 0, 4, 0, 0>, ap_fixed<16, 4, 5, 3, 0>, config5>|  return value|
|ap_done      |  out|    1|  ap_ctrl_hs|  dense_latency<ap_ufixed<8, 0, 4, 0, 0>, ap_fixed<16, 4, 5, 3, 0>, config5>|  return value|
|ap_idle      |  out|    1|  ap_ctrl_hs|  dense_latency<ap_ufixed<8, 0, 4, 0, 0>, ap_fixed<16, 4, 5, 3, 0>, config5>|  return value|
|ap_ready     |  out|    1|  ap_ctrl_hs|  dense_latency<ap_ufixed<8, 0, 4, 0, 0>, ap_fixed<16, 4, 5, 3, 0>, config5>|  return value|
|ap_return_0  |  out|   16|  ap_ctrl_hs|  dense_latency<ap_ufixed<8, 0, 4, 0, 0>, ap_fixed<16, 4, 5, 3, 0>, config5>|  return value|
|ap_return_1  |  out|   16|  ap_ctrl_hs|  dense_latency<ap_ufixed<8, 0, 4, 0, 0>, ap_fixed<16, 4, 5, 3, 0>, config5>|  return value|
|p_read       |   in|    8|     ap_none|                                                                      p_read|        scalar|
|p_read1      |   in|    8|     ap_none|                                                                     p_read1|        scalar|
|p_read2      |   in|    8|     ap_none|                                                                     p_read2|        scalar|
|p_read3      |   in|    8|     ap_none|                                                                     p_read3|        scalar|
|p_read4      |   in|    8|     ap_none|                                                                     p_read4|        scalar|
+-------------+-----+-----+------------+----------------------------------------------------------------------------+--------------+

